W/ContextImpl( 7466): Calling a method in the system process without a qualified user: android.app.ContextImpl.startService:1699 android.content.ContextWrapper.startService:516 com.qualcomm.qcrilhook.QcRilHook.<init>:102 com.qualcomm.qti.modemtestmode.MbnAppGlobals.onCreate:29 android.app.Instrumentation.callApplicationOnCreate:1012 
I/ActivityManager(  820): hubenkui  startServiceLocked  callerApp name com.qualcomm.qti.modemtestmode
I/ActivityManager(  820): hubenkui  startServiceLocked callName com.qualcomm.qti.modemtestmode
W/ContextImpl( 7466): Calling a method in the system process without a qualified user: android.app.ContextImpl.bindService:1763 android.content.ContextWrapper.bindService:539 com.qualcomm.qcrilhook.QcRilHook.<init>:104 com.qualcomm.qti.modemtestmode.MbnAppGlobals.onCreate:29 android.app.Instrumentation.callApplicationOnCreate:1012 
D/QC_RIL_OEM_HOOK( 7466): The QcrilMsgTunnelService will be connected soon 
D/QC_RIL_OEM_HOOK( 7466): Registering for intent ACTION_UNSOL_RESPONSE_OEM_HOOK_RAW
D/DefaultReceiver( 7466): MbnTest_ Received android.intent.action.BOOT_COMPLETED
D/DefaultReceiver( 7466): MbnTest_ Mbn app version: 2.0
W/ContextImpl( 7466): Calling a method in the system process without a qualified user: android.app.ContextImpl.startService:1699 android.content.ContextWrapper.startService:516 android.content.ContextWrapper.startService:516 com.qualcomm.qti.modemtestmode.DefaultReceiver.onReceive:35 android.app.ActivityThread.handleReceiver:2642 
I/ActivityManager(  820): hubenkui  startServiceLocked  callerApp name com.qualcomm.qti.modemtestmode
I/ActivityManager(  820): hubenkui  startServiceLocked callName com.qualcomm.qti.modemtestmode
D/BroadcastQueue(  820): hubenkui  BroadcastQueue targetProcesscom.huaqin.runtime
V/ActivityManager(  820): hubenkui isExistProcess not contains  packageNamecom.huaqin.runtime
D/BroadcastQueue(  820): hubenkui  BroadcastQueue isExistProcess  targetProcesscom.huaqin.runtime
D/BroadcastQueue(  820): hubenkui  BroadcastQueue skipfalse
D/QC_RIL_OEM_HOOK( 7466): QcrilMsgTunnelService Connected Successfully (onServiceConnected)
D/QC_RIL_OEM_HOOK( 7466): Calling onQcRilHookReady callback
D/MbnAppGlobals( 7466): MbnTest_ QcRilHook is ready
W/ContextImpl( 7466): Calling a method in the system process without a qualified user: android.app.ContextImpl.bindService:1763 android.content.ContextWrapper.bindService:539 com.qualcomm.qti.modemtestmode.MbnSystemService.onCreate:101 android.app.ActivityThread.handleCreateService:2794 android.app.ActivityThread.access$1800:155 
D/=SOGOU_LOG=( 3750): notifyPackageName--HotwordsController--open from notify package
I/ActivityManager(  820): Start proc 7493:com.huaqin.runtime/1000 for broadcast com.huaqin.runtime/.RuntimeTestBootReceiver
I/ActivityManager(  820): hubenkui  startServiceLocked  callerApp name com.sohu.inputmethod.sogou
I/ActivityManager(  820): hubenkui  startServiceLocked callName com.sohu.inputmethod.sogou
V/ActivityManager(  820): hubenkui  bringUpServiceLocked  r.packageName  com.sohu.inputmethod.sogou
V/ActivityManager(  820): hubenkui isExistProcess contains  packageNamecom.sohu.inputmethod.sogou
D/Environment( 7493): isExternalSdcardPrimary hasSdcard = true isSwitch = false
I/art     ( 7493): Debugger is no longer active
I/ActivityManager(  820): Start proc 7512:sogou.mobile.explorer.hotwords/u0a95 for service com.sohu.inputmethod.sogou/sogou.mobile.explorer.hotwords.entrance.SogouInputEntranceService
D/MbnSystemService( 7466): MbnTest_ Service is started
I/ActivityManager(  820): Displayed com.fineos.fileexplorer/.activity.FileExplorerMainActivity: +685ms
D/MbnSystemService( 7466): MbnTest_ EVENT_QCRIL_HOOK_READY
D/MbnAppGlobals( 7466): MbnTest_ getMbnConfig, mQcRilHookReady:true Sub:0
I/Timeline(  820): Timeline: Activity_windows_visible id: ActivityRecord{23c84d27 u0 com.fineos.fileexplorer/.activity.FileExplorerMainActivity t551} time:73426
W/ResourcesManager( 4022): Asset path '/system/framework/qcrilhook.jar' does not exist or contains no resources.
D/Environment( 7512): isExternalSdcardPrimary hasSdcard = true isSwitch = false
D/QC_RIL_OEM_HOOK( 4022): Starting QcrilMsgTunnel Service
I/ActivityManager(  820): hubenkui  startServiceLocked  callerApp name com.android.phone
I/ActivityManager(  820): hubenkui  startServiceLocked callName com.android.phone
D/CategoryItemView( 7442): category name : 
V/QC_RIL_OEM_HOOK( 7466): sendRilOemHookMsg: Outgoing Data is 514f454d484f4f4b160008000400000000000000
D/QcrilMsgTunnelIfaceManager( 5806): handleMessage what = 1
D/QC_RIL_OEM_HOOK( 4022): The QcrilMsgTunnelService will be connected soon 
D/QC_RIL_OEM_HOOK( 4022): Registering for intent ACTION_UNSOL_RESPONSE_OEM_HOOK_RAW
D/QcrilMsgTunnelSocket( 5806): [1000] > OEM_HOOK_RAW[514f454d484f4f4b160008000400000000000000]
D/PowerManagerService(  820): getScreenOffTimeoutLocked:  isTestFlag = false
D/DisplayPowerController(  820): requestPowerState: policy=BRIGHT, useProximitySensor=false, screenBrightness=102, screenAutoBrightnessAdjustment=0.0, useAutoBrightness=false, blockScreenOn=false, lowPowerMode=false, boostScreenBrightness=false, dozeScreenBrightness=-1, dozeScreenState=UNKNOWN, waitForNegativeProximity=false
D/QC_RIL_OEM_HOOK( 4022): QcrilMsgTunnelService Connected Successfully (onServiceConnected)
D/QC_RIL_OEM_HOOK( 4022): Calling onQcRilHookReady callback
D/MbnAppGlobals( 4022): MbnTest_ QcRilHook is ready
D/StatusBar.MSimNetworkController( 3496): refreshViews phoneId =0mMSimDataConnected =false
D/StatusBar.MSimNetworkController( 3496): refreshViews mMSimDataActivity =0
D/StatusBar.MSimNetworkController( 3496): refreshViews: Data not connected!! Set no data type icon / Roaming for phoneId: 0
D/StatusBar.MSimNetworkController( 3496): refreshViews connected={ wifi } level=0 mMSimcombinedSignalIconId=0x7f0203d0/com.android.systemui:drawable/stat_sys_wifi_signal_3_fully mMSimcombinedActivityIconId=0x7f0203c7 mAirplaneMode=false mMSimDataActivity=0 mMSimPhoneSignalIconId=0x7f0203b9/com.android.systemui:drawable/stat_sys_signal_null mMSimDataDirectionIconId=0x0 mMSimDataSignalIconId=0x7f0203b9 mMSimDataTypeIconId=0x0/(null) mNoMSimIconId=0x7f0200d9/com.android.systemui:drawable/ic_qs_no_sim mMSimMobileActivityIconId=0x0/(null) mWifiIconId=0x7f0203d0 mBluetoothTetherIconId=0x108069b
D/MSimSignalClusterView( 3496): wifi: VISIBLE sig=2130838480 act=2130838471
D/MSimSignalClusterView( 3496): mobile[0]: VISIBLE sig=2130838457 type=0
D/MSimSignalClusterView( 3496): wifi: VISIBLE sig=2130838480 act=2130838471
D/MSimSignalClusterView( 3496): mobile[1]: VISIBLE sig=2130838457 type=0
D/MSimSignalClusterView( 3496): wifi: VISIBLE sig=2130838480 act=2130838471
D/MSimSignalClusterView( 3496): mobile[0]: VISIBLE sig=2130838457 type=0
D/MSimSignalClusterView( 3496): wifi: VISIBLE sig=2130838480 act=2130838471
D/MSimSignalClusterView( 3496): mobile[0]: VISIBLE sig=2130838457 type=0
D/MSimSignalClusterView( 3496): wifi: VISIBLE sig=2130838480 act=2130838471
D/MSimSignalClusterView( 3496): mobile[0]: VISIBLE sig=2130838457 type=0
D/MSimSignalClusterView( 3496): wifi: VISIBLE sig=2130838480 act=2130838471
D/MSimSignalClusterView( 3496): mobile[1]: VISIBLE sig=2130838457 type=0
D/StatusBar.MSimNetworkController( 3496): refreshSignalCluster, mMSimPhoneSignalIconId[0]=com.android.systemui:drawable/stat_sys_signal_null mMSimDataSignalIconId[0]=com.android.systemui:drawable/stat_sys_signal_null mMSimDataTypeIconId[0]=(null) mMSimMobileActivityIconId[0]=(null) mNoMSimIconId[0]=com.android.systemui:drawable/ic_qs_no_sim
D/MSimSignalClusterView( 3496): wifi: VISIBLE sig=2130838480 act=2130838471
D/MSimSignalClusterView( 3496): mobile[0]: VISIBLE sig=2130838457 type=0
D/MSimSignalClusterView( 3496): wifi: VISIBLE sig=2130838480 act=2130838471
D/MSimSignalClusterView( 3496): mobile[1]: VISIBLE sig=2130838457 type=0
D/MSimSignalClusterView( 3496): wifi: VISIBLE sig=2130838480 act=2130838471
D/MSimSignalClusterView( 3496): mobile[0]: VISIBLE sig=2130838457 type=0
D/MSimSignalClusterView( 3496): wifi: VISIBLE sig=2130838480 act=2130838471
D/MSimSignalClusterView( 3496): mobile[0]: VISIBLE sig=2130838457 type=0
D/MSimSignalClusterView( 3496): wifi: VISIBLE sig=2130838480 act=2130838471
D/MSimSignalClusterView( 3496): mobile[0]: VISIBLE sig=2130838457 type=0
D/MSimSignalClusterView( 3496): wifi: VISIBLE sig=2130838480 act=2130838471
D/MSimSignalClusterView( 3496): mobile[1]: VISIBLE sig=2130838457 type=0
D/StatusBar.MSimNetworkController( 3496): refreshSignalCluster, mMSimPhoneSignalIconId[0]=com.android.systemui:drawable/stat_sys_signal_null mMSimDataSignalIconId[0]=com.android.systemui:drawable/stat_sys_signal_null mMSimDataTypeIconId[0]=(null) mMSimMobileActivityIconId[0]=(null) mNoMSimIconId[0]=com.android.systemui:drawable/ic_qs_no_sim
D/MSimSignalClusterView( 3496): wifi: VISIBLE sig=2130838480 act=2130838471
D/MSimSignalClusterView( 3496): mobile[0]: VISIBLE sig=2130838457 type=0
D/MSimSignalClusterView( 3496): wifi: VISIBLE sig=2130838480 act=2130838471
D/MSimSignalClusterView( 3496): mobile[1]: VISIBLE sig=2130838457 type=0
D/MSimSignalClusterView( 3496): wifi: VISIBLE sig=2130838480 act=2130838471
D/MSimSignalClusterView( 3496): mobile[0]: VISIBLE sig=2130838457 type=0
D/MSimSignalClusterView( 3496): wifi: VISIBLE sig=2130838480 act=2130838471
D/MSimSignalClusterView( 3496): mobile[0]: VISIBLE sig=2130838457 type=0
D/MSimSignalClusterView( 3496): wifi: VISIBLE sig=2130838480 act=2130838471
D/MSimSignalClusterView( 3496): mobile[0]: VISIBLE sig=2130838457 type=0
D/MSimSignalClusterView( 3496): wifi: VISIBLE sig=2130838480 act=2130838471
D/MSimSignalClusterView( 3496): mobile[1]: VISIBLE sig=2130838457 type=0
D/StatusBar.MSimNetworkController( 3496): refreshSignalCluster, mMSimPhoneSignalIconId[0]=com.android.systemui:drawable/stat_sys_signal_null mMSimDataSignalIconId[0]=com.android.systemui:drawable/stat_sys_signal_null mMSimDataTypeIconId[0]=(null) mMSimMobileActivityIconId[0]=(null) mNoMSimIconId[0]=com.android.systemui:drawable/ic_qs_no_sim
D/MSimSignalClusterView( 3496): wifi: VISIBLE sig=2130838480 act=2130838471
D/MSimSignalClusterView( 3496): mobile[0]: VISIBLE sig=2130838457 type=0
D/MSimSignalClusterView( 3496): wifi: VISIBLE sig=2130838480 act=2130838471
D/MSimSignalClusterView( 3496): mobile[1]: VISIBLE sig=2130838457 type=0
D/MSimSignalClusterView( 3496): wifi: VISIBLE sig=2130838480 act=2130838471
D/MSimSignalClusterView( 3496): mobile[0]: VISIBLE sig=2130838457 type=0
D/MSimSignalClusterView( 3496): wifi: VISIBLE sig=2130838480 act=2130838471
D/MSimSignalClusterView( 3496): mobile[0]: VISIBLE sig=2130838457 type=0
D/MSimSignalClusterView( 3496): wifi: VISIBLE sig=2130838480 act=2130838471
D/MSimSignalClusterView( 3496): mobile[0]: VISIBLE sig=2130838457 type=0
D/MSimSignalClusterView( 3496): wifi: VISIBLE sig=2130838480 act=2130838471
D/MSimSignalClusterView( 3496): mobile[1]: VISIBLE sig=2130838457 type=0
D/StatusBar.MSimNetworkController( 3496): refreshSignalCluster, mMSimPhoneSignalIconId[0]=com.android.systemui:drawable/stat_sys_signal_null mMSimDataSignalIconId[0]=com.android.systemui:drawable/stat_sys_signal_null mMSimDataTypeIconId[0]=(null) mMSimMobileActivityIconId[0]=(null) mNoMSimIconId[0]=com.android.systemui:drawable/ic_qs_no_sim
D/QcrilMsgTunnelSocket( 5806): readRilMessage: Buffer = [B@1cb6623e HexData = [00000000e803000002000000ffffffff]
D/QcrilMsgTunnelSocket( 5806): Rcvd SOLICITED response with 12 bytes data for SUB0
D/CategoryItemView( 7442): category name : 
W/ActivityManager(  820): getRunningAppProcesses: caller 10095 does not hold REAL_GET_TASKS; limiting output
D/CategoryItemView( 7442): category name : 
D/QcRilRequest( 5806): [1000] < OEM_HOOK_RAW error: com.android.internal.telephony.CommandException: GENERIC_FAILURE
D/QcrilMsgTunnelIfaceManager( 5806): handleMessage what = 2
D/QC_RIL_OEM_HOOK( 7466): sendOemRilRequestRaw returns value = -2
D/PowerManagerService(  820): getScreenOffTimeoutLocked:  isTestFlag = false
D/DisplayPowerController(  820): requestPowerState: policy=BRIGHT, useProximitySensor=false, screenBrightness=102, screenAutoBrightnessAdjustment=0.0, useAutoBrightness=false, blockScreenOn=false, lowPowerMode=false, boostScreenBrightness=false, dozeScreenBrightness=-1, dozeScreenState=UNKNOWN, waitForNegativeProximity=false
W/QC_RIL_OEM_HOOK( 7466): QCRIL_EVT_HOOK_GET_CONFIG failed w/ com.android.internal.telephony.CommandException: GENERIC_FAILURE
D/MbnAppGlobals( 7466): MbnTest_ getMetaInfoForConfig, mQcRilHookReady:true config:null
D/MbnSystemService( 7466): MbnTest_ Mbn ID:null Meta Info:null
D/MbnSystemService( 7466): MbnTest_ strict check, will ignore
D/wpa_supplicant( 3627): wlan0: Control interface command 'SIGNAL_POLL'
D/MbnSystemService( 7466): MbnTest_ EVENT_SERVICE_BINDED
D/=SOGOU_LOG=( 7512): onStartCommand--frist notify app--isFristNotifyApp = true
I/RuntimeTestBootReceiver( 7493): onReceive:BOOT_COMPLETED,runtimetest_reboot_ongoing:0
D/BroadcastQueue(  820): hubenkui  BroadcastQueue targetProcesscom.android.phone
V/ActivityManager(  820): hubenkui isExistProcess contains  packageNamecom.android.phone
I/ActivityManager(  820): Killing 6815:com.google.android.partnersetup/u0a21 (adj 15): empty #17
D/CategoryItemView( 7442): category name : 
D/=SOGOU_LOG=( 7512): a--frist notify app----startShortIntervalTimer--
D/CategoryItemView( 7442): category name : 
D/CategoryItemView( 7442): category name : 
D/=SOGOU_LOG=( 7512): a--Shortcut--use bitmap save in local!
D/=SOGOU_LOG=( 7512): a--Shortcut--use bitmap save in local!
D/=SOGOU_LOG=( 7512): a--Shortcut--use bitmap save in local!
D/=SOGOU_LOG=( 7512): a--Shortcut--use bitmap save in local!
D/=SOGOU_LOG=( 7512): a--Shortcut--use bitmap save in local!
V/ActivityManager(  820): hubenkui isExistProcess not contains  packageNamecom.android.providers.media
D/ActivityManager(  820): hubenkui mLruProcesses not  contains packageNamecom.android.providers.media
D/ActivityManager(  820): hubenkui mRebootBlackList  not contains packageNamecom.android.providers.media
D/=SOGOU_LOG=( 7512): a--Shortcut--use bitmap save in local!
I/ActivityManager(  820): Start proc 7540:android.process.media/u0a8 for content provider com.android.providers.media/.MediaProvider
I/ActivityManager(  820): hubenkui  startServiceLocked  callerApp name com.android.phone
I/ActivityManager(  820): hubenkui  startServiceLocked callName com.android.phone
I/ActivityManager(  820): Killing 7076:com.android.browser/u0a32 (adj 15): empty #17
I/Timeline( 7442): Timeline: Activity_idle id: android.os.BinderProxy@2577bfa1 time:73701
D/Environment( 7540): isExternalSdcardPrimary hasSdcard = true isSwitch = false
W/art     ( 7512): Suspending all threads took: 7.441ms
D/=SOGOU_LOG=( 7512): a--frist notify app-----startSendMiniPingbacks---
I/ActivityManager(  820): hubenkui  startServiceLocked  callerApp name sogou.mobile.explorer.hotwords
I/ActivityManager(  820): hubenkui  startServiceLocked callName sogou.mobile.explorer.hotwords
W/ActivityManager(  820): Unable to start service Intent { cmp=sogou.mobile.explorer/.ActivateBrowserService } U=0: not found
D/BroadcastQueue(  820): hubenkui  BroadcastQueue targetProcesscom.android.phone
V/ActivityManager(  820): hubenkui isExistProcess contains  packageNamecom.android.phone
D/PowerManagerService(  820): getScreenOffTimeoutLocked:  isTestFlag = false
D/DisplayPowerController(  820): requestPowerState: policy=BRIGHT, useProximitySensor=false, screenBrightness=102, screenAutoBrightnessAdjustment=0.0, useAutoBrightness=false, blockScreenOn=false, lowPowerMode=false, boostScreenBrightness=false, dozeScreenBrightness=-1, dozeScreenState=UNKNOWN, waitForNegativeProximity=false
V/ActivityThread( 3496): getTopLevelResources, packageName:com.fineos.fileexplorer, name:com.android.systemui, resDir:/system/priv-app/FineOSFileExplorer/FineOSFileExplorer.apk
I/ActivityManager(  820): hubenkui  startServiceLocked  callerApp name com.android.phone
I/ActivityManager(  820): hubenkui  startServiceLocked callName com.android.phone
D/BroadcastQueue(  820): hubenkui  BroadcastQueue targetProcesscom.google.android.youtube
V/ActivityManager(  820): hubenkui isExistProcess not contains  packageNamecom.google.android.youtube
D/BroadcastQueue(  820): hubenkui  BroadcastQueue isExistProcess  targetProcesscom.google.android.youtube
D/BroadcastQueue(  820): hubenkui  BroadcastQueue skipfalse
I/ActivityManager(  820): Start proc 7566:com.google.android.youtube/u0a91 for broadcast com.google.android.youtube/com.google.android.libraries.youtube.upload.service.UploadService$BootReceiver
D/Environment( 7566): isExternalSdcardPrimary hasSdcard = true isSwitch = false
I/ActivityManager(  820): hubenkui  startServiceLocked  callerApp name android.process.media
I/ActivityManager(  820): hubenkui  startServiceLocked callName android.process.media
I/SELinux ( 7540): SELinux: Loaded file_contexts from /file_contexts
E/SELinux ( 7540): SELinux:  Could not open /data/system/packages.list:  Permission denied.
W/SELinux ( 7540): SELinux:  Could not look up information for package com.android.providers.downloads, cannot restorecon cache.
E/SELinux ( 7540): SELinux: Could not set context for /data/data/com.android.providers.downloads/cache:  Permission denied
E/SQLiteLog( 7540): (283) recovered 27 frames from WAL file /data/user/0/com.android.providers.media/databases/external.db-wal
W/art     ( 7244): Suspending all threads took: 6.178ms
D/DownloadManager( 7540): Download info status: 200 visibility: 0
D/DownloadManager( 7540): Download info status: 200 visibility: 0
D/DownloadManager( 7540): Download info status: 200 visibility: 0
I/ActivityManager(  820): Killing 6882:com.google.android.videos/u0a87 (adj 15): empty #17
V/ActivityThread( 7566): getTopLevelResources, packageName:com.google.android.youtube, name:com.google.android.youtube, resDir:/system/app/YouTube/YouTube.apk
I/SurfaceFlinger(  259): FPS: 26
W/ResourcesManager( 7566): Asset path '/system/framework/com.android.media.remotedisplay.jar' does not exist or contains no resources.
W/ResourcesManager( 7566): Asset path '/system/framework/com.android.location.provider.jar' does not exist or contains no resources.
W/ActivityManager(  820): getRunningAppProcesses: caller 10091 does not hold REAL_GET_TASKS; limiting output
V/JNIHelp ( 7566): Registering com/google/android/gms/org/conscrypt/NativeCrypto's 227 native methods...
E/SQLiteLog( 7540): (1) near "(": syntax error
E/DatabaseUtils( 7540): Writing exception to parcel
E/DatabaseUtils( 7540): android.database.sqlite.SQLiteException: near "(": syntax error (code 1): , while compiling: SELECT _data FROM files WHERE ((mime_type == 'application/zip')(_data LIKE '%.rar') OR (_data LIKE '%.7z'))
E/DatabaseUtils( 7540): 	at android.database.sqlite.SQLiteConnection.nativePrepareStatement(Native Method)
E/DatabaseUtils( 7540): 	at android.database.sqlite.SQLiteConnection.acquirePreparedStatement(SQLiteConnection.java:889)
E/DatabaseUtils( 7540): 	at android.database.sqlite.SQLiteConnection.prepare(SQLiteConnection.java:500)
E/DatabaseUtils( 7540): 	at android.database.sqlite.SQLiteSession.prepare(SQLiteSession.java:588)
E/DatabaseUtils( 7540): 	at android.database.sqlite.SQLiteProgram.<init>(SQLiteProgram.java:58)
E/DatabaseUtils( 7540): 	at android.database.sqlite.SQLiteQuery.<init>(SQLiteQuery.java:37)
E/DatabaseUtils( 7540): 	at android.database.sqlite.SQLiteDirectCursorDriver.query(SQLiteDirectCursorDriver.java:44)
E/DatabaseUtils( 7540): 	at android.database.sqlite.SQLiteDatabase.rawQueryWithFactory(SQLiteDatabase.java:1316)
E/DatabaseUtils( 7540): 	at android.database.sqlite.SQLiteQueryBuilder.query(SQLiteQueryBuilder.java:400)
E/DatabaseUtils( 7540): 	at android.database.sqlite.SQLiteQueryBuilder.query(SQLiteQueryBuilder.java:333)
E/DatabaseUtils( 7540): 	at com.android.providers.media.MediaProvider.query(MediaProvider.java:2727)
E/DatabaseUtils( 7540): 	at android.content.ContentProvider.query(ContentProvider.java:1000)
E/DatabaseUtils( 7540): 	at android.content.ContentProvider$Transport.query(ContentProvider.java:214)
E/DatabaseUtils( 7540): 	at android.content.ContentProviderNative.onTransact(ContentProviderNative.java:112)
E/DatabaseUtils( 7540): 	at android.os.Binder.execTransact(Binder.java:446)
I/ProviderInstaller( 7566): Installed default security provider GmsCore_OpenSSL
E/SQLiteLog( 7540): (1) near "(": syntax error
E/DatabaseUtils( 7540): Writing exception to parcel
E/DatabaseUtils( 7540): android.database.sqlite.SQLiteException: near "(": syntax error (code 1): , while compiling: SELECT _data FROM files WHERE ((mime_type == 'application/zip')(_data LIKE '%.rar') OR (_data LIKE '%.7z'))
E/DatabaseUtils( 7540): 	at android.database.sqlite.SQLiteConnection.nativePrepareStatement(Native Method)
E/DatabaseUtils( 7540): 	at android.database.sqlite.SQLiteConnection.acquirePreparedStatement(SQLiteConnection.java:889)
E/DatabaseUtils( 7540): 	at android.database.sqlite.SQLiteConnection.prepare(SQLiteConnection.java:500)
E/DatabaseUtils( 7540): 	at android.database.sqlite.SQLiteSession.prepare(SQLiteSession.java:588)
E/DatabaseUtils( 7540): 	at android.database.sqlite.SQLiteProgram.<init>(SQLiteProgram.java:58)
E/DatabaseUtils( 7540): 	at android.database.sqlite.SQLiteQuery.<init>(SQLiteQuery.java:37)
E/DatabaseUtils( 7540): 	at android.database.sqlite.SQLiteDirectCursorDriver.query(SQLiteDirectCursorDriver.java:44)
E/DatabaseUtils( 7540): 	at android.database.sqlite.SQLiteDatabase.rawQueryWithFactory(SQLiteDatabase.java:1316)
E/DatabaseUtils( 7540): 	at android.database.sqlite.SQLiteQueryBuilder.query(SQLiteQueryBuilder.java:400)
E/DatabaseUtils( 7540): 	at android.database.sqlite.SQLiteQueryBuilder.query(SQLiteQueryBuilder.java:333)
E/DatabaseUtils( 7540): 	at com.android.providers.media.MediaProvider.query(MediaProvider.java:2727)
E/DatabaseUtils( 7540): 	at android.content.ContentProvider.query(ContentProvider.java:1000)
E/DatabaseUtils( 7540): 	at android.content.ContentProvider$Transport.query(ContentProvider.java:214)
E/DatabaseUtils( 7540): 	at android.content.ContentProviderNative.onTransact(ContentProviderNative.java:112)
E/DatabaseUtils( 7540): 	at android.os.Binder.execTransact(Binder.java:446)
E/AndroidRuntime( 7442): FATAL EXCEPTION: AsyncTask #3
E/AndroidRuntime( 7442): Process: com.fineos.fileexplorer, PID: 7442
E/AndroidRuntime( 7442): java.lang.RuntimeException: An error occured while executing doInBackground()
E/AndroidRuntime( 7442): 	at android.os.AsyncTask$3.done(AsyncTask.java:304)
E/AndroidRuntime( 7442): 	at java.util.concurrent.FutureTask.finishCompletion(FutureTask.java:355)
E/AndroidRuntime( 7442): 	at java.util.concurrent.FutureTask.setException(FutureTask.java:222)
E/AndroidRuntime( 7442): 	at java.util.concurrent.FutureTask.run(FutureTask.java:242)
E/AndroidRuntime( 7442): 	at android.os.AsyncTask$SerialExecutor$1.run(AsyncTask.java:231)
E/AndroidRuntime( 7442): 	at java.util.concurrent.ThreadPoolExecutor.runWorker(ThreadPoolExecutor.java:1112)
E/AndroidRuntime( 7442): 	at java.util.concurrent.ThreadPoolExecutor$Worker.run(ThreadPoolExecutor.java:587)
E/AndroidRuntime( 7442): 	at java.lang.Thread.run(Thread.java:818)
E/AndroidRuntime( 7442): Caused by: android.database.sqlite.SQLiteException: near "(": syntax error (code 1): , while compiling: SELECT _data FROM files WHERE ((mime_type == 'application/zip')(_data LIKE '%.rar') OR (_data LIKE '%.7z'))
E/AndroidRuntime( 7442): 	at android.database.DatabaseUtils.readExceptionFromParcel(DatabaseUtils.java:181)
E/AndroidRuntime( 7442): 	at android.database.DatabaseUtils.readExceptionFromParcel(DatabaseUtils.java:137)
E/AndroidRuntime( 7442): 	at android.content.ContentProviderProxy.query(ContentProviderNative.java:421)
E/AndroidRuntime( 7442): 	at android.content.ContentResolver.query(ContentResolver.java:478)
E/AndroidRuntime( 7442): 	at android.content.ContentResolver.query(ContentResolver.java:422)
E/AndroidRuntime( 7442): 	at com.fineos.fileexplorer.service.MediaFileInfoHelper.queryCategoryInfo(MediaFileInfoHelper.java:116)
E/AndroidRuntime( 7442): 	at com.fineos.fileexplorer.service.MediaFileInfoHelper.getMediaFileInfo(MediaFileInfoHelper.java:78)
E/AndroidRuntime( 7442): 	at com.fineos.fileexplorer.bussiness.FragmentFileStatusBussiness.searchMediaFileInfo(FragmentFileStatusBussiness.java:34)
E/AndroidRuntime( 7442): 	at com.fineos.fileexplorer.fragments.FileStatusFragment.getFileCategoryInfo(FileStatusFragment.java:326)
E/AndroidRuntime( 7442): 	at com.fineos.fileexplorer.fragments.FileStatusFragment.access$000(FileStatusFragment.java:45)
E/AndroidRuntime( 7442): 	at com.fineos.fileexplorer.fragments.FileStatusFragment$InitFileStatusTask.doInBackground(FileStatusFragment.java:353)
E/AndroidRuntime( 7442): 	at com.fineos.fileexplorer.fragments.FileStatusFragment$InitFileStatusTask.doInBackground(FileStatusFragment.java:349)
E/AndroidRuntime( 7442): 	at android.os.AsyncTask$2.call(AsyncTask.java:292)
E/AndroidRuntime( 7442): 	at java.util.concurrent.FutureTask.run(FutureTask.java:237)
E/AndroidRuntime( 7442): 	... 4 more
W/ActivityManager(  820):   Force finishing activity 1 com.fineos.fileexplorer/.activity.FileExplorerMainActivity
D/PowerManagerService(  820): getScreenOffTimeoutLocked:  isTestFlag = false
D/DisplayPowerController(  820): requestPowerState: policy=BRIGHT, useProximitySensor=false, screenBrightness=102, screenAutoBrightnessAdjustment=0.0, useAutoBrightness=false, blockScreenOn=false, lowPowerMode=false, boostScreenBrightness=false, dozeScreenBrightness=-1, dozeScreenState=UNKNOWN, waitForNegativeProximity=false
I/Process ( 7442): Sending signal. PID: 7442 SIG: 9
W/ResourcesManager( 7566): Asset path '/system/framework/com.android.media.remotedisplay.jar' does not exist or contains no resources.
W/ResourcesManager( 7566): Asset path '/system/framework/com.android.location.provider.jar' does not exist or contains no resources.
W/FineHome_Launcher( 4042): Launcher.onResume
V/ActivityThread( 4042): getTopLevelResources, packageName:com.google.android.googlequicksearchbox, name:com.fineos.launcher, resDir:/system/priv-app/Velvet/Velvet.apk
V/ActivityThread( 4042): getTopLevelResources, packageName:com.google.android.googlequicksearchbox, name:com.fineos.launcher, resDir:/system/priv-app/Velvet/Velvet.apk
V/PhoneStatusBar( 3496): setLightsOn(true)
I/Adreno-EGL( 4042): <qeglDrvAPI_eglInitialize:379>: EGL 1.4 QUALCOMM build: AU_LINUX_ANDROID_LA.BR.1.2.3_RB1.05.01.00.036.053_msm8909_LA.BR.1.2.3_RB1__release_AU (Iac7c2e2837)
I/Adreno-EGL( 4042): OpenGL ES Shader Compiler Version: E031.25.03.04
I/Adreno-EGL( 4042): Build Date: 07/14/15 Tue
I/Adreno-EGL( 4042): Local Branch: mybranch11953541
I/Adreno-EGL( 4042): Remote Branch: quic/LA.BR.1.2.3_rb1.65
I/Adreno-EGL( 4042): Local Patches: NONE
I/Adreno-EGL( 4042): Reconstruct Branch: AU_LINUX_ANDROID_LA.BR.1.2.3_RB1.05.01.00.036.053 + 7c4888a + 22ca218 + 855d166 + 95575a0 + 4193eef + 64d916f + 88f4cbe + c272012 +  NOTHING
I/OpenGLRenderer( 4042): Initialized EGL, version 1.4
E/JavaBinder(  820): !!! FAILED BINDER TRANSACTION !!!
I/WindowState(  820): WIN DEATH: Window{2b8133a5 u0 com.fineos.fileexplorer/com.fineos.fileexplorer.activity.FileExplorerMainActivity}
I/ActivityManager(  820): Process com.fineos.fileexplorer (pid 7442) has died
W/InputMethodManagerService(  820): Got RemoteException sending setActive(false) notification to pid 7442 uid 10013
D/=SOGOU_LOG=( 3750): notifyPackageName--HotwordsController--open from notify package
I/ActivityManager(  820): hubenkui  startServiceLocked  callerApp name com.sohu.inputmethod.sogou
I/ActivityManager(  820): hubenkui  startServiceLocked callName com.sohu.inputmethod.sogou
D/=SOGOU_LOG=( 7512): onStartCommand--frist notify app--isFristNotifyApp = false
V/RenderScript( 4042): Application requested CPU execution
V/RenderScript( 4042): 0xb74fa798 Launching thread(s), CPUs 4
I/Timeline( 4042): Timeline: Activity_idle id: android.os.BinderProxy@346d7b9c time:74554
D/PowerManagerService(  820): getScreenOffTimeoutLocked:  isTestFlag = false
D/DisplayPowerController(  820): requestPowerState: policy=BRIGHT, useProximitySensor=false, screenBrightness=102, screenAutoBrightnessAdjustment=0.0, useAutoBrightness=false, blockScreenOn=false, lowPowerMode=false, boostScreenBrightness=false, dozeScreenBrightness=-1, dozeScreenState=UNKNOWN, waitForNegativeProximity=false
I/dex2oat ( 7603): /system/bin/dex2oat --runtime-arg -classpath --runtime-arg  --instruction-set=arm --instruction-set-features=div --runtime-arg -Xrelocate --boot-image=/system/framework/boot.art --dex-file=/data/data/com.google.android.youtube/cache/ads-138909787.jar --oat-fd=22 --oat-location=/data/data/com.google.android.youtube/cache/ads-138909787.dex --runtime-arg -Xms64m --runtime-arg -Xmx512m
I/dex2oat ( 7603): dex2oat took 72.554ms (threads: 4) arena alloc=198KB java alloc=12KB native alloc=1159KB free=24KB
I/Timeline(  820): Timeline: Activity_windows_visible id: ActivityRecord{22a05a1d u0 com.fineos.launcher/.Launcher t550} time:74700
W/System.err( 7566): YouTube MDX: Bogus value in shared preferences for key MdxServerSelection value , returning default value.
I/System.out( 7566): YouTube MDX: MDX video stage moved to NEW
I/System.out( 7566): YouTube MDX: MDX video player state moved to UNSTARTED
I/System.out( 7566): YouTube MDX: MDX ad player state moved to UNSTARTED
E/AudioPolicyManager(  317): unknown stream type 13
E/AudioPolicyManager(  317): unknown stream type 13
W/ActivityManager(  820): getRunningAppProcesses: caller 10091 does not hold REAL_GET_TASKS; limiting output
V/ActivityThread( 7566): getTopLevelResources, packageName:com.google.android.youtube, name:com.google.android.youtube, resDir:/system/app/YouTube/YouTube.apk
E/GooglePlayServicesUtil( 7566): GooglePlayServices not available due to error 12
I/ActivityManager(  820): hubenkui  startServiceLocked  callerApp name com.google.android.youtube
I/ActivityManager(  820): hubenkui  startServiceLocked callName com.google.android.youtube
W/OpenGLRenderer( 4042): Incorrectly called buildLayer on View: ShortcutAndWidgetContainer, destroying layer...
W/OpenGLRenderer( 4042): Incorrectly called buildLayer on View: ShortcutAndWidgetContainer, destroying layer...
D/BroadcastQueue(  820): hubenkui  BroadcastQueue targetProcesscom.google.android.youtube
V/ActivityManager(  820): hubenkui isExistProcess contains  packageNamecom.google.android.youtube
W/ActivityManager(  820): Unable to start service Intent { act=com.google.android.gms.analytics.service.START cmp=com.google.android.gms/.analytics.service.AnalyticsService (has extras) } U=0: not found
W/GAV2    ( 7286): Thread[GAThread,5,main]: Service unavailable (code=1), will retry.
I/GAV2    ( 7286): Thread[GAThread,5,main]: No campaign data found.
E/JavaBinder( 5100): *** Uncaught remote exception!  (Exceptions are not yet supported across processes.)
E/JavaBinder( 5100): java.lang.RuntimeException: android.os.RemoteException
E/JavaBinder( 5100): 	at android.os.Parcel.writeException(Parcel.java:1446)
E/JavaBinder( 5100): 	at android.os.Binder.execTransact(Binder.java:452)
E/JavaBinder( 5100): Caused by: android.os.RemoteException
E/JavaBinder( 5100): 	at com.google.android.gms.ads.identifier.service.b.a(SourceFile:77)
E/JavaBinder( 5100): 	at com.google.android.gms.ads.identifier.a.e.onTransact(SourceFile:63)
E/JavaBinder( 5100): 	at android.os.Binder.execTransact(Binder.java:446)
I/ActivityManager(  820): hubenkui  startServiceLocked  callerApp name com.google.android.youtube
I/ActivityManager(  820): hubenkui  startServiceLocked callName com.google.android.youtube
I/SurfaceFlinger(  259): FPS: 15
I/ActivityManager(  820): hubenkui  startServiceLocked  callerApp name com.google.android.youtube
I/ActivityManager(  820): hubenkui  startServiceLocked callName com.google.android.youtube
I/ActivityManager(  820): hubenkui  startServiceLocked  callerApp name com.google.android.youtube
I/ActivityManager(  820): hubenkui  startServiceLocked callName com.google.android.youtube
D/BroadcastQueue(  820): hubenkui  BroadcastQueue targetProcesscom.google.android.youtube
V/ActivityManager(  820): hubenkui isExistProcess contains  packageNamecom.google.android.youtube
D/BroadcastQueue(  820): hubenkui  BroadcastQueue targetProcesscom.qualcomm.telephony
V/ActivityManager(  820): hubenkui isExistProcess contains  packageNamecom.qualcomm.telephony
E/GoogleConversionReporter( 7566): Error sending ping
E/GoogleConversionReporter( 7566): org.apache.http.conn.HttpHostConnectException: Connection to https://www.googleadservices.com refused
E/GoogleConversionReporter( 7566): 	at org.apache.http.impl.conn.DefaultClientConnectionOperator.openConnection(DefaultClientConnectionOperator.java:188)
E/GoogleConversionReporter( 7566): 	at org.apache.http.impl.conn.AbstractPoolEntry.open(AbstractPoolEntry.java:169)
E/GoogleConversionReporter( 7566): 	at org.apache.http.impl.conn.AbstractPooledConnAdapter.open(AbstractPooledConnAdapter.java:124)
E/GoogleConversionReporter( 7566): 	at org.apache.http.impl.client.DefaultRequestDirector.execute(DefaultRequestDirector.java:365)
E/GoogleConversionReporter( 7566): 	at org.apache.http.impl.client.AbstractHttpClient.execute(AbstractHttpClient.java:560)
E/GoogleConversionReporter( 7566): 	at org.apache.http.impl.client.AbstractHttpClient.execute(AbstractHttpClient.java:492)
E/GoogleConversionReporter( 7566): 	at org.apache.http.impl.client.AbstractHttpClient.execute(AbstractHttpClient.java:470)
E/GoogleConversionReporter( 7566): 	at android.net.http.AndroidHttpClient.execute(AndroidHttpClient.java:326)
E/GoogleConversionReporter( 7566): 	at afz.a(SourceFile:217)
E/GoogleConversionReporter( 7566): 	at agc.run(SourceFile:173)
E/GoogleConversionReporter( 7566): 	at java.lang.Thread.run(Thread.java:818)
E/GoogleConversionReporter( 7566): Caused by: java.net.ConnectException: failed to connect to /203.208.50.154 (port 443) after 60000ms: isConnected failed: ECONNREFUSED (Connection refused)
E/GoogleConversionReporter( 7566): 	at libcore.io.IoBridge.isConnected(IoBridge.java:238)
E/GoogleConversionReporter( 7566): 	at libcore.io.IoBridge.connectErrno(IoBridge.java:171)
E/GoogleConversionReporter( 7566): 	at libcore.io.IoBridge.connect(IoBridge.java:122)
E/GoogleConversionReporter( 7566): 	at java.net.PlainSocketImpl.connect(PlainSocketImpl.java:183)
E/GoogleConversionReporter( 7566): 	at java.net.PlainSocketImpl.connect(PlainSocketImpl.java:456)
E/GoogleConversionReporter( 7566): 	at java.net.Socket.connect(Socket.java:882)
E/GoogleConversionReporter( 7566): 	at org.apache.http.conn.scheme.PlainSocketFactory.connectSocket(PlainSocketFactory.java:124)
E/GoogleConversionReporter( 7566): 	at org.apache.http.impl.conn.DefaultClientConnectionOperator.openConnection(DefaultClientConnectionOperator.java:149)
E/GoogleConversionReporter( 7566): 	... 10 more
E/GoogleConversionReporter( 7566): Caused by: android.system.ErrnoException: isConnected failed: ECONNREFUSED (Connection refused)
E/GoogleConversionReporter( 7566): 	at libcore.io.IoBridge.isConnected(IoBridge.java:223)
E/GoogleConversionReporter( 7566): 	... 17 more
I/ActivityManager(  820): Killing 6556:com.android.providers.calendar/u0a3 (adj 15): empty #17
W/ResourcesManager( 5779): Asset path '/system/framework/qcrilhook.jar' does not exist or contains no resources.
D/DormancyReceiver( 5779): Received Unexpected Intent Intent { act=android.intent.action.BOOT_COMPLETED flg=0x8000010 cmp=com.qualcomm.fastdormancy/.FastDormancyReceiver (has extras) }
D/BroadcastQueue(  820): hubenkui  BroadcastQueue targetProcesscom.qualcomm.qcrilmsgtunnel
V/ActivityManager(  820): hubenkui isExistProcess contains  packageNamecom.qualcomm.qcrilmsgtunnel
I/ActivityManager(  820): hubenkui  startServiceLocked  callerApp name com.qualcomm.qcrilmsgtunnel
I/ActivityManager(  820): hubenkui  startServiceLocked callName com.qualcomm.qcrilmsgtunnel
D/QcrilMsgTunnelAutoboot( 5806): ComponentInfo{com.qualcomm.qcrilmsgtunnel/com.qualcomm.qcrilmsgtunnel.QcrilMsgTunnelService} started successfully
D/BroadcastQueue(  820): hubenkui  BroadcastQueue targetProcesscom.android.phone
V/ActivityManager(  820): hubenkui isExistProcess contains  packageNamecom.android.phone
V/XDivert ( 4022): Action intent recieved:Intent { act=android.intent.action.BOOT_COMPLETED flg=0x8000010 cmp=com.qti.xdivert/.XDivert (has extras) }
D/XDivertUtility( 4022): init...
D/XDivertUtility( 4022): onCreate()...
D/BroadcastQueue(  820): hubenkui  BroadcastQueue targetProcesscom.qualcomm.telephony
V/ActivityManager(  820): hubenkui isExistProcess contains  packageNamecom.qualcomm.telephony
I/ActivityManager(  820): Start proc 7670:com.qualcomm.telephony/1001 for broadcast org.codeaurora.ims/com.qualcomm.ims.csvt.CsvtServiceAutoboot
D/Environment( 7670): isExternalSdcardPrimary hasSdcard = true isSwitch = false
I/art     ( 7670): Debugger is no longer active
V/ActivityThread( 3496): getTopLevelResources, packageName:com.fineos.fileexplorer, name:com.android.systemui, resDir:/system/priv-app/FineOSFileExplorer/FineOSFileExplorer.apk
W/ResourceType( 3496): No package identifier when getting value for resource number 0x00000000
W/PackageManager( 3496): Failure retrieving resources for com.fineos.fileexplorer: Resource ID #0x0
V/ActivityThread( 3496): getTopLevelResources, packageName:com.fineos.fileexplorer, name:com.android.systemui, resDir:/system/priv-app/FineOSFileExplorer/FineOSFileExplorer.apk
I/CsvtService AutoBoot( 7670): Received boot complete.CsvtEnabled = false
W/BroadcastQueue(  820): Permission Denial: receiving Intent { act=android.intent.action.BOOT_COMPLETED flg=0x8000010 (has extras) } to com.sohu.inputmethod.sogou/com.sohu.inputmethod.settings.status.BootCompletedReceiver requires android.permission.RECEIVE_BOOT_COMPLETED due to sender null (uid 1000)
D/BroadcastQueue(  820): hubenkui  BroadcastQueue targetProcesscom.sohu.inputmethod.sogou
I/ActivityManager(  820): Killing 7100:com.qualcomm.qti.calendarlocalaccount/u0a34 (adj 15): empty #17
W/BroadcastQueue(  820): Permission Denial: receiving Intent { act=android.intent.action.BOOT_COMPLETED flg=0x8000010 (has extras) } to com.sohu.inputmethod.sogou/com.sogou.androidtool.downloads.DownloadReceiver requires android.permission.RECEIVE_BOOT_COMPLETED due to sender null (uid 1000)
D/BroadcastQueue(  820): hubenkui  BroadcastQueue targetProcesscom.sohu.inputmethod.sogou:classic
W/BroadcastQueue(  820): Permission Denial: receiving Intent { act=android.intent.action.BOOT_COMPLETED flg=0x8000010 (has extras) } to com.sohu.inputmethod.sogou/com.sogou.androidtool.sdk.downloads.DownloadReceiver requires android.permission.RECEIVE_BOOT_COMPLETED due to sender null (uid 1000)
D/BroadcastQueue(  820): hubenkui  BroadcastQueue targetProcesscom.sohu.inputmethod.sogou
W/BroadcastQueue(  820): Permission Denial: receiving Intent { act=android.intent.action.BOOT_COMPLETED flg=0x8000010 (has extras) } to com.sohu.inputmethod.sogou/com.sogou.udp.push.SystemReceiver requires android.permission.RECEIVE_BOOT_COMPLETED due to sender null (uid 1000)
D/BroadcastQueue(  820): hubenkui  BroadcastQueue targetProcesscom.sohu.inputmethod.sogou
D/BroadcastQueue(  820): hubenkui  BroadcastQueue targetProcesscom.baidu.appsearch
V/ActivityManager(  820): hubenkui isExistProcess contains  packageNamecom.baidu.appsearch
I/ActivityManager(  820): hubenkui  startServiceLocked  callerApp name com.baidu.appsearch
I/ActivityManager(  820): hubenkui  startServiceLocked callName com.baidu.appsearch
D/BroadcastQueue(  820): hubenkui  BroadcastQueue targetProcesscom.baidu.appsearch:bdservice_v1
V/ActivityManager(  820): hubenkui isExistProcess contains  packageNamecom.baidu.appsearch:bdservice_v1
I/PushServiceReceiver( 6360): start PushSerevice for by android.intent.action.BOOT_COMPLETED
D/BroadcastQueue(  820): hubenkui  BroadcastQueue targetProcesscom.baidu.appsearch:bdmoservice
V/ActivityManager(  820): hubenkui isExistProcess contains  packageNamecom.baidu.appsearch:bdmoservice
D/BroadcastQueue(  820): hubenkui  BroadcastQueue targetProcesscom.baidu.appsearch
V/ActivityManager(  820): hubenkui isExistProcess contains  packageNamecom.baidu.appsearch
I/ActivityManager(  820): hubenkui  startServiceLocked  callerApp name com.baidu.appsearch:bdmoservice
I/ActivityManager(  820): hubenkui  startServiceLocked callName com.baidu.appsearch:bdmoservice
W/art     ( 7328): Suspending all threads took: 7.406ms
W/Moplus  ( 6402): [main: null:-1 onServiceStartCommand ] -- onStartCommand at com.baidu.appsearch
I/ActivityManager(  820): hubenkui  startServiceLocked  callerApp name com.baidu.appsearch
I/ActivityManager(  820): hubenkui  startServiceLocked callName com.baidu.appsearch
D/BroadcastQueue(  820): hubenkui  BroadcastQueue targetProcesscom.baidu.appsearch
V/ActivityManager(  820): hubenkui isExistProcess contains  packageNamecom.baidu.appsearch
I/ActivityManager(  820): hubenkui  startServiceLocked  callerApp name com.baidu.appsearch:bdservice_v1
I/ActivityManager(  820): hubenkui  startServiceLocked callName com.baidu.appsearch:bdservice_v1
I/ActivityManager(  820): hubenkui  startServiceLocked  callerApp name com.baidu.appsearch
I/ActivityManager(  820): hubenkui  startServiceLocked callName com.baidu.appsearch
D/BroadcastQueue(  820): hubenkui  BroadcastQueue targetProcesscom.tencent.qqmusic
V/ActivityManager(  820): hubenkui isExistProcess contains  packageNamecom.tencent.qqmusic
I/ActivityManager(  820): Start proc 7695:com.tencent.qqmusic/u0a97 for broadcast com.tencent.qqmusic/.BootBroadcastReceiver
D/Environment( 7695): isExternalSdcardPrimary hasSdcard = true isSwitch = false
I/MultiDex( 7695): VM with version 2.1.0 has multidex support
I/MultiDex( 7695): install
I/MultiDex( 7695): VM has multidex support, MultiDex support library is disabled.
I/pisa    ( 7695): load dex costs 3
I/dolly   ( 7695): musicapplication oncreate
W/ActivityManager(  820): getRunningAppProcesses: caller 10097 does not hold REAL_GET_TASKS; limiting output
I/ActivityManager(  820): hubenkui  startServiceLocked  callerApp name com.baidu.appsearch
I/ActivityManager(  820): hubenkui  startServiceLocked callName com.baidu.appsearch
D/FileOutputNew( 7695): path = /storage/emulated/0/qqmusic/log/
W/ActivityManager(  820): getRunningAppProcesses: caller 10096 does not hold REAL_GET_TASKS; limiting output
E/MLog    ( 7695): programStart :com.tencent.qqmusic,com.tencent.qqmusic.d.a@58ae89f
D/LogPoint( 7695): app#start-0|app start|<75888816949>
I/dolly   ( 7695): app 5
W/ActivityManager(  820): getRunningAppProcesses: caller 10096 does not hold REAL_GET_TASKS; limiting output
I/ActivityManager(  820): hubenkui  startServiceLocked  callerApp name com.tencent.qqmusic
I/ActivityManager(  820): hubenkui  startServiceLocked callName com.tencent.qqmusic
D/BroadcastQueue(  820): hubenkui  BroadcastQueue targetProcesscom.tencent.qqmusic:QQPlayerService
V/ActivityManager(  820): hubenkui isExistProcess not contains  packageNamecom.tencent.qqmusic:QQPlayerService
D/BroadcastQueue(  820): hubenkui  BroadcastQueue isExistProcess  targetProcesscom.tencent.qqmusic:QQPlayerService
D/BroadcastQueue(  820): hubenkui  BroadcastQueue skipfalse
I/ActivityManager(  820): Start proc 7717:com.tencent.qqmusic:QQPlayerService/u0a97 for broadcast com.tencent.qqmusic/.business.ford.AppLinkReceiver
D/Environment( 7717): isExternalSdcardPrimary hasSdcard = true isSwitch = false
I/art     (  343): Explicit concurrent mark sweep GC freed 709(30KB) AllocSpace objects, 0(0B) LOS objects, 89% free, 114KB/1138KB, paused 256us total 26.388ms
D/WifiService(  820): New client listening to asynchronous messages
I/art     (  343): Explicit concurrent mark sweep GC freed 5(160B) AllocSpace objects, 0(0B) LOS objects, 89% free, 114KB/1138KB, paused 248us total 19.354ms
I/art     (  343): Explicit concurrent mark sweep GC freed 5(160B) AllocSpace objects, 0(0B) LOS objects, 89% free, 114KB/1138KB, paused 246us total 18.576ms
D/Notification( 7695): package name=com.tencent.qqmusic
D/Notification( 7695): mUseChronometer = false
I/MultiDex( 7717): VM with version 2.1.0 has multidex support
I/MultiDex( 7717): install
I/MultiDex( 7717): VM has multidex support, MultiDex support library is disabled.
I/pisa    ( 7717): load dex costs 3
I/dolly   ( 7717): musicapplication oncreate
W/ActivityManager(  820): getRunningAppProcesses: caller 10097 does not hold REAL_GET_TASKS; limiting output
I/SurfaceFlinger(  259): FPS: 2
D/FileOutputNew( 7717): path = /storage/emulated/0/qqmusic/log/
E/MLog    ( 7717): programStart :com.tencent.qqmusic:QQPlayerService,com.tencent.qqmusic.d.a@58ae89f
D/LogPoint( 7717): app#start-0|app start|<76174565907>
I/dolly   ( 7717): app 5
W/ActivityManager(  820): getRunningAppProcesses: caller 10097 does not hold REAL_GET_TASKS; limiting output
I/ActivityManager(  820): hubenkui  startServiceLocked  callerApp name com.tencent.qqmusic:QQPlayerService
I/ActivityManager(  820): hubenkui  startServiceLocked callName com.tencent.qqmusic:QQPlayerService
I/WnsApiManager( 7717): wns inited:mAppBackground:true
W/tyrael  ( 7717): dispatchApplicationEnterBackground:cloudwns.s.b@38ffadec
I/WnsUidBindManager( 7717): sIsWnsReady:false
W/art     ( 7695): Suspending all threads took: 8.028ms
W/eup     ( 7717): 'setLogAble(boolean)' is true , so running in debug model , close it when you release!
D/eup     ( 7717): rqdp{  init cominfo}
I/eup     ( 7717): rqdp{  version:} 5.6.0.19
W/ActivityManager(  820): getRunningAppProcesses: caller 10097 does not hold REAL_GET_TASKS; limiting output
D/eup     ( 7717): set sha1 5.6.0.19276
D/eup     ( 7717): setsofile libTxCodec_neon.so armeabi c47ee08f2acb9afe9d6f386f3b923516b05468f8
D/eup     ( 7717): setsofile libmresearch.so armeabi 7399f79660db8aafd028113d65060480373813bd
D/eup     ( 7717): setsofile libFormatDetector.so armeabi ce98b51d1a1f882572e3acaa0039d4d1c1ddf143
D/eup     ( 7717): setsofile libsearch.so armeabi 205ebffad915fe3fe809fa60a120d5e8bfa862f6
D/eup     ( 7717): setsofile libtmfe30.so armeabi bdaf4a86046b9a43948106f013e931857c689cd3
D/eup     ( 7717): setsofile libsta_jni.so armeabi c481725f3c498bb59d2b1b5578775687777a7d2c
D/eup     ( 7717): setsofile libckeygenerator.so armeabi 52795e793ff5d1ae9596263f9b990e493c3a3bf1
D/eup     ( 7717): setsofile libfingerprintV2jni.so armeabi a565c837fc539e7e8de98eb9e9c31af7fa26aa44
D/eup     ( 7717): setsofile libWXVoice.so armeabi 52dd89487aea3289b5c06837f9d32c8496a31660
D/eup     ( 7717): setsofile libfingerprintjni.so armeabi 13c223e315a7edd34ff27a48dfd82da8a508a3bf
D/eup     ( 7717): setsofile libdesdecrypt.so armeabi 945d63ce54c8fce706811314eedd1090db91656d
D/eup     ( 7717): setsofile libvad.so armeabi ea891f09f33b0340fead5b0c7a87265804a3307c
D/eup     ( 7717): setsofile libnetworkbase.so armeabi a0e8db20a0c33ab4ec13a667431ff64ba5f4f52c
D/eup     ( 7717): setsofile libMMANDKSignature.so armeabi 548fc332f1d7d7b27a10679f58cd874753e651ae
D/eup     ( 7717): setsofile libwtecdh.so armeabi c7063df20f11590003ceac47581347dac3938ea6
D/eup     ( 7717): setsofile libckey.so armeabi d800c5f033823b739b41a67cca48824c6822d7a1
D/eup     ( 7717): setsofile libpbpinyin.so armeabi 8671c35252282defa7f80e555b636fe91dc7e5d8
D/eup     ( 7717): setsofile libTUpdateService.so armeabi da8492ebfd84b7aaa5665cd3ab3a0c7255e2116d
D/eup     ( 7717): setsofile libPlayerCore_neon.so armeabi ca1dfffe4214c18df6f511c12b125e1345e16d31
D/eup     ( 7717): setsofile libNativeRQD.so armeabi de7770d2256ec71a458afdd58344a85c9784e518
D/eup     ( 7717): setsofile libupnp-jni.so armeabi 47264e04806cc0ff4accb8fe7f12142a3be5538a
D/eup     ( 7717): setsofile libwnsnetwork.so armeabi 9dc03eb11972e16db00f227d96338950086fcf6b
D/eup     ( 7717): setsofile libfilescanner.so armeabi e0a424fddd78fb1ee51cfe7eb47f861e9566f651
D/eup     ( 7717): setsofile libh.so armeabi ba2ff2c65d7aac33aa94abc40ea0af796b43ba05
D/eup     ( 7717): setsofile libexpress_verify.so armeabi 13e8bff86adc911125c78bcea93c6fdb0c537660
D/eup     ( 7717): setsofile libQPlayAuto.so armeabi 28f09826f671a6217423fc9a9ecfcb74aa46b139
D/eup     ( 7717): setsofile libSongUrlFactory.so armeabi 372fe054c2427076f2970f8a446aaa8801846806
D/eup     ( 7717): setted so count 27
D/eup     ( 7717): rqdp{  create uphandler up:}true
I/eup     ( 7717): rqdp{  eup create instance}
D/eup     ( 7717): rqdp{  cus eupstrategy} [MSNum:10 ,Wifi:10,GPRS:3,ODay:10,isMerged:true,AfQ:false,Silent:true,mLog:300,tag:null,assert:false, interval:50, limit:60]
I/eup     ( 7717): rqdp{  mid:}3 rqdp{  change user switch} true
I/eup     ( 7717): rqdp{ eup regist}
W/linker  ( 7717): libNativeRQD.so has text relocations. This is wasting memory and prevents security hardening. Please fix.
I/eup     ( 7717): load lib sucess default!
I/eup     ( 7717): add clean task to query listener
E/art     ( 7717): No implementation found for java.lang.String com.tencent.feedback.eup.jni.NativeExceptionUpload.registNativeExceptionHandler2(java.lang.String, java.lang.String, int, int) (tried Java_com_tencent_feedback_eup_jni_NativeExceptionUpload_registNativeExceptionHandler2 and Java_com_tencent_feedback_eup_jni_NativeExceptionUpload_registNativeExceptionHandler2__Ljava_lang_String_2Ljava_lang_String_2II)
W/eup     ( 7717): regist fail:No implementation found for java.lang.String com.tencent.feedback.eup.jni.NativeExceptionUpload.registNativeExceptionHandler2(java.lang.String, java.lang.String, int, int) (tried Java_com_tencent_feedback_eup_jni_NativeExceptionUpload_registNativeExceptionHandler2 and Java_com_tencent_feedback_eup_jni_NativeExceptionUpload_registNativeExceptionHandler2__Ljava_lang_String_2Ljava_lang_String_2II) , try old regist
I/native_eup( 7717): Java_com_tencent_feedback_eup_jni_NativeExceptionUpload_registNativeExceptionHandler start
I/native_eup( 7717): found native exception upload!
I/native_eup( 7717): found native exception handler!
I/native_eup( 7717): regist handler start procType 1 , level 22 , tombDir:/storage/emulated/0/qqmusic/eup/
I/native_eup( 7717): registSignal start
I/native_eup( 7717): registSignal end
