D/BroadcastQueue(  820): hubenkui  BroadcastQueue targetProcesscom.google.android.talk
V/ActivityManager(  820): hubenkui isExistProcess not contains  packageNamecom.google.android.talk
D/BroadcastQueue(  820): hubenkui  BroadcastQueue isExistProcess  targetProcesscom.google.android.talk
D/BroadcastQueue(  820): hubenkui  BroadcastQueue skipfalse
I/LockScreenHQ.LockScreenAllure( 3496): mTracking=true
V/LockScreenHQ.LockScreenAllure( 3496): isWithinCamera=false
V/LockScreenHQ.LockScreenAllure( 3496): action=1
V/LockScreenHQ.LockScreenAllure( 3496): MotionEvent.ACTION_ACTION_UP Triggered
I/ActivityManager(  820): Start proc 6233:com.google.android.talk/u0a60 for broadcast com.google.android.talk/com.google.android.apps.hangouts.service.NetworkStateReceiver
V/LockScreenHQ.LockScreenAllure( 3496): appTask2=[android.app.ActivityManager$RecentTaskInfo@3a6f2e80, android.app.ActivityManager$RecentTaskInfo@3881fcb9, android.app.ActivityManager$RecentTaskInfo@1a6f28fe],appTask.size()=3
V/LockScreenHQ.LockScreenAllure( 3496): appTask.get(0).baseIntent.toString()=Intent { act=android.intent.action.MAIN cat=[android.intent.category.HOME] flg=0x10000000 cmp=com.fineos.launcher/.Launcher }
D/LockScreenHQ.LockScreenAllure( 3496): Attempting to kill com.fineos.camera,mIsExistAppOnForeground :false
D/LockScreenHQ.LockScreenAllure( 3496): mBaseIntent = Intent { act=android.intent.action.MAIN cat=[android.intent.category.HOME] flg=0x10000000 cmp=com.fineos.launcher/.Launcher }
I/Timeline( 3496): Timeline: Activity_launch_request id:com.fineos.launcher time:53642
I/ActivityManager(  820): START u0 {act=android.intent.action.MAIN cat=[android.intent.category.HOME] flg=0x10000000 cmp=com.fineos.launcher/.Launcher} from uid 10027 on display 0
E/FineHome_Launcher( 4042): onNewIntent
W/FineHome_Launcher( 4042): isreboot :true
D/FineHome_Launcher( 4042): close Folder
E/FineHome_Launcher( 4042): ---closehideapp
E/LockScreenHQ.LockSecurityView( 3496): onTrigger onGoIntoApplications, intent=null
W/FineHome_Launcher( 4042): Launcher.onResume
D/Environment( 6233): isExternalSdcardPrimary hasSdcard = true isSwitch = false
V/ActivityThread( 4042): getTopLevelResources, packageName:com.google.android.googlequicksearchbox, name:com.fineos.launcher, resDir:/system/priv-app/Velvet/Velvet.apk
V/LockScreenHQ.LockSecurityView( 3496): goToUnlockScreen(),mCallback = com.fineos.keyguard.KeyguardHostViewHQ$3@a742d6e
E/LockscreenHQ.KeyguardHostViewHQ( 3496): userActivity
D/PowerManagerService(  820): getScreenOffTimeoutLocked:  isTestFlag = false
D/DisplayPowerController(  820): requestPowerState: policy=BRIGHT, useProximitySensor=false, screenBrightness=102, screenAutoBrightnessAdjustment=0.0, useAutoBrightness=false, blockScreenOn=false, lowPowerMode=false, boostScreenBrightness=false, dozeScreenBrightness=-1, dozeScreenState=UNKNOWN, waitForNegativeProximity=false
E/LockscreenHQ.KeyguardHostViewHQ( 3496): dismiss, authenticated:false
E/LockscreenHQ.KeyguardHostViewHQ( 3496): dismiss
V/LockscreenHQ.KeyguardHostViewHQ( 3496): KeyguardHostViewHQ,dismiss mViewMediatorCallback= com.android.systemui.keyguard.KeyguardViewMediator$2@1246085f
V/LockScreenHQ.LockSecurityView( 3496): LockSecurityView,cleanUp()....
V/LockScreenHQ.LockScreenAllure( 3496): Allure,cleanUp()......
I/LockscreenHQ.KeyguardHostViewHQ( 3496): onMeasure, width:480, height:854
V/LockScreenHQ.LockScreenAllure( 3496): onLayout....
V/LockScreenHQ.LockScreenAllure( 3496): onLayout,x=0.0,y=0.0
V/LockScreenHQ.LockScreenAllure( 3496): onLayout,mTracking=false,mIsWithinCamera=falsemCameraTriggered=false
V/LockScreenHQ.LockScreenAllure( 3496): reset,mStartX2=0.0,mStartY2=0.0,mClockOrgX=100.0,mClockOrgY=140.0
V/LockScreenHQ.LockScreenAllure( 3496): onLayout....
V/LockScreenHQ.LockScreenAllure( 3496): onLayout,x=0.0,y=0.0
V/LockScreenHQ.LockScreenAllure( 3496): onLayout,mTracking=true,mIsWithinCamera=falsemCameraTriggered=false
I/LockscreenHQ.KeyguardHostViewHQ( 3496): onLayout, left:0, top:0, right:480, bottom:854
V/ActivityThread( 4042): getTopLevelResources, packageName:com.google.android.googlequicksearchbox, name:com.fineos.launcher, resDir:/system/priv-app/Velvet/Velvet.apk
I/SurfaceFlinger(  259): FPS: 45
I/LockscreenHQ.KeyguardHostViewHQ( 3496): keyguardDoneDrawing
I/art     ( 6194): System.exit called, status: 0
I/AndroidRuntime( 6194): VM exiting with result code 0, cleanup skipped.
W/FineHome_Launcher( 4042): Launcher.onPause 
W/ResourcesManager( 6233): Asset path '/system/framework/com.google.android.media.effects.jar' does not exist or contains no resources.
I/Timeline( 4042): Timeline: Activity_idle id: android.os.BinderProxy@346d7b9c time:53749
D/PowerManagerService(  820): getScreenOffTimeoutLocked:  isTestFlag = false
D/DisplayPowerController(  820): requestPowerState: policy=BRIGHT, useProximitySensor=false, screenBrightness=102, screenAutoBrightnessAdjustment=0.0, useAutoBrightness=false, blockScreenOn=false, lowPowerMode=false, boostScreenBrightness=false, dozeScreenBrightness=-1, dozeScreenState=UNKNOWN, waitForNegativeProximity=false
D/PowerManagerService(  820): getScreenOffTimeoutLocked:  isTestFlag = false
D/DisplayPowerController(  820): requestPowerState: policy=BRIGHT, useProximitySensor=false, screenBrightness=102, screenAutoBrightnessAdjustment=0.0, useAutoBrightness=false, blockScreenOn=false, lowPowerMode=false, boostScreenBrightness=false, dozeScreenBrightness=-1, dozeScreenState=UNKNOWN, waitForNegativeProximity=false
W/AudioTrack( 3496): AUDIO_OUTPUT_FLAG_FAST denied by client
E/AudioPolicyManager(  317): unknown stream type 13
E/AudioPolicyManager(  317): unknown stream type 13
E/AudioPolicyManager(  317): unknown stream type 13
E/AudioPolicyManager(  317): unknown stream type 13
E/AudioPolicyManager(  317): unknown stream type 13
E/AudioPolicyManager(  317): unknown stream type 13
E/AudioPolicyManager(  317): unknown stream type 13
E/AudioPolicyManager(  317): unknown stream type 13
E/AudioPolicyManager(  317): unknown stream type 13
D/PhoneStatusBar( 3496): disable: < expand ICONS alerts SYSTEM_INFO back HOME RECENT clock SEARCH >
D/audio_hw_primary(  317): start_output_stream: enter: stream(0xb8233bf0)usecase(1: low-latency-playback) devices(0x2)
D/audio_hw_primary(  317): select_devices: out_snd_device(2: speaker) in_snd_device(0: )
D/hardware_info(  317): hw_info_append_hw_type : device_name = speaker
I/soundtrigger(  317): audio_extn_sound_trigger_update_device_status: device 0x2 of type 0 for Event 1, with Raise=0
V/LockScreenHQ.ZipLoader( 3496): getConfigXmlInputStream,xmlfilename=customlock.xml
V/LockScreenHQ.ZipLoader( 3496): getConfigXmlInputStream,zipFile=java.util.zip.ZipFile@36d8b2ac,zipEntry=customlock.xml
V/LockScreenHQ.ZipLoader( 3496): getXMLResourceParser,is=java.util.zip.ZipFile$ZipInflaterInputStream@3dbcab75
V/LockScreenHQ.ZipLoader( 3496): getCurrentLockTheme,parser=org.kxml2.io.KXmlParser@1710d70a
V/LockScreenHQ.ZipLoader( 3496): getCurrentLockTheme,tagName=Lockscreen
V/LockScreenHQ.ZipLoader( 3496): getCurrentLockTheme,lockType=allure
W/audio_hw_utils(  317): audio_extn_utils_update_stream_app_type_cfg: App type could not be selected. Falling back to default
I/audio_hw_primary(  317): select_devices Selected apptype: 69936
D/soundtrigger(  317): audio_extn_sound_trigger_update_stream_status: uc_id 1 of type 0 for Event 3, with Raise=0
D/ACDB-LOADER(  317): ACDB -> send_audio_cal, acdb_id = 14, path =  0
D/ACDB-LOADER(  317): ACDB -> send_asm_topology
D/ACDB-LOADER(  317): ACDB -> ACDB_CMD_GET_AUDPROC_STREAM_TOPOLOGY_ID
D/ACDB-LOADER(  317): ACDB -> send_adm_topology
D/ACDB-LOADER(  317): ACDB -> ACDB_CMD_GET_AUDPROC_COMMON_TOPOLOGY_ID
D/ACDB-LOADER(  317): ACDB -> send_audtable
D/ACDB-LOADER(  317): ACDB -> ACDB_CMD_GET_AUDPROC_COMMON_TABLE
D/ACDB-LOADER(  317): ACDB -> AUDIO_SET_AUDPROC_CAL
D/ACDB-LOADER(  317): ACDB -> send_audvoltable
D/ACDB-LOADER(  317): ACDB -> ACDB_CMD_GET_AUDPROC_GAIN_DEP_STEP_TABLE
D/ACDB-LOADER(  317): ACDB -> AUDIO_SET_AUDPROC_VOL_CAL
D/ACDB-LOADER(  317): ACDB -> send_afe_cal
D/ACDB-LOADER(  317): ACDB -> ACDB_CMD_GET_AFE_COMMON_TABLE
D/ACDB-LOADER(  317): ACDB -> AUDIO_SET_AFE_CAL
D/ACDB-LOADER(  317): ACDB -> send_hw_delay : acdb_id = 14 path = 0
D/ACDB-LOADER(  317): ACDB -> ACDB_AVSYNC_INFO: ACDB_CMD_GET_DEVICE_PROPERTY
I/audio_hw_utils(  317): audio_extn_utils_send_app_type_cfg app_type 69936, acdb_dev_id 14, sample_rate 48000
D/audio_hw_primary(  317): select_devices: done
V/FineOSUtilities( 3496): mLockType: allure,isKeyguardSecure():false
V/PanelView( 3496): isKeyguardShowing:false
V/LockScreenHQ.ZipLoader( 3496): getConfigXmlInputStream,xmlfilename=customlock.xml
I/ActivityManager(  820): Process com.adups.fota.sysoper (pid 6194) has died
V/LockScreenHQ.ZipLoader( 3496): getConfigXmlInputStream,zipFile=java.util.zip.ZipFile@f6ccb7b,zipEntry=customlock.xml
V/LockScreenHQ.ZipLoader( 3496): getXMLResourceParser,is=java.util.zip.ZipFile$ZipInflaterInputStream@13744d98
V/LockScreenHQ.ZipLoader( 3496): getCurrentLockTheme,parser=org.kxml2.io.KXmlParser@13b989f1
V/LockScreenHQ.ZipLoader( 3496): getCurrentLockTheme,tagName=Lockscreen
V/LockScreenHQ.ZipLoader( 3496): getCurrentLockTheme,lockType=allure
W/art     ( 4333): Suspending all threads took: 7.251ms
V/FineOSUtilities( 3496): mLockType: allure,isKeyguardSecure():false
V/PanelView( 3496): updateQsState(),mKeyguardShowing = false, keyguard = com.fineos.keyguard.KeyguardHostViewHQ{2a630c0f V.E..... ........ 0,0-480,854} ,mQsExpanded :false,mQsFullyExpandedfalse
V/PanelView( 3496): mStackScrollerOverscrolling :false,mKeyguardShowing:false,mQsExpanded:false,mStatusBarState:0
V/LockScreenHQ.ZipLoader( 3496): getConfigXmlInputStream,xmlfilename=customlock.xml
V/LockScreenHQ.ZipLoader( 3496): getConfigXmlInputStream,zipFile=java.util.zip.ZipFile@f6d59d6,zipEntry=customlock.xml
V/LockScreenHQ.ZipLoader( 3496): getXMLResourceParser,is=java.util.zip.ZipFile$ZipInflaterInputStream@3472a457
V/LockScreenHQ.ZipLoader( 3496): getCurrentLockTheme,parser=org.kxml2.io.KXmlParser@352cab44
V/LockScreenHQ.ZipLoader( 3496): getCurrentLockTheme,tagName=Lockscreen
V/LockScreenHQ.ZipLoader( 3496): getCurrentLockTheme,lockType=allure
V/FineOSUtilities( 3496): mLockType: allure,isKeyguardSecure():false
V/LockScreenHQ.ZipLoader( 3496): getConfigXmlInputStream,xmlfilename=customlock.xml
V/LockScreenHQ.ZipLoader( 3496): getConfigXmlInputStream,zipFile=java.util.zip.ZipFile@3acbd42d,zipEntry=customlock.xml
V/LockScreenHQ.ZipLoader( 3496): getXMLResourceParser,is=java.util.zip.ZipFile$ZipInflaterInputStream@2b3d3d62
V/LockScreenHQ.ZipLoader( 3496): getCurrentLockTheme,parser=org.kxml2.io.KXmlParser@2d932ef3
V/LockScreenHQ.ZipLoader( 3496): getCurrentLockTheme,tagName=Lockscreen
V/LockScreenHQ.ZipLoader( 3496): getCurrentLockTheme,lockType=allure
V/FineOSUtilities( 3496): mLockType: allure,isKeyguardSecure():false
V/LockScreenHQ.ZipLoader( 3496): getConfigXmlInputStream,xmlfilename=customlock.xml
V/LockScreenHQ.ZipLoader( 3496): getConfigXmlInputStream,zipFile=java.util.zip.ZipFile@2eb37b0,zipEntry=customlock.xml
V/LockScreenHQ.ZipLoader( 3496): getXMLResourceParser,is=java.util.zip.ZipFile$ZipInflaterInputStream@2b3e8629
V/LockScreenHQ.ZipLoader( 3496): getCurrentLockTheme,parser=org.kxml2.io.KXmlParser@2335cdae
V/LockScreenHQ.ZipLoader( 3496): getCurrentLockTheme,tagName=Lockscreen
V/LockScreenHQ.ZipLoader( 3496): getCurrentLockTheme,lockType=allure
V/FineOSUtilities( 3496): mLockType: allure,isKeyguardSecure():false
V/LockScreenHQ.ZipLoader( 3496): getConfigXmlInputStream,xmlfilename=customlock.xml
V/LockScreenHQ.ZipLoader( 3496): getConfigXmlInputStream,zipFile=java.util.zip.ZipFile@2527c74f,zipEntry=customlock.xml
V/LockScreenHQ.ZipLoader( 3496): getXMLResourceParser,is=java.util.zip.ZipFile$ZipInflaterInputStream@26c41edc
V/LockScreenHQ.ZipLoader( 3496): getCurrentLockTheme,parser=org.kxml2.io.KXmlParser@3d105be5
V/LockScreenHQ.ZipLoader( 3496): getCurrentLockTheme,tagName=Lockscreen
V/LockScreenHQ.ZipLoader( 3496): getCurrentLockTheme,lockType=allure
W/art     ( 5889): Suspending all threads took: 20.145ms
V/FineOSUtilities( 3496): mLockType: allure,isKeyguardSecure():false
V/LockScreenHQ.ZipLoader( 3496): getConfigXmlInputStream,xmlfilename=customlock.xml
V/LockScreenHQ.ZipLoader( 3496): getConfigXmlInputStream,zipFile=java.util.zip.ZipFile@341516ba,zipEntry=customlock.xml
V/LockScreenHQ.ZipLoader( 3496): getXMLResourceParser,is=java.util.zip.ZipFile$ZipInflaterInputStream@27c3896b
V/LockScreenHQ.ZipLoader( 3496): getCurrentLockTheme,parser=org.kxml2.io.KXmlParser@35e24cc8
V/LockScreenHQ.ZipLoader( 3496): getCurrentLockTheme,tagName=Lockscreen
V/LockScreenHQ.ZipLoader( 3496): getCurrentLockTheme,lockType=allure
V/FineOSUtilities( 3496): mLockType: allure,isKeyguardSecure():false
V/PhoneStatusBar( 3496): hasArtWork :false,mState:0
V/LockScreenHQ.ZipLoader( 3496): getConfigXmlInputStream,xmlfilename=customlock.xml
V/LockScreenHQ.ZipLoader( 3496): getConfigXmlInputStream,zipFile=java.util.zip.ZipFile@f6fd161,zipEntry=customlock.xml
V/LockScreenHQ.ZipLoader( 3496): getXMLResourceParser,is=java.util.zip.ZipFile$ZipInflaterInputStream@366de486
V/LockScreenHQ.ZipLoader( 3496): getCurrentLockTheme,parser=org.kxml2.io.KXmlParser@2e0f5147
V/LockScreenHQ.ZipLoader( 3496): getCurrentLockTheme,tagName=Lockscreen
V/LockScreenHQ.ZipLoader( 3496): getCurrentLockTheme,lockType=allure
V/FineOSUtilities( 3496): mLockType: allure,isKeyguardSecure():false
D/BluetoothAdapter( 3496): 144333261: getState() :  mService = null. Returning STATE_OFF
D/BluetoothAdapter( 3496): 144333261: getState() :  mService = null. Returning STATE_OFF
V/LockScreenHQ.ZipLoader( 3496): getConfigXmlInputStream,xmlfilename=customlock.xml
V/LockScreenHQ.ZipLoader( 3496): getConfigXmlInputStream,zipFile=java.util.zip.ZipFile@2b336d74,zipEntry=customlock.xml
V/LockScreenHQ.ZipLoader( 3496): getXMLResourceParser,is=java.util.zip.ZipFile$ZipInflaterInputStream@2bf7229d
V/LockScreenHQ.ZipLoader( 3496): getCurrentLockTheme,parser=org.kxml2.io.KXmlParser@2733c312
V/LockScreenHQ.ZipLoader( 3496): getCurrentLockTheme,tagName=Lockscreen
V/LockScreenHQ.ZipLoader( 3496): getCurrentLockTheme,lockType=allure
V/FineOSUtilities( 3496): mLockType: allure,isKeyguardSecure():false
E/LockscreenHQ.KeyguardHostViewHQ( 3496): cleanUpHQ
D/LockScreenHQ.LockSecurityView( 3496): onPause this=com.fineos.keyguard.client.LockScreenAllure{12f1bd41 VFE..... ........ 0,0-480,854}, hdmiPortraitEnable disable done
V/LockScreenHQ.LockSecurityView( 3496): setKeyguardCallback,mCallback :null
V/LockScreenHQ.LockSecurityView( 3496): LockSecurityView,cleanUp()....
V/LockScreenHQ.LockScreenAllure( 3496): Allure,cleanUp()......
W/FineHome_Launcher( 4042): Launcher.onResume
V/PanelView( 3496): isKeyguardShowing:false
V/LockScreenHQ.ZipLoader( 3496): getConfigXmlInputStream,xmlfilename=customlock.xml
V/LockScreenHQ.ZipLoader( 3496): getConfigXmlInputStream,zipFile=java.util.zip.ZipFile@2865bae3,zipEntry=customlock.xml
V/LockScreenHQ.ZipLoader( 3496): getXMLResourceParser,is=java.util.zip.ZipFile$ZipInflaterInputStream@20d3ece0
V/LockScreenHQ.ZipLoader( 3496): getCurrentLockTheme,parser=org.kxml2.io.KXmlParser@21a84b99
V/LockScreenHQ.ZipLoader( 3496): getCurrentLockTheme,tagName=Lockscreen
V/LockScreenHQ.ZipLoader( 3496): getCurrentLockTheme,lockType=allure
V/ActivityThread( 4042): getTopLevelResources, packageName:com.google.android.googlequicksearchbox, name:com.fineos.launcher, resDir:/system/priv-app/Velvet/Velvet.apk
V/ActivityThread( 4042): getTopLevelResources, packageName:com.google.android.googlequicksearchbox, name:com.fineos.launcher, resDir:/system/priv-app/Velvet/Velvet.apk
V/ActivityThread(  820): getTopLevelResources, packageName:com.baidu.appsearch, name:android, resDir:/data/app/com.baidu.appsearch-1/base.apk
V/ActivityThread(  820): getTopLevelResources, packageName:com.baidu.appsearch, name:android, resDir:/data/app/com.baidu.appsearch-1/base.apk
V/FineOSUtilities( 3496): mLockType: allure,isKeyguardSecure():false
V/PanelView( 3496): updateQsState(),mKeyguardShowing = false, keyguard = com.fineos.keyguard.KeyguardHostViewHQ{2a630c0f G.E..... ......I. 0,0-480,854} ,mQsExpanded :false,mQsFullyExpandedfalse
V/PanelView( 3496): mStackScrollerOverscrolling :false,mKeyguardShowing:false,mQsExpanded:false,mStatusBarState:0
D/PhoneStatusBar( 3496): disable: < expand icons* alerts system_info* back HOME RECENT clock SEARCH >
I/Timeline( 4042): Timeline: Activity_idle id: android.os.BinderProxy@346d7b9c time:54098
D/PowerManagerService(  820): getScreenOffTimeoutLocked:  isTestFlag = false
D/DisplayPowerController(  820): requestPowerState: policy=BRIGHT, useProximitySensor=false, screenBrightness=102, screenAutoBrightnessAdjustment=0.0, useAutoBrightness=false, blockScreenOn=false, lowPowerMode=false, boostScreenBrightness=false, dozeScreenBrightness=-1, dozeScreenState=UNKNOWN, waitForNegativeProximity=false
V/LockscreenHQ.KeyguardStatusViewManagement( 3496): onKeyguardVisibilityChanged,showing=false
D/PhoneStatusBar( 3496): disable: < expand icons alerts system_info back home* recent* clock search* >
V/PhoneStatusBar( 3496): setLightsOn(true)
I/WifiHAL (  820): Poll result = 1
I/WifiHAL (  820): Found some events!!!
D/WifiHAL (  820): no_seq_check received
I/WifiHAL (  820): event received NL80211_CMD_NEW_SCAN_RESULTS
I/WifiHAL (  820): event received NL80211_CMD_NEW_SCAN_RESULTS, vendor_id = 0x0
I/WifiHAL (  820): event ignored!!
D/wpa_supplicant( 3627): nl80211: Event message available
D/wpa_supplicant( 3627): nl80211: Drv Event 34 (NL80211_CMD_NEW_SCAN_RESULTS) received for wlan0
D/wpa_supplicant( 3627): wlan0: nl80211: New scan results available
D/wpa_supplicant( 3627): nl80211: Scan included frequencies: 2412 2417 2422 2427 2432 2437 2442 2447 2452 2457 2462 2467 2472 2484
D/wpa_supplicant( 3627): wlan0: Event SCAN_RESULTS (3) received
D/wpa_supplicant( 3627): wlan0: Scan completed in 1.219671 seconds
D/wpa_supplicant( 3627): nl80211: Associated on 2442 MHz
D/wpa_supplicant( 3627): nl80211: Associated with 12:0e:0e:20:5e:91
D/wpa_supplicant( 3627): nl80211: Received scan results (28 BSSes)
D/wpa_supplicant( 3627): nl80211: Scan results indicate BSS status with 12:0e:0e:20:5e:91 as associated
D/wpa_supplicant( 3627): wlan0: BSS: Start scan result update 4
D/wpa_supplicant( 3627): BSS: last_scan_res_used=28/64
D/wpa_supplicant( 3627): wlan0: Scan-only results received
D/wpa_supplicant( 3627): CTRL_IFACE monitor sent successfully to /data/misc/wifi/sockets/wpa_ctrl_345-1\x00
D/wpa_supplicant( 3627): CTRL_IFACE monitor sent successfully to /data/misc/wifi/sockets/wpa_ctrl_820-3\x00
D/wpa_supplicant( 3627): wlan0: Radio work 'scan'@0xb86f1b68 done in 1.222089 seconds
D/wpa_supplicant( 3627): wlan0: Control interface command 'BSS RANGE=0- MASK=0x21987'
D/wpa_supplicant( 3627): wlan0: Control interface command 'BSS RANGE=32- MASK=0x21987'
D/=SOGOU_LOG=( 3750): notifyPackageName--HotwordsController--open from notify package
D/wpa_supplicant( 3627): wlan0: Control interface command 'STATUS-NO_EVENTS'
I/ActivityManager(  820): hubenkui  startServiceLocked  callerApp name com.sohu.inputmethod.sogou
I/ActivityManager(  820): hubenkui  startServiceLocked callName com.sohu.inputmethod.sogou
D/LBSSystemMonitorService(  820): handleMessage what - 4
D/Wiper_jni(  820): Send Network Location.
I/WifiMonitor( 3750): mWifiReceiver SCAN_RESULTS_AVAILABLE_ACTION
D/=SOGOU_LOG=( 5595): onStartCommand--frist notify app--isFristNotifyApp = false
W/ActivityThread( 5100): ClassLoader.loadClass: The class loader returned by Thread.getContextClassLoader() may fail for processes that host multiple applications. You should explicitly specify a context class loader. For example: Thread.setContextClassLoader(getClass().getClassLoader());
V/AlarmManager(  820): Alarm triggering: Alarm{265246fd type 0 when 777175 android}
D/PowerManagerService(  820): getScreenOffTimeoutLocked:  isTestFlag = false
D/DisplayPowerController(  820): requestPowerState: policy=BRIGHT, useProximitySensor=false, screenBrightness=102, screenAutoBrightnessAdjustment=0.0, useAutoBrightness=false, blockScreenOn=false, lowPowerMode=false, boostScreenBrightness=false, dozeScreenBrightness=-1, dozeScreenState=UNKNOWN, waitForNegativeProximity=false
I/ActivityManager(  820): hubenkui  startServiceLocked  callerApp name com.google.android.talk
I/ActivityManager(  820): hubenkui  startServiceLocked callName com.google.android.talk
I/Babel   ( 6233): MmsConfig: mnc/mcc: 0/0
I/Babel   ( 6233): MmsConfig.loadMmsSettings
I/Babel   ( 6233): MmsConfig.loadDeviceMmsSettings from API: mUserAgent=Android-Mms/2.0, mUaProfUrl=http://www.google.com/oha/rdf/ua-profile-kila.xml
I/Babel   ( 6233): MmsConfig.loadFromDatabase
D/GCM     ( 5100): COMPAT: Multi user not supported
I/ActivityManager(  820): hubenkui  startServiceLocked  callerApp name com.google.android.gms
I/ActivityManager(  820): hubenkui  startServiceLocked callName com.google.android.gms
D/GCM     ( 4373): GcmService start Intent { act=com.google.android.c2dm.intent.REGISTER pkg=com.google.android.gms cmp=com.google.android.gms/.gcm.GcmService (has extras) } com.google.android.c2dm.intent.REGISTER
E/GCM     ( 4373): Missing checkin config file
W/ResourcesManager( 6233): Asset path '/system/framework/com.qrd.wappush.jar' does not exist or contains no resources.
W/GCM     ( 4373): GCM FAILED TO INITIALIZE - missing checkin
W/ResourcesManager( 6233): Asset path '/system/framework/rcs_service_api.jar' does not exist or contains no resources.
V/ActivityThread( 6233): getTopLevelResources, packageName:com.android.mms, name:com.google.android.talk, resDir:/system/priv-app/FineOSMms/FineOSMms.apk
V/ActivityThread( 6233): getTopLevelResources, packageName:com.google.android.talk, name:com.google.android.talk, resDir:/system/app/Hangouts/Hangouts.apk
E/Babel   ( 6233): canonicalizeMccMnc: invalid mccmnc 
I/Babel   ( 6233): MmsConfig.loadFromResources
V/ActivityThread( 6233): getTopLevelResources, packageName:com.baidu.appsearch, name:com.google.android.talk, resDir:/data/app/com.baidu.appsearch-1/base.apk
E/Babel   ( 6233): canonicalizeMccMnc: invalid mccmnc nullnull
I/Babel   ( 6233): MmsConfig.loadMmsSettings: mUserAgent=Android-Mms/2.0, mUaProfUrl=http://www.google.com/oha/rdf/ua-profile-kila.xml
W/Settings( 6233): Setting airplane_mode_on has moved from android.provider.Settings.System to android.provider.Settings.Global, returning read-only value.
I/Babel_StickerModule( 6233): App launched.
I/Babel_StickerModule( 6233): Trying first logged in account.
W/ResourcesManager( 6233): Asset path '/system/framework/com.qrd.wappush.jar' does not exist or contains no resources.
W/ResourcesManager( 6233): Asset path '/system/framework/rcs_service_api.jar' does not exist or contains no resources.
V/ActivityThread( 6233): getTopLevelResources, packageName:com.android.mms, name:com.google.android.talk, resDir:/system/priv-app/FineOSMms/FineOSMms.apk
V/ActivityThread( 6233): getTopLevelResources, packageName:com.baidu.appsearch, name:com.google.android.talk, resDir:/data/app/com.baidu.appsearch-1/base.apk
W/Babel_StickerModule( 6233): Unable to load, account not configured.
I/Babel   ( 6233): TeleModule.launchCompleted
I/Babel   ( 6233): TeleModule.updateConnectionManagerRegistration, registration preference changed from false to false
I/Babel   ( 6233): TeleModule.updateIncomingCallRegistration, preferred account for incoming calls changed from: null to null
D/BroadcastQueue(  820): hubenkui  BroadcastQueue targetProcesscom.google.android.apps.photos
V/ActivityManager(  820): hubenkui isExistProcess not contains  packageNamecom.google.android.apps.photos
D/BroadcastQueue(  820): hubenkui  BroadcastQueue isExistProcess  targetProcesscom.google.android.apps.photos
D/BroadcastQueue(  820): hubenkui  BroadcastQueue skipfalse
W/Babel   ( 6233): Error registering for GCM
W/Babel   ( 6233): java.io.IOException: AUTHENTICATION_FAILED
W/Babel   ( 6233): 	at dfu.a(Unknown Source)
W/Babel   ( 6233): 	at cbz.a(SourceFile:305)
W/Babel   ( 6233): 	at cbz.doInBackground(SourceFile:298)
W/Babel   ( 6233): 	at android.os.AsyncTask$2.call(AsyncTask.java:292)
W/Babel   ( 6233): 	at java.util.concurrent.FutureTask.run(FutureTask.java:237)
W/Babel   ( 6233): 	at android.os.AsyncTask$SerialExecutor$1.run(AsyncTask.java:231)
W/Babel   ( 6233): 	at java.util.concurrent.ThreadPoolExecutor.runWorker(ThreadPoolExecutor.java:1112)
W/Babel   ( 6233): 	at java.util.concurrent.ThreadPoolExecutor$Worker.run(ThreadPoolExecutor.java:587)
W/Babel   ( 6233): 	at java.lang.Thread.run(Thread.java:818)
I/ActivityManager(  820): Start proc 6279:com.google.android.apps.photos/u0a79 for broadcast com.google.android.apps.photos/.jobqueue.JobServiceBroadcastReceiver
D/Environment( 6279): isExternalSdcardPrimary hasSdcard = true isSwitch = false
W/AudioCapabilities( 6233): Unsupported mime audio/evrc
W/AudioCapabilities( 6233): Unsupported mime audio/qcelp
W/AudioCapabilities( 6233): Unsupported mime audio/qcelp
W/AudioCapabilities( 6233): Unsupported mime audio/evrc
W/VideoCapabilities( 6233): Unsupported mime video/divx
W/VideoCapabilities( 6233): Unsupported mime video/divx4
W/VideoCapabilities( 6233): Unrecognized profile/level 32768/2 for video/mp4v-es
W/VideoCapabilities( 6233): Unsupported mime video/mp4v-esdp
W/VideoCapabilities( 6233): Unsupported mime video/mp4v-esdp
I/VideoCapabilities( 6233): Unsupported profile 4 for video/mp4v-es
I/ActivityManager(  820): Killing 3824:com.android.settings/1000 (adj 15): empty #17
D/WifiService(  820): Client connection lost with reason: 4
E/AudioPolicyManager(  317): unknown stream type 13
E/AudioPolicyManager(  317): unknown stream type 13
E/AudioPolicyManager(  317): unknown stream type 13
E/AudioPolicyManager(  317): unknown stream type 13
E/AudioPolicyManager(  317): unknown stream type 13
E/AudioPolicyManager(  317): unknown stream type 13
E/AudioPolicyManager(  317): unknown stream type 13
E/AudioPolicyManager(  317): unknown stream type 13
E/AudioPolicyManager(  317): unknown stream type 13
E/AudioPolicyManager(  317): unknown stream type 13
E/AudioPolicyManager(  317): unknown stream type 13
E/AudioPolicyManager(  317): unknown stream type 13
E/AudioPolicyManager(  317): unknown stream type 13
E/AudioPolicyManager(  317): unknown stream type 13
E/AudioPolicyManager(  317): unknown stream type 13
E/AudioPolicyManager(  317): unknown stream type 13
E/AudioPolicyManager(  317): unknown stream type 13
I/SurfaceFlinger(  259): FPS: 33
D/BroadcastQueue(  820): hubenkui  BroadcastQueue targetProcesscom.google.android.apps.plus
V/ActivityManager(  820): hubenkui isExistProcess not contains  packageNamecom.google.android.apps.plus
D/BroadcastQueue(  820): hubenkui  BroadcastQueue isExistProcess  targetProcesscom.google.android.apps.plus
D/BroadcastQueue(  820): hubenkui  BroadcastQueue skipfalse
I/ActivityManager(  820): Start proc 6300:com.google.android.apps.plus/u0a80 for broadcast com.google.android.apps.plus/.service.ConnectivityReceiver
I/ActivityManager(  820): Killing 5679:com.google.android.apps.maps/u0a67 (adj 15): empty #17
D/Environment( 6300): isExternalSdcardPrimary hasSdcard = true isSwitch = false
E/art     ( 6300): Failed sending reply to debugger: Broken pipe
I/art     ( 6300): Debugger is no longer active
D/wpa_supplicant( 3627): wlan0: Control interface command 'SIGNAL_POLL'
W/ResourcesManager( 6300): Asset path '/system/framework/com.google.android.maps.jar' does not exist or contains no resources.
V/AlarmManager(  820): Alarm triggering: Alarm{285ee797 type 3 when 30651 android}
V/AlarmManager(  820): Alarm triggering: Alarm{10c2cd84 type 1 when 778458 com.fineos.theme}
V/ActivityThread( 6300): getTopLevelResources, packageName:com.google.android.apps.plus, name:com.google.android.apps.plus, resDir:/system/app/PlusOne/PlusOne.apk
W/art     ( 6300): Suspending all threads took: 5.387ms
E/WifiStateMachine(  820): WifiStateMachine CMD_START_SCAN source -2 txSuccessRate=3.62 rxSuccessRate=5.38 targetRoamBSSID=any RSSI=-59
E/WifiStateMachine(  820): WifiStateMachine L2Connected CMD_START_SCAN source -2 6, 13 -> obsolete
D/PowerManagerService(  820): getScreenOffTimeoutLocked:  isTestFlag = false
D/DisplayPowerController(  820): requestPowerState: policy=BRIGHT, useProximitySensor=false, screenBrightness=102, screenAutoBrightnessAdjustment=0.0, useAutoBrightness=false, blockScreenOn=false, lowPowerMode=false, boostScreenBrightness=false, dozeScreenBrightness=-1, dozeScreenState=UNKNOWN, waitForNegativeProximity=false
W/art     ( 6300): Suspending all threads took: 6.235ms
I/SurfaceFlinger(  259): FPS: 2
D/BroadcastQueue(  820): hubenkui  BroadcastQueue targetProcesscom.google.android.apps.plus
V/ActivityManager(  820): hubenkui isExistProcess contains  packageNamecom.google.android.apps.plus
D/BroadcastQueue(  820): hubenkui  BroadcastQueue targetProcesscom.sohu.inputmethod.sogou:classic
V/ActivityManager(  820): hubenkui isExistProcess not contains  packageNamecom.sohu.inputmethod.sogou:classic
D/BroadcastQueue(  820): hubenkui  BroadcastQueue isExistProcess  targetProcesscom.sohu.inputmethod.sogou:classic
D/BroadcastQueue(  820): hubenkui  BroadcastQueue skipfalse
I/ActivityManager(  820): Start proc 6326:com.sohu.inputmethod.sogou:classic/u0a95 for broadcast com.sohu.inputmethod.sogou/com.sogou.androidtool.receiver.NetChangeReceiver
I/ActivityManager(  820): Killing 4221:com.google.android.googlequicksearchbox:search/u0a28 (adj 15): empty #17
D/Environment( 6326): isExternalSdcardPrimary hasSdcard = true isSwitch = false
D/StatusBar.MSimNetworkController( 3496): refreshViews phoneId =0mMSimDataConnected =false
D/StatusBar.MSimNetworkController( 3496): refreshViews mMSimDataActivity =0
D/StatusBar.MSimNetworkController( 3496): refreshViews: Data not connected!! Set no data type icon / Roaming for phoneId: 0
D/StatusBar.MSimNetworkController( 3496): refreshViews connected={ wifi } level=0 mMSimcombinedSignalIconId=0x7f0203d0/com.android.systemui:drawable/stat_sys_wifi_signal_3_fully mMSimcombinedActivityIconId=0x7f0203c6 mAirplaneMode=false mMSimDataActivity=0 mMSimPhoneSignalIconId=0x7f0203b9/com.android.systemui:drawable/stat_sys_signal_null mMSimDataDirectionIconId=0x0 mMSimDataSignalIconId=0x7f0203b9 mMSimDataTypeIconId=0x0/(null) mNoMSimIconId=0x7f0200d9/com.android.systemui:drawable/ic_qs_no_sim mMSimMobileActivityIconId=0x0/(null) mWifiIconId=0x7f0203d0 mBluetoothTetherIconId=0x108069b
D/MSimSignalClusterView( 3496): wifi: VISIBLE sig=2130838480 act=2130838470
D/MSimSignalClusterView( 3496): mobile[0]: VISIBLE sig=2130838457 type=0
D/MSimSignalClusterView( 3496): wifi: VISIBLE sig=2130838480 act=2130838470
D/MSimSignalClusterView( 3496): mobile[1]: VISIBLE sig=2130838457 type=0
D/MSimSignalClusterView( 3496): wifi: VISIBLE sig=2130838480 act=2130838470
D/MSimSignalClusterView( 3496): mobile[0]: VISIBLE sig=2130838457 type=0
D/MSimSignalClusterView( 3496): wifi: VISIBLE sig=2130838480 act=2130838470
D/MSimSignalClusterView( 3496): mobile[0]: VISIBLE sig=2130838457 type=0
D/MSimSignalClusterView( 3496): wifi: VISIBLE sig=2130838480 act=2130838470
D/MSimSignalClusterView( 3496): mobile[0]: VISIBLE sig=2130838457 type=0
D/MSimSignalClusterView( 3496): wifi: VISIBLE sig=2130838480 act=2130838470
D/MSimSignalClusterView( 3496): mobile[1]: VISIBLE sig=2130838457 type=0
D/StatusBar.MSimNetworkController( 3496): refreshSignalCluster, mMSimPhoneSignalIconId[0]=com.android.systemui:drawable/stat_sys_signal_null mMSimDataSignalIconId[0]=com.android.systemui:drawable/stat_sys_signal_null mMSimDataTypeIconId[0]=(null) mMSimMobileActivityIconId[0]=(null) mNoMSimIconId[0]=com.android.systemui:drawable/ic_qs_no_sim
D/MSimSignalClusterView( 3496): wifi: VISIBLE sig=2130838480 act=2130838470
D/MSimSignalClusterView( 3496): mobile[0]: VISIBLE sig=2130838457 type=0
D/MSimSignalClusterView( 3496): wifi: VISIBLE sig=2130838480 act=2130838470
D/MSimSignalClusterView( 3496): mobile[1]: VISIBLE sig=2130838457 type=0
D/MSimSignalClusterView( 3496): wifi: VISIBLE sig=2130838480 act=2130838470
D/MSimSignalClusterView( 3496): mobile[0]: VISIBLE sig=2130838457 type=0
D/MSimSignalClusterView( 3496): wifi: VISIBLE sig=2130838480 act=2130838470
D/MSimSignalClusterView( 3496): mobile[0]: VISIBLE sig=2130838457 type=0
D/MSimSignalClusterView( 3496): wifi: VISIBLE sig=2130838480 act=2130838470
D/MSimSignalClusterView( 3496): mobile[0]: VISIBLE sig=2130838457 type=0
D/MSimSignalClusterView( 3496): wifi: VISIBLE sig=2130838480 act=2130838470
D/MSimSignalClusterView( 3496): mobile[1]: VISIBLE sig=2130838457 type=0
D/StatusBar.MSimNetworkController( 3496): refreshSignalCluster, mMSimPhoneSignalIconId[0]=com.android.systemui:drawable/stat_sys_signal_null mMSimDataSignalIconId[0]=com.android.systemui:drawable/stat_sys_signal_null mMSimDataTypeIconId[0]=(null) mMSimMobileActivityIconId[0]=(null) mNoMSimIconId[0]=com.android.systemui:drawable/ic_qs_no_sim
D/MSimSignalClusterView( 3496): wifi: VISIBLE sig=2130838480 act=2130838470
D/MSimSignalClusterView( 3496): mobile[0]: VISIBLE sig=2130838457 type=0
D/MSimSignalClusterView( 3496): wifi: VISIBLE sig=2130838480 act=2130838470
D/MSimSignalClusterView( 3496): mobile[1]: VISIBLE sig=2130838457 type=0
D/MSimSignalClusterView( 3496): wifi: VISIBLE sig=2130838480 act=2130838470
D/MSimSignalClusterView( 3496): mobile[0]: VISIBLE sig=2130838457 type=0
D/MSimSignalClusterView( 3496): wifi: VISIBLE sig=2130838480 act=2130838470
D/MSimSignalClusterView( 3496): mobile[0]: VISIBLE sig=2130838457 type=0
D/MSimSignalClusterView( 3496): wifi: VISIBLE sig=2130838480 act=2130838470
D/MSimSignalClusterView( 3496): mobile[0]: VISIBLE sig=2130838457 type=0
D/MSimSignalClusterView( 3496): wifi: VISIBLE sig=2130838480 act=2130838470
D/MSimSignalClusterView( 3496): mobile[1]: VISIBLE sig=2130838457 type=0
D/StatusBar.MSimNetworkController( 3496): refreshSignalCluster, mMSimPhoneSignalIconId[0]=com.android.systemui:drawable/stat_sys_signal_null mMSimDataSignalIconId[0]=com.android.systemui:drawable/stat_sys_signal_null mMSimDataTypeIconId[0]=(null) mMSimMobileActivityIconId[0]=(null) mNoMSimIconId[0]=com.android.systemui:drawable/ic_qs_no_sim
D/MSimSignalClusterView( 3496): wifi: VISIBLE sig=2130838480 act=2130838470
D/MSimSignalClusterView( 3496): mobile[0]: VISIBLE sig=2130838457 type=0
D/MSimSignalClusterView( 3496): wifi: VISIBLE sig=2130838480 act=2130838470
D/MSimSignalClusterView( 3496): mobile[1]: VISIBLE sig=2130838457 type=0
D/MSimSignalClusterView( 3496): wifi: VISIBLE sig=2130838480 act=2130838470
D/MSimSignalClusterView( 3496): mobile[0]: VISIBLE sig=2130838457 type=0
D/MSimSignalClusterView( 3496): wifi: VISIBLE sig=2130838480 act=2130838470
D/MSimSignalClusterView( 3496): mobile[0]: VISIBLE sig=2130838457 type=0
D/MSimSignalClusterView( 3496): wifi: VISIBLE sig=2130838480 act=2130838470
D/MSimSignalClusterView( 3496): mobile[0]: VISIBLE sig=2130838457 type=0
D/MSimSignalClusterView( 3496): wifi: VISIBLE sig=2130838480 act=2130838470
D/MSimSignalClusterView( 3496): mobile[1]: VISIBLE sig=2130838457 type=0
D/StatusBar.MSimNetworkController( 3496): refreshSignalCluster, mMSimPhoneSignalIconId[0]=com.android.systemui:drawable/stat_sys_signal_null mMSimDataSignalIconId[0]=com.android.systemui:drawable/stat_sys_signal_null mMSimDataTypeIconId[0]=(null) mMSimMobileActivityIconId[0]=(null) mNoMSimIconId[0]=com.android.systemui:drawable/ic_qs_no_sim
I/ActivityManager(  820): hubenkui  startServiceLocked  callerApp name com.sohu.inputmethod.sogou:classic
I/ActivityManager(  820): hubenkui  startServiceLocked callName com.sohu.inputmethod.sogou:classic
I/DownloadManagerInternal( 6326): in removeSpuriousFiles
W/ActivityManager(  820): getRunningAppProcesses: caller 10095 does not hold REAL_GET_TASKS; limiting output
D/Event   ( 6326): No subscribers registered for event class com.sogou.androidtool.event.NetChangeEvent
D/Event   ( 6326): No subscribers registered for event class cev
D/WifiService(  820): New client listening to asynchronous messages
D/PowerManagerService(  820): getScreenOffTimeoutLocked:  isTestFlag = false
D/DisplayPowerController(  820): requestPowerState: policy=BRIGHT, useProximitySensor=false, screenBrightness=102, screenAutoBrightnessAdjustment=0.0, useAutoBrightness=false, blockScreenOn=false, lowPowerMode=false, boostScreenBrightness=false, dozeScreenBrightness=-1, dozeScreenState=UNKNOWN, waitForNegativeProximity=false
D/PowerManagerService(  820): getScreenOffTimeoutLocked:  isTestFlag = false
D/DisplayPowerController(  820): requestPowerState: policy=BRIGHT, useProximitySensor=false, screenBrightness=102, screenAutoBrightnessAdjustment=0.0, useAutoBrightness=false, blockScreenOn=false, lowPowerMode=false, boostScreenBrightness=false, dozeScreenBrightness=-1, dozeScreenState=UNKNOWN, waitForNegativeProximity=false
D/PingBackDataCenter( 6326): reportItemShown
D/BroadcastQueue(  820): hubenkui  BroadcastQueue targetProcesscom.sohu.inputmethod.sogou:classic
V/ActivityManager(  820): hubenkui isExistProcess contains  packageNamecom.sohu.inputmethod.sogou:classic
D/DownloadService( 6326): Service onCreatecom.sogou.androidtool.downloads.DownloadService@26eb4c97
D/DownloadManagerInternal( 6326): Received broadcast intent for android.net.conn.CONNECTIVITY_CHANGE
I/ActivityManager(  820): hubenkui  startServiceLocked  callerApp name com.sohu.inputmethod.sogou:classic
I/ActivityManager(  820): hubenkui  startServiceLocked callName com.sohu.inputmethod.sogou:classic
D/BroadcastQueue(  820): hubenkui  BroadcastQueue targetProcesscom.sohu.inputmethod.sogou
V/ActivityManager(  820): hubenkui isExistProcess contains  packageNamecom.sohu.inputmethod.sogou
D/DownloadService( 6326): UpdateThread 
D/DownloadService( 6326): mDownloads.count0
D/BroadcastQueue(  820): hubenkui  BroadcastQueue targetProcesscom.sohu.inputmethod.sogou
V/ActivityManager(  820): hubenkui isExistProcess contains  packageNamecom.sohu.inputmethod.sogou
D/BroadcastQueue(  820): hubenkui  BroadcastQueue targetProcesssogou.mobile.explorer.hotwords
V/ActivityManager(  820): hubenkui isExistProcess contains  packageNamesogou.mobile.explorer.hotwords
D/DownloadService( 6326): cursor.count0
D/DownloadService( 6326): UpdateThread 
D/=SOGOU_LOG=( 5595): onReceive--Wake Up--onReceive: --- action: android.net.conn.CONNECTIVITY_CHANGE
D/DownloadService( 6326): mDownloads.count0
D/DownloadService( 6326): cursor.count0
I/ActivityManager(  820): hubenkui  startServiceLocked  callerApp name sogou.mobile.explorer.hotwords
I/ActivityManager(  820): hubenkui  startServiceLocked callName sogou.mobile.explorer.hotwords
D/BroadcastQueue(  820): hubenkui  BroadcastQueue targetProcesssogou.mobile.explorer.hotwords
V/ActivityManager(  820): hubenkui isExistProcess contains  packageNamesogou.mobile.explorer.hotwords
D/=SOGOU_LOG=( 5595): onStartCommand--SemobWakeUpService----SemobWakeUpService---
D/BroadcastQueue(  820): hubenkui  BroadcastQueue targetProcesscom.sohu.inputmethod.sogou
V/ActivityManager(  820): hubenkui isExistProcess contains  packageNamecom.sohu.inputmethod.sogou
I/ActivityManager(  820): Killing 4353:com.google.android.partnersetup/u0a21 (adj 15): empty #17
D/PowerManagerService(  820): getScreenOffTimeoutLocked:  isTestFlag = false
D/DisplayPowerController(  820): requestPowerState: policy=BRIGHT, useProximitySensor=false, screenBrightness=102, screenAutoBrightnessAdjustment=0.0, useAutoBrightness=false, blockScreenOn=false, lowPowerMode=false, boostScreenBrightness=false, dozeScreenBrightness=-1, dozeScreenState=UNKNOWN, waitForNegativeProximity=false
I/ActivityManager(  820): hubenkui  startServiceLocked  callerApp name com.sohu.inputmethod.sogou
I/ActivityManager(  820): hubenkui  startServiceLocked callName com.sohu.inputmethod.sogou
W/ActivityManager(  820): Unable to start service Intent { act=com.sogou.pushservice.action.METHOD cmp=/com.sogou.udp.push.PushService (has extras) } U=0: not found
D/BroadcastQueue(  820): hubenkui  BroadcastQueue targetProcesscom.baidu.appsearch
V/ActivityManager(  820): hubenkui isExistProcess contains  packageNamecom.baidu.appsearch
D/GpsLocationProvider(  820): requestTime failed
D/PowerManagerService(  820): getScreenOffTimeoutLocked:  isTestFlag = false
D/DisplayPowerController(  820): requestPowerState: policy=BRIGHT, useProximitySensor=false, screenBrightness=102, screenAutoBrightnessAdjustment=0.0, useAutoBrightness=false, blockScreenOn=false, lowPowerMode=false, boostScreenBrightness=false, dozeScreenBrightness=-1, dozeScreenState=UNKNOWN, waitForNegativeProximity=false
I/ActivityManager(  820): hubenkui  startServiceLocked  callerApp name com.baidu.appsearch
I/ActivityManager(  820): hubenkui  startServiceLocked callName com.baidu.appsearch
D/BroadcastQueue(  820): hubenkui  BroadcastQueue targetProcesscom.baidu.appsearch
V/ActivityManager(  820): hubenkui isExistProcess contains  packageNamecom.baidu.appsearch
I/android.backport.webp:native( 4333): JNI_OnLoad completed
D/BroadcastQueue(  820): hubenkui  BroadcastQueue targetProcesscom.baidu.appsearch:bdservice_v1
V/ActivityManager(  820): hubenkui isExistProcess not contains  packageNamecom.baidu.appsearch:bdservice_v1
D/BroadcastQueue(  820): hubenkui  BroadcastQueue isExistProcess  targetProcesscom.baidu.appsearch:bdservice_v1
D/BroadcastQueue(  820): hubenkui  BroadcastQueue skipfalse
I/ActivityManager(  820): Start proc 6360:com.baidu.appsearch:bdservice_v1/u0a96 for broadcast com.baidu.appsearch/com.baidu.android.pushservice.PushServiceReceiver
V/ActivityManager(  820): hubenkui  bringUpServiceLocked  r.packageName  com.baidu.appsearch
V/ActivityManager(  820): hubenkui isExistProcess contains  packageNamecom.baidu.appsearch
D/Environment( 6360): isExternalSdcardPrimary hasSdcard = true isSwitch = false
I/art     (  343): Explicit concurrent mark sweep GC freed 709(30KB) AllocSpace objects, 0(0B) LOS objects, 89% free, 114KB/1138KB, paused 251us total 33.768ms
I/art     ( 6360): Debugger is no longer active
I/art     (  343): Explicit concurrent mark sweep GC freed 5(160B) AllocSpace objects, 0(0B) LOS objects, 89% free, 114KB/1138KB, paused 209us total 16.698ms
I/art     (  343): Explicit concurrent mark sweep GC freed 5(160B) AllocSpace objects, 0(0B) LOS objects, 89% free, 114KB/1138KB, paused 271us total 17.837ms
I/ActivityManager(  820): Start proc 6382:com.baidu.appsearch:locationservice/u0a96 for service com.baidu.appsearch/com.baidu.location.f
D/Environment( 6382): isExternalSdcardPrimary hasSdcard = true isSwitch = false
V/AlarmManager(  820): Alarm triggering: Alarm{e34491c type 3 when 57073 android}
I/MultiDex( 6360): VM with version 2.1.0 has multidex support
I/MultiDex( 6360): install
I/MultiDex( 6360): VM has multidex support, MultiDex support library is disabled.
W/ActivityManager(  820): getRunningAppProcesses: caller 10096 does not hold REAL_GET_TASKS; limiting output
I/art     ( 6360): Rejecting re-init on previously-failed class java.lang.Class<com.baidu.appsearch.login.n>
I/art     ( 6360): Rejecting re-init on previously-failed class java.lang.Class<com.baidu.appsearch.login.n>
I/MultiDex( 6382): VM with version 2.1.0 has multidex support
I/MultiDex( 6382): install
I/MultiDex( 6382): VM has multidex support, MultiDex support library is disabled.
W/ActivityManager(  820): getRunningAppProcesses: caller 10096 does not hold REAL_GET_TASKS; limiting output
V/DigitalClock( 3496): mFormat=kk:mm,newTime1=12:13
V/DigitalClock( 3496): mFormat=kk:mm,newTime2=12:13
I/art     ( 6360): Rejecting re-init on previously-failed class java.lang.Class<com.baidu.appsearch.login.o>
I/art     ( 6360): Rejecting re-init on previously-failed class java.lang.Class<com.baidu.appsearch.login.o>
I/art     ( 6382): Rejecting re-init on previously-failed class java.lang.Class<com.baidu.appsearch.login.n>
I/art     ( 6382): Rejecting re-init on previously-failed class java.lang.Class<com.baidu.appsearch.login.n>
W/ActivityManager(  820): getRunningAppProcesses: caller 10096 does not hold REAL_GET_TASKS; limiting output
I/PushServiceReceiver( 6360): start PushSerevice for by android.net.conn.CONNECTIVITY_CHANGE
D/BroadcastQueue(  820): hubenkui  BroadcastQueue targetProcesscom.baidu.appsearch:bdmoservice
V/ActivityManager(  820): hubenkui isExistProcess not contains  packageNamecom.baidu.appsearch:bdmoservice
D/BroadcastQueue(  820): hubenkui  BroadcastQueue isExistProcess  targetProcesscom.baidu.appsearch:bdmoservice
D/BroadcastQueue(  820): hubenkui  BroadcastQueue skipfalse
I/SurfaceFlinger(  259): FPS: 5
I/art     ( 6382): Rejecting re-init on previously-failed class java.lang.Class<com.baidu.appsearch.login.o>
I/art     ( 6382): Rejecting re-init on previously-failed class java.lang.Class<com.baidu.appsearch.login.o>
W/ActivityManager(  820): getRunningAppProcesses: caller 10096 does not hold REAL_GET_TASKS; limiting output
I/ActivityManager(  820): Start proc 6402:com.baidu.appsearch:bdmoservice/u0a96 for broadcast com.baidu.appsearch/com.baidu.hello.MoPlusExtReceiver
I/ActivityManager(  820): Killing 5830:com.android.cellbroadcastreceiver/u0a4 (adj 15): empty #17
D/Environment( 6402): isExternalSdcardPrimary hasSdcard = true isSwitch = false
I/ActivityManager(  820): hubenkui  startServiceLocked  callerApp name com.baidu.appsearch:bdservice_v1
I/ActivityManager(  820): hubenkui  startServiceLocked callName com.baidu.appsearch:bdservice_v1
D/WifiService(  820): New client listening to asynchronous messages
W/System.err( 6382): java.lang.NoSuchMethodException: startScan [boolean]
W/System.err( 6382): 	at java.lang.Class.getMethod(Class.java:664)
W/System.err( 6382): 	at java.lang.Class.getDeclaredMethod(Class.java:626)
W/System.err( 6382): 	at com.baidu.location.e.try(Unknown Source)
W/System.err( 6382): 	at com.baidu.location.f.onCreate(Unknown Source)
W/System.err( 6382): 	at android.app.ActivityThread.handleCreateService(ActivityThread.java:2794)
W/System.err( 6382): 	at android.app.ActivityThread.access$1800(ActivityThread.java:155)
W/System.err( 6382): 	at android.app.ActivityThread$H.handleMessage(ActivityThread.java:1397)
W/System.err( 6382): 	at android.os.Handler.dispatchMessage(Handler.java:102)
W/System.err( 6382): 	at android.os.Looper.loop(Looper.java:135)
W/System.err( 6382): 	at android.app.ActivityThread.main(ActivityThread.java:5287)
W/System.err( 6382): 	at java.lang.reflect.Method.invoke(Native Method)
W/System.err( 6382): 	at java.lang.reflect.Method.invoke(Method.java:372)
W/System.err( 6382): 	at com.android.internal.os.ZygoteInit$MethodAndArgsCaller.run(ZygoteInit.java:902)
W/System.err( 6382): 	at com.android.internal.os.ZygoteInit.main(ZygoteInit.java:697)
I/MultiDex( 6402): VM with version 2.1.0 has multidex support
I/MultiDex( 6402): install
I/MultiDex( 6402): VM has multidex support, MultiDex support library is disabled.
W/ActivityManager(  820): getRunningAppProcesses: caller 10096 does not hold REAL_GET_TASKS; limiting output
D/StatusBar.MSimNetworkController( 3496): refreshViews phoneId =0mMSimDataConnected =false
D/StatusBar.MSimNetworkController( 3496): refreshViews mMSimDataActivity =0
W/linker  ( 6382): liblocSDK3.so has text relocations. This is wasting memory and prevents security hardening. Please fix.
D/StatusBar.MSimNetworkController( 3496): refreshViews: Data not connected!! Set no data type icon / Roaming for phoneId: 0
D/StatusBar.MSimNetworkController( 3496): refreshViews connected={ wifi } level=0 mMSimcombinedSignalIconId=0x7f0203d0/com.android.systemui:drawable/stat_sys_wifi_signal_3_fully mMSimcombinedActivityIconId=0x7f0203c7 mAirplaneMode=false mMSimDataActivity=0 mMSimPhoneSignalIconId=0x7f0203b9/com.android.systemui:drawable/stat_sys_signal_null mMSimDataDirectionIconId=0x0 mMSimDataSignalIconId=0x7f0203b9 mMSimDataTypeIconId=0x0/(null) mNoMSimIconId=0x7f0200d9/com.android.systemui:drawable/ic_qs_no_sim mMSimMobileActivityIconId=0x0/(null) mWifiIconId=0x7f0203d0 mBluetoothTetherIconId=0x108069b
D/MSimSignalClusterView( 3496): wifi: VISIBLE sig=2130838480 act=2130838471
D/MSimSignalClusterView( 3496): mobile[0]: VISIBLE sig=2130838457 type=0
D/MSimSignalClusterView( 3496): wifi: VISIBLE sig=2130838480 act=2130838471
D/MSimSignalClusterView( 3496): mobile[1]: VISIBLE sig=2130838457 type=0
D/MSimSignalClusterView( 3496): wifi: VISIBLE sig=2130838480 act=2130838471
D/MSimSignalClusterView( 3496): mobile[0]: VISIBLE sig=2130838457 type=0
D/MSimSignalClusterView( 3496): wifi: VISIBLE sig=2130838480 act=2130838471
D/MSimSignalClusterView( 3496): mobile[0]: VISIBLE sig=2130838457 type=0
D/MSimSignalClusterView( 3496): wifi: VISIBLE sig=2130838480 act=2130838471
D/MSimSignalClusterView( 3496): mobile[0]: VISIBLE sig=2130838457 type=0
D/MSimSignalClusterView( 3496): wifi: VISIBLE sig=2130838480 act=2130838471
D/MSimSignalClusterView( 3496): mobile[1]: VISIBLE sig=2130838457 type=0
D/StatusBar.MSimNetworkController( 3496): refreshSignalCluster, mMSimPhoneSignalIconId[0]=com.android.systemui:drawable/stat_sys_signal_null mMSimDataSignalIconId[0]=com.android.systemui:drawable/stat_sys_signal_null mMSimDataTypeIconId[0]=(null) mMSimMobileActivityIconId[0]=(null) mNoMSimIconId[0]=com.android.systemui:drawable/ic_qs_no_sim
D/MSimSignalClusterView( 3496): wifi: VISIBLE sig=2130838480 act=2130838471
D/MSimSignalClusterView( 3496): mobile[0]: VISIBLE sig=2130838457 type=0
D/MSimSignalClusterView( 3496): wifi: VISIBLE sig=2130838480 act=2130838471
D/MSimSignalClusterView( 3496): mobile[1]: VISIBLE sig=2130838457 type=0
D/MSimSignalClusterView( 3496): wifi: VISIBLE sig=2130838480 act=2130838471
D/MSimSignalClusterView( 3496): mobile[0]: VISIBLE sig=2130838457 type=0
D/MSimSignalClusterView( 3496): wifi: VISIBLE sig=2130838480 act=2130838471
D/MSimSignalClusterView( 3496): mobile[0]: VISIBLE sig=2130838457 type=0
D/MSimSignalClusterView( 3496): wifi: VISIBLE sig=2130838480 act=2130838471
D/MSimSignalClusterView( 3496): mobile[0]: VISIBLE sig=2130838457 type=0
D/MSimSignalClusterView( 3496): wifi: VISIBLE sig=2130838480 act=2130838471
