I/ActivityManager(  820): Start proc 7264:com.adups.fota/u0a54 for broadcast com.adups.fota/.GoogleOtaReceiver
I/ActivityManager(  820): Killing 6861:com.android.managedprovisioning/u0a22 (adj 15): empty #17
D/Environment( 7264): isExternalSdcardPrimary hasSdcard = true isSwitch = false
W/Atfwd_Sendcmd(  352): AtCmdFwd service not published, waiting... retryCnt : 4
D/FotaUpdate( 7264): DownloadStatus:create 
D/FotaUpdate( 7264): FotaBaseInfo:create 
D/FotaUpdate( 7264): SdcardUtil:setUpgradePath: upgradePath1 = null, upgradePath2 = null, upgradePath3 = null
D/FotaUpdate( 7264): MobileInfo:platform = MSM8909_5.1, deviceType = phone
D/FotaUpdate( 7264): MobileInfo:versionInfo = H10S100D01B20151009R1004
D/FotaUpdate( 7264): MobileInfo:deviceVersion = yeptelecom8909$5.1_TP601A_en_H10S100D01B20151009R1004_other
D/FotaUpdate( 7264): MobileInfo:fingerprint = TP-LINK/TP601A/QC601:5.1.1/TP-LINKTP601A/H10S100D01B20151009R1004:user/release-keys
D/FotaUpdate( 7264): GoogleOtaReceiver:GoogleOtaReceiver, action = android.intent.action.BOOT_COMPLETED
D/FotaUpdate( 7264): MobileInfo:deviceVersionExt = TP601A_TP-LINK_TP601A_QC601_TP601A_TP-LINK_msm8909_msm8909
D/FotaUpdate( 7264): MobileInfo:oem = TP-LINK, product = QC601, buildnumber = H10S100D01B20151009R1004,disPlayVersion = 
D/FotaUpdate( 7264): MobileInfo:platform = MSM8909_5.1, deviceType = phone
D/FotaUpdate( 7264): MobileInfo:versionInfo = H10S100D01B20151009R1004
D/FotaUpdate( 7264): MobileInfo:deviceVersion = yeptelecom8909$5.1_TP601A_en_H10S100D01B20151009R1004_other
D/FotaUpdate( 7264): MobileInfo:fingerprint = TP-LINK/TP601A/QC601:5.1.1/TP-LINKTP601A/H10S100D01B20151009R1004:user/release-keys
D/FotaUpdate( 7264): MobileInfo:deviceVersionExt = TP601A_TP-LINK_TP601A_QC601_TP601A_TP-LINK_msm8909_msm8909
D/FotaUpdate( 7264): MobileInfo:oem = TP-LINK, product = QC601, buildnumber = H10S100D01B20151009R1004,disPlayVersion = 
E/PhoneInterfaceManager( 4022): [PhoneIntfMgr] getIccId: ICC ID is null or empty.
E/PhoneInterfaceManager( 4022): [PhoneIntfMgr] getIccId: ICC ID is null or empty.
D/FotaUpdate( 7264): GoogleOtaReceiver:ACTION_BOOT_COMPLETED
D/FotaUpdate( 7264): Util:start  = 69, start2 = 900
D/FotaUpdate( 7264): Util:active = 900, active2 = 900
D/FotaUpdate( 7264): Util:isOverActivateTime is >= ACTIVATE_TIME
D/FotaUpdate( 7264): Util:isOverActivateTime:fileExt exist, skip check
D/FotaUpdate( 7264): GoogleOtaReceiver:ACTION_FORCEUPDATE_ALARM, forceFlag = -1 status = 0
W/ActivityManager(  820): getTasks: caller 10054 does not hold REAL_GET_TASKS; limiting output
D/FotaUpdate( 7264): Util:NeedExit, System.exit(0)
I/art     ( 7264): System.exit called, status: 0
I/AndroidRuntime( 7264): VM exiting with result code 0, cleanup skipped.
I/ActivityManager(  820): Process com.adups.fota (pid 7264) has died
I/BackgroundMemoryTrimmer( 6840): Trimming objects from memory, since app is in the background.
D/BroadcastQueue(  820): hubenkui  BroadcastQueue targetProcesscom.google.android.gm
V/ActivityManager(  820): hubenkui isExistProcess contains  packageNamecom.google.android.gm
W/art     ( 6902): Suspending all threads took: 12.690ms
I/ActivityManager(  820): Start proc 7286:com.google.android.gm/u0a56 for broadcast com.google.android.gm/.GoogleMailDeviceStartupReceiver
D/Environment( 7286): isExternalSdcardPrimary hasSdcard = true isSwitch = false
I/CheckinService( 5100): Done disabling old GoogleServicesFramework version
I/Gmail   ( 7286): getAccountsCursor
D/ActivityThread( 7286): Loading provider com.google.android.gmail.provider;com.android.mail.notifier;com.google.android.gm.email.provider;com.google.android.gm.email.notifier: com.android.email.provider.EmailProvider
V/GLSActivity( 4373): AuthDelegateWrapperCreated with selected intent: Intent { cmp=com.google.android.gms/.auth.DefaultAuthDelegateService }
W/ActivityManager(  820): Unable to start service Intent { act=com.google.android.gm.email.EXCHANGE_INTENT pkg=com.google.android.gm.exchange } U=0: not found
W/ActivityManager(  820): Unable to start service Intent { act=com.google.android.gm.email.EXCHANGE_INTENT pkg=com.google.android.gm.exchange } U=0: not found
I/SurfaceFlinger(  259): FPS: 3
D/PowerManagerService(  820): getScreenOffTimeoutLocked:  isTestFlag = false
D/DisplayPowerController(  820): requestPowerState: policy=BRIGHT, useProximitySensor=false, screenBrightness=102, screenAutoBrightnessAdjustment=0.0, useAutoBrightness=false, blockScreenOn=false, lowPowerMode=false, boostScreenBrightness=false, dozeScreenBrightness=-1, dozeScreenState=UNKNOWN, waitForNegativeProximity=false
W/ActivityManager(  820): Unable to start service Intent { cmp=com.google.android.gm/com.android.email.service.AttachmentService } U=0: not found
W/GAV2    ( 7286): Thread[main,5,main]: Need to call initialize() and be in fallback mode to start dispatch.
I/Gmail   ( 7286): Observing account changes for notifications
E/FineHome_Launcher( 4042): ---closemenu()
W/ActivityManager(  820): Unable to start service Intent { act=com.google.android.gm.email.EXCHANGE_INTENT pkg=com.google.android.gm.exchange } U=0: not found
I/ActivityManager(  820): hubenkui  startServiceLocked  callerApp name com.google.android.gm
I/ActivityManager(  820): hubenkui  startServiceLocked callName com.google.android.gm
W/ActivityManager(  820): Unable to start service Intent { act=com.google.android.gm.email.EXCHANGE_INTENT pkg=com.google.android.gm.exchange } U=0: not found
I/ActivityManager(  820): hubenkui  startServiceLocked  callerApp name com.google.android.gm
I/ActivityManager(  820): hubenkui  startServiceLocked callName com.google.android.gm
I/ActivityManager(  820): Delay finish: com.google.android.gm/.GoogleMailDeviceStartupReceiver
E/Gmail   ( 7286): Error finding the version of the Email provider.....
E/Gmail   ( 7286): android.content.pm.PackageManager$NameNotFoundException: com.google.android.email
E/Gmail   ( 7286): 	at android.app.ApplicationPackageManager.getPackageInfo(ApplicationPackageManager.java:114)
E/Gmail   ( 7286): 	at com.google.android.gm.EmailMigrationService.a(SourceFile:1240)
E/Gmail   ( 7286): 	at com.google.android.gm.EmailMigrationService.onHandleIntent(SourceFile:188)
E/Gmail   ( 7286): 	at android.app.IntentService$ServiceHandler.handleMessage(IntentService.java:65)
E/Gmail   ( 7286): 	at android.os.Handler.dispatchMessage(Handler.java:102)
E/Gmail   ( 7286): 	at android.os.Looper.loop(Looper.java:135)
E/Gmail   ( 7286): 	at android.os.HandlerThread.run(HandlerThread.java:61)
W/EmailMigration( 7286): We do not support migrating this version of the Email provider.
I/Gmail   ( 7286): getAccountsCursor
D/FineHome_PagedView( 4042): Case 2: finalPage = 1, mCurrentPage = 0, velocityX = -3146, mIsCycleSlidingBound = false
D/FineHome_Workspace( 4042): -----scrollX:222
D/FineHome_Workspace( 4042): ----updatesystemUIVisible in snapToPage
V/GLSActivity( 4373): AuthDelegateWrapperCreated with selected intent: Intent { cmp=com.google.android.gms/.auth.DefaultAuthDelegateService }
I/ActivityManager(  820): Resuming delayed broadcast
D/BroadcastQueue(  820): hubenkui  BroadcastQueue targetProcesscom.google.android.gm
V/ActivityManager(  820): hubenkui isExistProcess contains  packageNamecom.google.android.gm
I/ActivityManager(  820): hubenkui  startServiceLocked  callerApp name com.google.android.gm
I/ActivityManager(  820): hubenkui  startServiceLocked callName com.google.android.gm
I/ActivityManager(  820): Delay finish: com.google.android.gm/.MailIntentReceiver
V/GLSActivity( 4373): AuthDelegateWrapperCreated with selected intent: Intent { cmp=com.google.android.gms/.auth.DefaultAuthDelegateService }
W/art     ( 6928): Suspending all threads took: 6.262ms
V/GLSActivity( 4373): AuthDelegateWrapperCreated with selected intent: Intent { cmp=com.google.android.gms/.auth.DefaultAuthDelegateService }
I/Gmail   ( 7286): getAccountsCursor
V/GLSActivity( 4373): AuthDelegateWrapperCreated with selected intent: Intent { cmp=com.google.android.gms/.auth.DefaultAuthDelegateService }
I/ActivityManager(  820): Resuming delayed broadcast
D/BroadcastQueue(  820): hubenkui  BroadcastQueue targetProcesscom.google.android.gm
V/ActivityManager(  820): hubenkui isExistProcess contains  packageNamecom.google.android.gm
I/Gmail   ( 7286): getAccountsCursor
I/ActivityManager(  820): hubenkui  startServiceLocked  callerApp name com.google.android.gm
I/ActivityManager(  820): hubenkui  startServiceLocked callName com.google.android.gm
I/ActivityManager(  820): Delay finish: com.google.android.gm/com.android.email.service.EmailBroadcastReceiver
V/GLSActivity( 4373): AuthDelegateWrapperCreated with selected intent: Intent { cmp=com.google.android.gms/.auth.DefaultAuthDelegateService }
W/ActivityManager(  820): Unable to start service Intent { act=com.google.android.gm.email.EXCHANGE_INTENT pkg=com.google.android.gm.exchange } U=0: not found
I/ActivityManager(  820): hubenkui  startServiceLocked  callerApp name com.google.android.gm
I/ActivityManager(  820): hubenkui  startServiceLocked callName com.google.android.gm
W/ActivityManager(  820): Unable to start service Intent { act=com.google.android.gm.email.EXCHANGE_INTENT pkg=com.google.android.gm.exchange } U=0: not found
I/ActivityManager(  820): Resuming delayed broadcast
D/BroadcastQueue(  820): hubenkui  BroadcastQueue targetProcesscom.google.process.gapps
V/ActivityManager(  820): hubenkui isExistProcess contains  packageNamecom.google.process.gapps
I/ActivityManager(  820): Killing 4961:android.process.media/u0a8 (adj 15): empty #17
E/ActivityThread( 7286): Service com.android.email.service.EmailBroadcastProcessorService has leaked ServiceConnection com.android.emailcommon.service.aj@3f3fd349 that was originally bound here
E/ActivityThread( 7286): android.app.ServiceConnectionLeaked: Service com.android.email.service.EmailBroadcastProcessorService has leaked ServiceConnection com.android.emailcommon.service.aj@3f3fd349 that was originally bound here
E/ActivityThread( 7286): 	at android.app.LoadedApk$ServiceDispatcher.<init>(LoadedApk.java:1077)
E/ActivityThread( 7286): 	at android.app.LoadedApk.getServiceDispatcher(LoadedApk.java:971)
E/ActivityThread( 7286): 	at android.app.ContextImpl.bindServiceCommon(ContextImpl.java:1781)
E/ActivityThread( 7286): 	at android.app.ContextImpl.bindService(ContextImpl.java:1764)
E/ActivityThread( 7286): 	at android.content.ContextWrapper.bindService(ContextWrapper.java:539)
E/ActivityThread( 7286): 	at com.android.emailcommon.service.ah.a(SourceFile:181)
E/ActivityThread( 7286): 	at com.android.emailcommon.service.ah.e(SourceFile:224)
E/ActivityThread( 7286): 	at com.android.email.service.n.c(SourceFile:161)
E/ActivityThread( 7286): 	at com.android.email.provider.b.a(SourceFile:173)
E/ActivityThread( 7286): 	at com.android.email.provider.b.a(SourceFile:117)
E/ActivityThread( 7286): 	at com.android.email.service.EmailBroadcastProcessorService.c(SourceFile:318)
E/ActivityThread( 7286): 	at com.android.email.service.EmailBroadcastProcessorService.onHandleIntent(SourceFile:1308)
E/ActivityThread( 7286): 	at android.app.IntentService$ServiceHandler.handleMessage(IntentService.java:65)
E/ActivityThread( 7286): 	at android.os.Handler.dispatchMessage(Handler.java:102)
E/ActivityThread( 7286): 	at android.os.Looper.loop(Looper.java:135)
E/ActivityThread( 7286): 	at android.os.HandlerThread.run(HandlerThread.java:61)
W/ActivityManager(  820): Unbind failed: could not find connection for android.os.BinderProxy@2e16915b
I/ActivityManager(  820): hubenkui  startServiceLocked  callerApp name com.google.process.gapps
I/ActivityManager(  820): hubenkui  startServiceLocked callName com.google.process.gapps
D/BroadcastQueue(  820): hubenkui  BroadcastQueue targetProcesscom.android.phone
V/ActivityManager(  820): hubenkui isExistProcess contains  packageNamecom.android.phone
D/BroadcastQueue(  820): hubenkui  BroadcastQueue targetProcesscom.google.android.talk
V/ActivityManager(  820): hubenkui isExistProcess not contains  packageNamecom.google.android.talk
D/BroadcastQueue(  820): hubenkui  BroadcastQueue isExistProcess  targetProcesscom.google.android.talk
D/BroadcastQueue(  820): hubenkui  BroadcastQueue skipfalse
I/ActivityManager(  820): Start proc 7328:com.google.android.talk/u0a60 for broadcast com.google.android.talk/com.google.android.apps.hangouts.service.BootReceiver
V/ActivityManager(  820): hubenkui isExistProcess not contains  packageNamecom.android.providers.contacts
D/ActivityManager(  820): hubenkui mLruProcesses not  contains packageNamecom.android.providers.contacts
D/ActivityManager(  820): hubenkui mRebootBlackList  not contains packageNamecom.android.providers.contacts
D/StatusBar.MSimNetworkController( 3496): refreshViews phoneId =0mMSimDataConnected =false
D/StatusBar.MSimNetworkController( 3496): refreshViews mMSimDataActivity =0
D/StatusBar.MSimNetworkController( 3496): refreshViews: Data not connected!! Set no data type icon / Roaming for phoneId: 0
D/StatusBar.MSimNetworkController( 3496): refreshViews connected={ wifi } level=0 mMSimcombinedSignalIconId=0x7f0203d0/com.android.systemui:drawable/stat_sys_wifi_signal_3_fully mMSimcombinedActivityIconId=0x7f0203c6 mAirplaneMode=false mMSimDataActivity=0 mMSimPhoneSignalIconId=0x7f0203b9/com.android.systemui:drawable/stat_sys_signal_null mMSimDataDirectionIconId=0x0 mMSimDataSignalIconId=0x7f0203b9 mMSimDataTypeIconId=0x0/(null) mNoMSimIconId=0x7f0200d9/com.android.systemui:drawable/ic_qs_no_sim mMSimMobileActivityIconId=0x0/(null) mWifiIconId=0x7f0203d0 mBluetoothTetherIconId=0x108069b
D/MSimSignalClusterView( 3496): wifi: VISIBLE sig=2130838480 act=2130838470
D/MSimSignalClusterView( 3496): mobile[0]: VISIBLE sig=2130838457 type=0
D/MSimSignalClusterView( 3496): wifi: VISIBLE sig=2130838480 act=2130838470
D/MSimSignalClusterView( 3496): mobile[1]: VISIBLE sig=2130838457 type=0
D/MSimSignalClusterView( 3496): wifi: VISIBLE sig=2130838480 act=2130838470
D/MSimSignalClusterView( 3496): mobile[0]: VISIBLE sig=2130838457 type=0
D/MSimSignalClusterView( 3496): wifi: VISIBLE sig=2130838480 act=2130838470
D/MSimSignalClusterView( 3496): mobile[0]: VISIBLE sig=2130838457 type=0
D/MSimSignalClusterView( 3496): wifi: VISIBLE sig=2130838480 act=2130838470
D/MSimSignalClusterView( 3496): mobile[0]: VISIBLE sig=2130838457 type=0
D/MSimSignalClusterView( 3496): wifi: VISIBLE sig=2130838480 act=2130838470
D/MSimSignalClusterView( 3496): mobile[1]: VISIBLE sig=2130838457 type=0
D/StatusBar.MSimNetworkController( 3496): refreshSignalCluster, mMSimPhoneSignalIconId[0]=com.android.systemui:drawable/stat_sys_signal_null mMSimDataSignalIconId[0]=com.android.systemui:drawable/stat_sys_signal_null mMSimDataTypeIconId[0]=(null) mMSimMobileActivityIconId[0]=(null) mNoMSimIconId[0]=com.android.systemui:drawable/ic_qs_no_sim
D/MSimSignalClusterView( 3496): wifi: VISIBLE sig=2130838480 act=2130838470
D/MSimSignalClusterView( 3496): mobile[0]: VISIBLE sig=2130838457 type=0
D/MSimSignalClusterView( 3496): wifi: VISIBLE sig=2130838480 act=2130838470
D/MSimSignalClusterView( 3496): mobile[1]: VISIBLE sig=2130838457 type=0
D/MSimSignalClusterView( 3496): wifi: VISIBLE sig=2130838480 act=2130838470
D/MSimSignalClusterView( 3496): mobile[0]: VISIBLE sig=2130838457 type=0
D/MSimSignalClusterView( 3496): wifi: VISIBLE sig=2130838480 act=2130838470
D/MSimSignalClusterView( 3496): mobile[0]: VISIBLE sig=2130838457 type=0
D/MSimSignalClusterView( 3496): wifi: VISIBLE sig=2130838480 act=2130838470
D/MSimSignalClusterView( 3496): mobile[0]: VISIBLE sig=2130838457 type=0
D/MSimSignalClusterView( 3496): wifi: VISIBLE sig=2130838480 act=2130838470
D/MSimSignalClusterView( 3496): mobile[1]: VISIBLE sig=2130838457 type=0
D/StatusBar.MSimNetworkController( 3496): refreshSignalCluster, mMSimPhoneSignalIconId[0]=com.android.systemui:drawable/stat_sys_signal_null mMSimDataSignalIconId[0]=com.android.systemui:drawable/stat_sys_signal_null mMSimDataTypeIconId[0]=(null) mMSimMobileActivityIconId[0]=(null) mNoMSimIconId[0]=com.android.systemui:drawable/ic_qs_no_sim
D/MSimSignalClusterView( 3496): wifi: VISIBLE sig=2130838480 act=2130838470
D/MSimSignalClusterView( 3496): mobile[0]: VISIBLE sig=2130838457 type=0
D/MSimSignalClusterView( 3496): wifi: VISIBLE sig=2130838480 act=2130838470
D/MSimSignalClusterView( 3496): mobile[1]: VISIBLE sig=2130838457 type=0
D/MSimSignalClusterView( 3496): wifi: VISIBLE sig=2130838480 act=2130838470
D/MSimSignalClusterView( 3496): mobile[0]: VISIBLE sig=2130838457 type=0
D/MSimSignalClusterView( 3496): wifi: VISIBLE sig=2130838480 act=2130838470
D/MSimSignalClusterView( 3496): mobile[0]: VISIBLE sig=2130838457 type=0
D/MSimSignalClusterView( 3496): wifi: VISIBLE sig=2130838480 act=2130838470
D/MSimSignalClusterView( 3496): mobile[0]: VISIBLE sig=2130838457 type=0
D/MSimSignalClusterView( 3496): wifi: VISIBLE sig=2130838480 act=2130838470
D/MSimSignalClusterView( 3496): mobile[1]: VISIBLE sig=2130838457 type=0
D/StatusBar.MSimNetworkController( 3496): refreshSignalCluster, mMSimPhoneSignalIconId[0]=com.android.systemui:drawable/stat_sys_signal_null mMSimDataSignalIconId[0]=com.android.systemui:drawable/stat_sys_signal_null mMSimDataTypeIconId[0]=(null) mMSimMobileActivityIconId[0]=(null) mNoMSimIconId[0]=com.android.systemui:drawable/ic_qs_no_sim
D/MSimSignalClusterView( 3496): wifi: VISIBLE sig=2130838480 act=2130838470
D/MSimSignalClusterView( 3496): mobile[0]: VISIBLE sig=2130838457 type=0
D/MSimSignalClusterView( 3496): wifi: VISIBLE sig=2130838480 act=2130838470
D/MSimSignalClusterView( 3496): mobile[1]: VISIBLE sig=2130838457 type=0
D/MSimSignalClusterView( 3496): wifi: VISIBLE sig=2130838480 act=2130838470
D/MSimSignalClusterView( 3496): mobile[0]: VISIBLE sig=2130838457 type=0
D/MSimSignalClusterView( 3496): wifi: VISIBLE sig=2130838480 act=2130838470
D/MSimSignalClusterView( 3496): mobile[0]: VISIBLE sig=2130838457 type=0
D/MSimSignalClusterView( 3496): wifi: VISIBLE sig=2130838480 act=2130838470
D/MSimSignalClusterView( 3496): mobile[0]: VISIBLE sig=2130838457 type=0
D/MSimSignalClusterView( 3496): wifi: VISIBLE sig=2130838480 act=2130838470
D/MSimSignalClusterView( 3496): mobile[1]: VISIBLE sig=2130838457 type=0
D/StatusBar.MSimNetworkController( 3496): refreshSignalCluster, mMSimPhoneSignalIconId[0]=com.android.systemui:drawable/stat_sys_signal_null mMSimDataSignalIconId[0]=com.android.systemui:drawable/stat_sys_signal_null mMSimDataTypeIconId[0]=(null) mMSimMobileActivityIconId[0]=(null) mNoMSimIconId[0]=com.android.systemui:drawable/ic_qs_no_sim
D/Environment( 7328): isExternalSdcardPrimary hasSdcard = true isSwitch = false
D/wpa_supplicant( 3627): wlan0: Control interface command 'SIGNAL_POLL'
I/ActivityManager(  820): Start proc 7346:android.process.acore/u0a6 for content provider com.android.providers.contacts/.ContactsProvider2
D/workspace_expand( 4042): false
I/art     (  343): Explicit concurrent mark sweep GC freed 706(30KB) AllocSpace objects, 0(0B) LOS objects, 89% free, 114KB/1138KB, paused 251us total 22.665ms
D/Environment( 7346): isExternalSdcardPrimary hasSdcard = true isSwitch = false
I/art     (  343): Explicit concurrent mark sweep GC freed 5(160B) AllocSpace objects, 0(0B) LOS objects, 89% free, 114KB/1138KB, paused 258us total 22.797ms
W/ResourcesManager( 7328): Asset path '/system/framework/com.google.android.media.effects.jar' does not exist or contains no resources.
I/art     (  343): Explicit concurrent mark sweep GC freed 5(160B) AllocSpace objects, 0(0B) LOS objects, 89% free, 114KB/1138KB, paused 285us total 22.634ms
V/ContactsDatabaseHelper( 7346): setPermitedProcessNames() add [0]=com.facebook.katana
V/ContactsDatabaseHelper( 7346): setPermitedProcessNames() add [1]=com.facebook.wakizashi
V/ContactsDatabaseHelper( 7346): setPermitedProcessNames() add [2]=com.facebook.orca
V/ContactsDatabaseHelper( 7346): setPermitedProcessNames() add [3]=com.instagram.android
V/ContactsDatabaseHelper( 7346): setPermitedProcessNames() add [4]=com.android.mms
V/ContactsDatabaseHelper( 7346): setPermitedProcessNames() add [5]=com.android.email
V/ContactsDatabaseHelper( 7346): setPermitedProcessNames() add [6]=com.android.phone
V/ContactsDatabaseHelper( 7346): setPermitedProcessNames() add [7]=com.android.calendar
V/ContactsDatabaseHelper( 7346): setPermitedProcessNames() add [8]=com.android.contacts
V/ContactsDatabaseHelper( 7346): setPermitedProcessNames() add [9]=com.android.incallui
V/ContactsDatabaseHelper( 7346): setPermitedProcessNames() add [10]=com.android.dialer
V/ContactsDatabaseHelper( 7346): setPermitedProcessNames() add [11]=android.process.acore
V/ContactsDatabaseHelper( 7346): setPermitedProcessNames() add [12]=com.jbapps.contact
V/ContactsDatabaseHelper( 7346): setPermitedProcessNames() add [13]=com.cootek.smartdialer
V/ContactsDatabaseHelper( 7346): setPermitedProcessNames() add [14]=com.contapps.android
V/ContactsDatabaseHelper( 7346): setPermitedProcessNames() add [0]=com.facebook.katana
V/ContactsDatabaseHelper( 7346): setPermitedProcessNames() add [1]=com.facebook.wakizashi
V/ContactsDatabaseHelper( 7346): setPermitedProcessNames() add [2]=com.facebook.orca
V/ContactsDatabaseHelper( 7346): setPermitedProcessNames() add [3]=com.instagram.android
V/ContactsDatabaseHelper( 7346): setPermitedProcessNames() add [4]=com.android.mms
V/ContactsDatabaseHelper( 7346): setPermitedProcessNames() add [5]=com.android.email
V/ContactsDatabaseHelper( 7346): setPermitedProcessNames() add [6]=com.android.phone
V/ContactsDatabaseHelper( 7346): setPermitedProcessNames() add [7]=com.android.calendar
V/ContactsDatabaseHelper( 7346): setPermitedProcessNames() add [8]=com.android.contacts
V/ContactsDatabaseHelper( 7346): setPermitedProcessNames() add [9]=com.android.incallui
V/ContactsDatabaseHelper( 7346): setPermitedProcessNames() add [10]=com.android.dialer
V/ContactsDatabaseHelper( 7346): setPermitedProcessNames() add [11]=android.process.acore
V/ContactsDatabaseHelper( 7346): setPermitedProcessNames() add [12]=com.jbapps.contact
V/ContactsDatabaseHelper( 7346): setPermitedProcessNames() add [13]=com.cootek.smartdialer
V/ContactsDatabaseHelper( 7346): setPermitedProcessNames() add [14]=com.contapps.android
D/PowerManagerService(  820): getScreenOffTimeoutLocked:  isTestFlag = false
D/DisplayPowerController(  820): requestPowerState: policy=BRIGHT, useProximitySensor=false, screenBrightness=102, screenAutoBrightnessAdjustment=0.0, useAutoBrightness=false, blockScreenOn=false, lowPowerMode=false, boostScreenBrightness=false, dozeScreenBrightness=-1, dozeScreenState=UNKNOWN, waitForNegativeProximity=false
I/ContactLocale( 7346): AddressBook Labels [zh-CN]: [, A, B, C, D, E, F, G, H, I, J, K, L, M, N, O, P, Q, R, S, T, U, V, W, X, Y, Z, , , , , , , , , , , , , , , , , , , , , , , , , , , , , , , , , , , , , , , , , , , , , , , , , , , , , , , , , , , , , , , , , , , , , , , , , , , , , , , , , , , , , , , , , , , , , , , , , , , , , , , , , , , , , , , , , , , , , , , , , , , , , , , , , , , , , , , , , , , , , , , , , , , , , , , , , , , , , , , , , , , , , , , , , , , , , , , , , , , , , , , , , , , , #, ]
E/FineHome_Launcher( 4042): ---closemenu()
I/ActivityManager(  820): hubenkui  startServiceLocked  callerApp name com.google.android.talk
I/ActivityManager(  820): hubenkui  startServiceLocked callName com.google.android.talk
I/Babel   ( 7328): MmsConfig: mnc/mcc: 0/0
I/Babel   ( 7328): MmsConfig.loadMmsSettings
I/Babel   ( 7328): MmsConfig.loadDeviceMmsSettings from API: mUserAgent=Android-Mms/2.0, mUaProfUrl=http://www.google.com/oha/rdf/ua-profile-kila.xml
I/Babel   ( 7328): MmsConfig.loadFromDatabase
W/ResourcesManager( 7328): Asset path '/system/framework/com.qrd.wappush.jar' does not exist or contains no resources.
W/ResourcesManager( 7328): Asset path '/system/framework/rcs_service_api.jar' does not exist or contains no resources.
I/ActivityManager(  820): hubenkui  startServiceLocked  callerApp name com.google.android.gms
I/ActivityManager(  820): hubenkui  startServiceLocked callName com.google.android.gms
D/GCM     ( 4373): GcmService start Intent { act=com.google.android.c2dm.intent.REGISTER pkg=com.google.android.gms cmp=com.google.android.gms/.gcm.GcmService (has extras) } com.google.android.c2dm.intent.REGISTER
V/ActivityThread( 7328): getTopLevelResources, packageName:com.android.mms, name:com.google.android.talk, resDir:/system/priv-app/FineOSMms/FineOSMms.apk
V/ActivityThread( 7328): getTopLevelResources, packageName:com.google.android.talk, name:com.google.android.talk, resDir:/system/app/Hangouts/Hangouts.apk
E/GCM     ( 4373): Missing checkin config file
W/GCM     ( 4373): GCM FAILED TO INITIALIZE - missing checkin
E/Babel   ( 7328): canonicalizeMccMnc: invalid mccmnc 
I/Babel   ( 7328): MmsConfig.loadFromResources
D/FineHome_PagedView( 4042): Case 2: finalPage = 2, mCurrentPage = 1, velocityX = -3865, mIsCycleSlidingBound = false
V/ActivityThread( 7328): getTopLevelResources, packageName:com.baidu.appsearch, name:com.google.android.talk, resDir:/data/app/com.baidu.appsearch-1/base.apk
E/Babel   ( 7328): canonicalizeMccMnc: invalid mccmnc nullnull
D/FineHome_Workspace( 4042): -----scrollX:706
I/Babel   ( 7328): MmsConfig.loadMmsSettings: mUserAgent=Android-Mms/2.0, mUaProfUrl=http://www.google.com/oha/rdf/ua-profile-kila.xml
W/Settings( 7328): Setting airplane_mode_on has moved from android.provider.Settings.System to android.provider.Settings.Global, returning read-only value.
I/Babel_StickerModule( 7328): App launched.
I/Babel_StickerModule( 7328): Trying first logged in account.
W/art     ( 7328): Suspending all threads took: 8.909ms
I/SurfaceFlinger(  259): FPS: 43
W/Babel_StickerModule( 7328): Unable to load, account not configured.
I/Babel   ( 7328): TeleModule.launchCompleted
I/ActivityManager(  820): Killing 6902:com.yep.opt/1000 (adj 15): empty #17
V/ActivityThread( 7346): getTopLevelResources, packageName:com.android.providers.contacts, name:com.android.providers.contacts, resDir:/system/priv-app/ContactsProvider/ContactsProvider.apk
V/ActivityThread( 7346): getTopLevelResources, packageName:com.android.providers.contacts, name:com.android.providers.contacts, resDir:/system/priv-app/ContactsProvider/ContactsProvider.apk
I/Babel   ( 7328): TeleModule.updateConnectionManagerRegistration, registration preference changed from false to false
I/Babel   ( 7328): TeleModule.updateIncomingCallRegistration, preferred account for incoming calls changed from: null to null
W/ResourcesManager( 7328): Asset path '/system/framework/com.qrd.wappush.jar' does not exist or contains no resources.
W/ResourcesManager( 7328): Asset path '/system/framework/rcs_service_api.jar' does not exist or contains no resources.
V/ActivityThread( 7328): getTopLevelResources, packageName:com.android.mms, name:com.google.android.talk, resDir:/system/priv-app/FineOSMms/FineOSMms.apk
V/ActivityThread( 7328): getTopLevelResources, packageName:com.baidu.appsearch, name:com.google.android.talk, resDir:/data/app/com.baidu.appsearch-1/base.apk
V/Babel   ( 7328): babel boot account: SMS
W/Babel   ( 7328): EsDatabaseHelper.static should not be called on main thread [called on main thread]
W/Babel   ( 7328): java.lang.Exception
W/Babel   ( 7328): 	at com.google.android.apps.hangouts.phone.EsApplication.a(SourceFile:1133)
W/Babel   ( 7328): 	at aes.<clinit>(SourceFile:95)
W/Babel   ( 7328): 	at ckh.<init>(SourceFile:103)
W/Babel   ( 7328): 	at ckh.a(SourceFile:67)
W/Babel   ( 7328): 	at com.google.android.apps.hangouts.phone.EsApplication.c(SourceFile:733)
W/Babel   ( 7328): 	at bhn.a(SourceFile:301)
W/Babel   ( 7328): 	at bhn.a(SourceFile:137)
W/Babel   ( 7328): 	at bhn.a(SourceFile:126)
W/Babel   ( 7328): 	at bhn.a(SourceFile:159)
W/Babel   ( 7328): 	at com.google.android.apps.hangouts.service.BootReceiver.onReceive(SourceFile:72)
W/Babel   ( 7328): 	at android.app.ActivityThread.handleReceiver(ActivityThread.java:2642)
W/Babel   ( 7328): 	at android.app.ActivityThread.access$1700(ActivityThread.java:155)
W/Babel   ( 7328): 	at android.app.ActivityThread$H.handleMessage(ActivityThread.java:1391)
W/Babel   ( 7328): 	at android.os.Handler.dispatchMessage(Handler.java:102)
W/Babel   ( 7328): 	at android.os.Looper.loop(Looper.java:135)
W/Babel   ( 7328): 	at android.app.ActivityThread.main(ActivityThread.java:5287)
W/Babel   ( 7328): 	at java.lang.reflect.Method.invoke(Native Method)
W/Babel   ( 7328): 	at java.lang.reflect.Method.invoke(Method.java:372)
W/Babel   ( 7328): 	at com.android.internal.os.ZygoteInit$MethodAndArgsCaller.run(ZygoteInit.java:902)
W/Babel   ( 7328): 	at com.android.internal.os.ZygoteInit.main(ZygoteInit.java:697)
W/Babel   ( 7328): EsDatabaseHelper.getDatabaseHelper() [called on main thread]
W/Babel   ( 7328): java.lang.Exception
W/Babel   ( 7328): 	at com.google.android.apps.hangouts.phone.EsApplication.a(SourceFile:1133)
W/Babel   ( 7328): 	at aes.a(SourceFile:145)
W/Babel   ( 7328): 	at ckh.<init>(SourceFile:103)
W/Babel   ( 7328): 	at ckh.a(SourceFile:67)
W/Babel   ( 7328): 	at com.google.android.apps.hangouts.phone.EsApplication.c(SourceFile:733)
W/Babel   ( 7328): 	at bhn.a(SourceFile:301)
W/Babel   ( 7328): 	at bhn.a(SourceFile:137)
W/Babel   ( 7328): 	at bhn.a(SourceFile:126)
W/Babel   ( 7328): 	at bhn.a(SourceFile:159)
W/Babel   ( 7328): 	at com.google.android.apps.hangouts.service.BootReceiver.onReceive(SourceFile:72)
W/Babel   ( 7328): 	at android.app.ActivityThread.handleReceiver(ActivityThread.java:2642)
W/Babel   ( 7328): 	at android.app.ActivityThread.access$1700(ActivityThread.java:155)
W/Babel   ( 7328): 	at android.app.ActivityThread$H.handleMessage(ActivityThread.java:1391)
W/Babel   ( 7328): 	at android.os.Handler.dispatchMessage(Handler.java:102)
W/Babel   ( 7328): 	at android.os.Looper.loop(Looper.java:135)
W/Babel   ( 7328): 	at android.app.ActivityThread.main(ActivityThread.java:5287)
W/Babel   ( 7328): 	at java.lang.reflect.Method.invoke(Native Method)
W/Babel   ( 7328): 	at java.lang.reflect.Method.invoke(Method.java:372)
W/Babel   ( 7328): 	at com.android.internal.os.ZygoteInit$MethodAndArgsCaller.run(ZygoteInit.java:902)
W/Babel   ( 7328): 	at com.android.internal.os.ZygoteInit.main(ZygoteInit.java:697)
I/ActivityManager(  820): hubenkui  startServiceLocked  callerApp name com.google.android.talk
I/ActivityManager(  820): hubenkui  startServiceLocked callName com.google.android.talk
I/ActivityManager(  820): hubenkui  startServiceLocked  callerApp name com.google.android.talk
I/ActivityManager(  820): hubenkui  startServiceLocked callName com.google.android.talk
I/ActivityManager(  820): hubenkui  startServiceLocked  callerApp name com.google.android.talk
I/ActivityManager(  820): hubenkui  startServiceLocked callName com.google.android.talk
I/ActivityManager(  820): Delay finish: com.google.android.talk/com.google.android.apps.hangouts.service.BootReceiver
W/Babel   ( 7328): Error registering for GCM
W/Babel   ( 7328): java.io.IOException: AUTHENTICATION_FAILED
W/Babel   ( 7328): 	at dfu.a(Unknown Source)
W/Babel   ( 7328): 	at cbz.a(SourceFile:305)
W/Babel   ( 7328): 	at cbz.doInBackground(SourceFile:298)
W/Babel   ( 7328): 	at android.os.AsyncTask$2.call(AsyncTask.java:292)
W/Babel   ( 7328): 	at java.util.concurrent.FutureTask.run(FutureTask.java:237)
W/Babel   ( 7328): 	at android.os.AsyncTask$SerialExecutor$1.run(AsyncTask.java:231)
W/Babel   ( 7328): 	at java.util.concurrent.ThreadPoolExecutor.runWorker(ThreadPoolExecutor.java:1112)
W/Babel   ( 7328): 	at java.util.concurrent.ThreadPoolExecutor$Worker.run(ThreadPoolExecutor.java:587)
W/Babel   ( 7328): 	at java.lang.Thread.run(Thread.java:818)
W/AudioCapabilities( 7328): Unsupported mime audio/evrc
W/AudioCapabilities( 7328): Unsupported mime audio/qcelp
W/AudioCapabilities( 7328): Unsupported mime audio/qcelp
W/AudioCapabilities( 7328): Unsupported mime audio/evrc
W/VideoCapabilities( 7328): Unsupported mime video/divx
W/VideoCapabilities( 7328): Unsupported mime video/divx4
W/VideoCapabilities( 7328): Unrecognized profile/level 32768/2 for video/mp4v-es
W/VideoCapabilities( 7328): Unsupported mime video/mp4v-esdp
W/VideoCapabilities( 7328): Unsupported mime video/mp4v-esdp
I/VideoCapabilities( 7328): Unsupported profile 4 for video/mp4v-es
E/SQLiteLog( 7328): (284) automatic index on conversation_participants_view(conversation_id)
E/SQLiteLog( 7328): (284) automatic index on conversation_participants_view(conversation_id)
I/ActivityManager(  820): Resuming delayed broadcast
D/BroadcastQueue(  820): hubenkui  BroadcastQueue targetProcesscom.android.inputmethod.latin
V/ActivityManager(  820): hubenkui isExistProcess not contains  packageNamecom.android.inputmethod.latin
D/BroadcastQueue(  820): hubenkui  BroadcastQueue isExistProcess  targetProcesscom.android.inputmethod.latin
D/BroadcastQueue(  820): hubenkui  BroadcastQueue skipfalse
I/ActivityManager(  820): Start proc 7387:com.android.inputmethod.latin/u0a63 for broadcast com.android.inputmethod.latin/.SystemBroadcastReceiver
I/ActivityManager(  820): Killing 7019:com.google.android.gms:car/u0a18 (adj 15): empty #17
D/PowerManagerService(  820): getScreenOffTimeoutLocked:  isTestFlag = false
D/DisplayPowerController(  820): requestPowerState: policy=BRIGHT, useProximitySensor=false, screenBrightness=102, screenAutoBrightnessAdjustment=0.0, useAutoBrightness=false, blockScreenOn=false, lowPowerMode=false, boostScreenBrightness=false, dozeScreenBrightness=-1, dozeScreenState=UNKNOWN, waitForNegativeProximity=false
D/Environment( 7387): isExternalSdcardPrimary hasSdcard = true isSwitch = false
E/FineHome_Launcher( 4042): ---closemenu()
E/WifiStateMachine(  820): WifiStateMachine CMD_START_SCAN source -2 txSuccessRate=7.43 rxSuccessRate=28.98 targetRoamBSSID=any RSSI=-65
E/WifiStateMachine(  820): WifiStateMachine L2Connected CMD_START_SCAN source -2 9, 13 -> obsolete
D/FineHome_PagedView( 4042): Case 2: finalPage = 3, mCurrentPage = 2, velocityX = -1903, mIsCycleSlidingBound = false
D/FineHome_Workspace( 4042): -----scrollX:1252
I/SystemBroadcastReceiver( 7387): Boot has been completed
I/LauncherIconVisibilityManager( 7387): Activity has already been disabled: ComponentInfo{com.android.inputmethod.latin/com.android.inputmethod.latin.setup.SetupActivity}
I/SystemBroadcastReceiver( 7387): Killing my process: pid=7387
I/Process ( 7387): Sending signal. PID: 7387 SIG: 9
I/ActivityManager(  820): Waited long enough for: ServiceRecord{29206633 u0 com.baidu.appsearch/.RecvHandleService}
I/ActivityManager(  820): Process com.android.inputmethod.latin (pid 7387) has died
I/BackgroundMemoryTrimmer( 6840): Trimming objects from memory, since app is in the background.
D/BroadcastQueue(  820): hubenkui  BroadcastQueue targetProcesscom.huaqin.msa
V/ActivityManager(  820): hubenkui isExistProcess contains  packageNamecom.huaqin.msa
D/MSA     ( 3983): MTBFBootReceiver:>> onReceive, action=android.intent.action.BOOT_COMPLETED, enable=false
D/BroadcastQueue(  820): hubenkui  BroadcastQueue targetProcesscom.huaqin.msalog
V/ActivityManager(  820): hubenkui isExistProcess contains  packageNamecom.huaqin.msalog
D/BroadcastQueue(  820): hubenkui  BroadcastQueue targetProcesscom.google.android.apps.maps
V/ActivityManager(  820): hubenkui isExistProcess not contains  packageNamecom.google.android.apps.maps
D/BroadcastQueue(  820): hubenkui  BroadcastQueue isExistProcess  targetProcesscom.google.android.apps.maps
D/BroadcastQueue(  820): hubenkui  BroadcastQueue skipfalse
I/SurfaceFlinger(  259): FPS: 48
I/ActivityManager(  820): Start proc 7412:com.google.android.apps.maps/u0a67 for broadcast com.google.android.apps.maps/com.google.android.apps.gmm.iamhere.ble.StartBleServiceReceiver
D/Environment( 7412): isExternalSdcardPrimary hasSdcard = true isSwitch = false
E/art     ( 7412): Failed sending reply to debugger: Broken pipe
I/art     ( 7412): Debugger is no longer active
I/ActivityManager(  820): Waited long enough for: ServiceRecord{2231d925 u0 com.baidu.appsearch/com.baidu.android.pushservice.PushService}
I/ActivityManager(  820): Waited long enough for: ServiceRecord{2eb69fb4 u0 com.baidu.appsearch/com.baidu.hello.MoPlusService}
D/PowerManagerService(  820): getScreenOffTimeoutLocked:  isTestFlag = false
D/DisplayPowerController(  820): requestPowerState: policy=BRIGHT, useProximitySensor=false, screenBrightness=102, screenAutoBrightnessAdjustment=0.0, useAutoBrightness=false, blockScreenOn=false, lowPowerMode=false, boostScreenBrightness=false, dozeScreenBrightness=-1, dozeScreenState=UNKNOWN, waitForNegativeProximity=false
E/FineHome_Launcher( 4042): Onclick, intent:ComponentInfo{com.fineos.fileexplorer/com.fineos.fileexplorer.activity.FileExplorerMainActivity}
W/art     ( 4042): Suspending all threads took: 5.899ms
I/Timeline( 4042): Timeline: Activity_launch_request id:com.fineos.fileexplorer time:72696
I/ActivityManager(  820): START u0 {act=android.intent.action.MAIN cat=[android.intent.category.LAUNCHER] flg=0x10200000 cmp=com.fineos.fileexplorer/.activity.FileExplorerMainActivity bnds=[18,406][129,552]} from uid 10047 on display 0
I/art     ( 4042): Background sticky concurrent mark sweep GC freed 4883(203KB) AllocSpace objects, 0(0B) LOS objects, 4% free, 5MB/5MB, paused 10.530ms total 38.967ms
V/WindowManager(  820): addAppToken: AppWindowToken{201b317d token=Token{16f4ebd4 ActivityRecord{23c84d27 u0 com.fineos.fileexplorer/.activity.FileExplorerMainActivity t551}}} to stack=1 task=551 at 0
D/PowerManagerService(  820): getScreenOffTimeoutLocked:  isTestFlag = false
D/DisplayPowerController(  820): requestPowerState: policy=BRIGHT, useProximitySensor=false, screenBrightness=102, screenAutoBrightnessAdjustment=0.0, useAutoBrightness=false, blockScreenOn=false, lowPowerMode=false, boostScreenBrightness=false, dozeScreenBrightness=-1, dozeScreenState=UNKNOWN, waitForNegativeProximity=false
W/FineHome_Launcher( 4042): Launcher.onPause 
I/ViewRootImpl(  820): CPU Rendering VSync enable = true
V/WindowManager(  820): Adding window Window{283fd93b u0 Starting com.fineos.fileexplorer} at 2 of 5 (after Window{1a280dde u0 com.fineos.launcher/com.fineos.launcher.Launcher})
W/art     ( 7412): Suspending all threads took: 29.057ms
I/ActivityManager(  820): Start proc 7442:com.fineos.fileexplorer/u0a13 for activity com.fineos.fileexplorer/.activity.FileExplorerMainActivity
I/art     ( 7442): Late-enabling -Xcheck:jni
D/Environment( 7442): isExternalSdcardPrimary hasSdcard = true isSwitch = false
W/art     ( 7412): Suspending all threads took: 15.792ms
E/WifiStateMachine(  820): WifiStateMachine CMD_START_SCAN source -2 txSuccessRate=7.43 rxSuccessRate=28.98 targetRoamBSSID=any RSSI=-65
V/ActivityThread( 7442): getTopLevelResources, packageName:com.fineos.fileexplorer, name:com.fineos.fileexplorer, resDir:/system/priv-app/FineOSFileExplorer/FineOSFileExplorer.apk
I/SurfaceFlinger(  259): FPS: 28
I/ViewRootImpl( 7442): CPU Rendering VSync enable = true
D/OpenGLRenderer( 7442): Use EGL_SWAP_BEHAVIOR_PRESERVED: true
D/StorageFinderService( 7442): path is  : /storage/emulated/0
D/StorageFinderService( 7442): accepted path: /storage/emulated/0
D/StorageFinderService( 7442): path is  : /storage/sdcard1
D/Atlas   ( 7442): Validating map...
D/StrictMode( 7412): StrictMode policy violation; ~duration=582 ms: android.os.StrictMode$StrictModeDiskReadViolation: policy=31 violation=2
D/StrictMode( 7412): 	at android.os.StrictMode$AndroidBlockGuardPolicy.onReadFromDisk(StrictMode.java:1137)
D/StrictMode( 7412): 	at libcore.io.BlockGuardOs.open(BlockGuardOs.java:182)
D/StrictMode( 7412): 	at libcore.io.IoUtils.canOpenReadOnly(IoUtils.java:165)
D/StrictMode( 7412): 	at dalvik.system.DexPathList.findLibrary(DexPathList.java:383)
D/StrictMode( 7412): 	at dalvik.system.BaseDexClassLoader.findLibrary(BaseDexClassLoader.java:77)
D/StrictMode( 7412): 	at java.lang.Runtime.loadLibrary(Runtime.java:360)
D/StrictMode( 7412): 	at java.lang.System.loadLibrary(System.java:988)
D/StrictMode( 7412): 	at com.google.android.apps.gmm.map.util.jni.NativeHelper.initialize(PG:48)
D/StrictMode( 7412): 	at com.google.android.apps.gmm.map.l.g.<clinit>(PG:92)
D/StrictMode( 7412): 	at com.google.android.apps.gmm.base.app.a.a(PG:189)
D/StrictMode( 7412): 	at com.google.android.apps.gmm.base.app.a.a(PG:1211)
D/StrictMode( 7412): 	at com.google.android.apps.gmm.base.app.GoogleMapsApplication.a(PG:195)
D/StrictMode( 7412): 	at com.google.android.apps.gmm.base.app.GoogleMapsApplication.onCreate(PG:164)
D/StrictMode( 7412): 	at android.app.Instrumentation.callApplicationOnCreate(Instrumentation.java:1012)
D/StrictMode( 7412): 	at android.app.ActivityThread.handleBindApplication(ActivityThread.java:4586)
D/StrictMode( 7412): 	at android.app.ActivityThread.access$1500(ActivityThread.java:155)
D/StrictMode( 7412): 	at android.app.ActivityThread$H.handleMessage(ActivityThread.java:1375)
D/StrictMode( 7412): 	at android.os.Handler.dispatchMessage(Handler.java:102)
D/StrictMode( 7412): 	at android.os.Looper.loop(Looper.java:135)
D/StrictMode( 7412): 	at android.app.ActivityThread.main(ActivityThread.java:5287)
D/StrictMode( 7412): 	at java.lang.reflect.Method.invoke(Native Method)
D/StrictMode( 7412): 	at java.lang.reflect.Method.invoke(Method.java:372)
D/StrictMode( 7412): 	at com.android.internal.os.ZygoteInit$MethodAndArgsCaller.run(ZygoteInit.java:902)
D/StrictMode( 7412): 	at com.android.internal.os.ZygoteInit.main(ZygoteInit.java:697)
D/StrictMode( 7412): StrictMode policy violation; ~duration=448 ms: android.os.StrictMode$StrictModeDiskReadViolation: policy=31 violation=2
D/StrictMode( 7412): 	at android.os.StrictMode$AndroidBlockGuardPolicy.onReadFromDisk(StrictMode.java:1137)
D/StrictMode( 7412): 	at libcore.io.BlockGuardOs.access(BlockGuardOs.java:67)
D/StrictMode( 7412): 	at java.io.File.doAccess(File.java:283)
D/StrictMode( 7412): 	at java.io.File.exists(File.java:363)
D/StrictMode( 7412): 	at android.app.ContextImpl.createFilesDirLocked(ContextImpl.java:1002)
D/StrictMode( 7412): 	at android.app.ContextImpl.getFilesDir(ContextImpl.java:1025)
D/StrictMode( 7412): 	at android.app.ContextImpl.openFileInput(ContextImpl.java:967)
D/StrictMode( 7412): 	at android.content.ContextWrapper.openFileInput(ContextWrapper.java:176)
D/StrictMode( 7412): 	at com.google.android.apps.gmm.shared.f.h.a(PG:150)
D/StrictMode( 7412): 	at com.google.android.apps.gmm.map.l.s.a(PG:7682)
D/StrictMode( 7412): 	at com.google.b.a.ca.a(PG:125)
D/StrictMode( 7412): 	at com.google.android.apps.gmm.map.l.g.a(PG:1530)
D/StrictMode( 7412): 	at com.google.android.apps.gmm.base.app.a.a(PG:189)
D/StrictMode( 7412): 	at com.google.android.apps.gmm.base.app.a.a(PG:1211)
D/StrictMode( 7412): 	at com.google.android.apps.gmm.base.app.GoogleMapsApplication.a(PG:195)
D/StrictMode( 7412): 	at com.google.android.apps.gmm.base.app.GoogleMapsApplication.onCreate(PG:164)
D/StrictMode( 7412): 	at android.app.Instrumentation.callApplicationOnCreate(Instrumentation.java:1012)
D/StrictMode( 7412): 	at android.app.ActivityThread.handleBindApplication(ActivityThread.java:4586)
D/StrictMode( 7412): 	at android.app.ActivityThread.access$1500(ActivityThread.java:155)
D/StrictMode( 7412): 	at android.app.ActivityThread$H.handleMessage(ActivityThread.java:1375)
D/StrictMode( 7412): 	at android.os.Handler.dispatchMessage(Handler.java:102)
D/StrictMode( 7412): 	at android.os.Looper.loop(Looper.java:135)
D/StrictMode( 7412): 	at android.app.ActivityThread.main(ActivityThread.java:5287)
D/StrictMode( 7412): 	at java.lang.reflect.Method.invoke(Native Method)
D/StrictMode( 7412): 	at java.lang.reflect.Method.invoke(Method.java:372)
D/StrictMode( 7412): 	at com.android.internal.os.ZygoteInit$MethodAndArgsCaller.run(ZygoteInit.java:902)
D/StrictMode( 7412): 	at com.android.internal.os.ZygoteInit.main(ZygoteInit.java:697)
D/StrictMode( 7412): StrictMode policy violation; ~duration=446 ms: android.os.StrictMode$StrictModeDiskReadViolation: policy=31 violation=2
D/StrictMode( 7412): 	at android.os.StrictMode$AndroidBlockGuardPolicy.onReadFromDisk(StrictMode.java:1137)
D/StrictMode( 7412): 	at libcore.io.BlockGuardOs.open(BlockGuardOs.java:182)
D/StrictMode( 7412): 	at libcore.io.IoBridge.open(IoBridge.java:442)
D/StrictMode( 7412): 	at java.io.FileInputStream.<init>(FileInputStream.java:76)
D/StrictMode( 7412): 	at android.app.ContextImpl.openFileInput(ContextImpl.java:968)
D/StrictMode( 7412): 	at android.content.ContextWrapper.openFileInput(ContextWrapper.java:176)
D/StrictMode( 7412): 	at com.google.android.apps.gmm.shared.f.h.a(PG:150)
D/StrictMode( 7412): 	at com.google.android.apps.gmm.map.l.s.a(PG:7682)
D/StrictMode( 7412): 	at com.google.b.a.ca.a(PG:125)
D/StrictMode( 7412): 	at com.google.android.apps.gmm.map.l.g.a(PG:1530)
D/StrictMode( 7412): 	at com.google.android.apps.gmm.base.app.a.a(PG:189)
D/StrictMode( 7412): 	at com.google.android.apps.gmm.base.app.a.a(PG:1211)
D/StrictMode( 7412): 	at com.google.android.apps.gmm.base.app.GoogleMapsApplication.a(PG:195)
D/StrictMode( 7412): 	at com.google.android.apps.gmm.base.app.GoogleMapsApplication.onCreate(PG:164)
D/StrictMode( 7412): 	at android.app.Instrumentation.callApplicationOnCreate(Instrumentation.java:1012)
D/StrictMode( 7412): 	at android.app.ActivityThread.handleBindApplication(ActivityThread.java:4586)
D/StrictMode( 7412): 	at android.app.ActivityThread.access$1500(ActivityThread.java:155)
D/StrictMode( 7412): 	at android.app.ActivityThread$H.handleMessage(ActivityThread.java:1375)
D/StrictMode( 7412): 	at android.os.Handler.dispatchMessage(Handler.java:102)
D/StrictMode( 7412): 	at android.os.Looper.loop(Looper.java:135)
D/StrictMode( 7412): 	at android.app.ActivityThread.main(ActivityThread.java:5287)
D/StrictMode( 7412): 	at java.lang.reflect.Method.invoke(Native Method)
D/StrictMode( 7412): 	at java.lang.reflect.Method.invoke(Method.java:372)
D/StrictMode( 7412): 	at com.android.internal.os.ZygoteInit$MethodAndArgsCaller.run(ZygoteInit.java:902)
D/StrictMode( 7412): 	at com.android.internal.os.ZygoteInit.main(ZygoteInit.java:697)
D/StorageFinderService( 7442): accepted path: /storage/sdcard1
V/WindowManager(  820): Adding window Window{2b8133a5 u0 com.fineos.fileexplorer/com.fineos.fileexplorer.activity.FileExplorerMainActivity} at 2 of 6 (before Window{283fd93b u0 Starting com.fineos.fileexplorer})
D/BroadcastQueue(  820): hubenkui  BroadcastQueue targetProcesscom.qualcomm.qti.modemtestmode
V/ActivityManager(  820): hubenkui isExistProcess not contains  packageNamecom.qualcomm.qti.modemtestmode
D/BroadcastQueue(  820): hubenkui  BroadcastQueue isExistProcess  targetProcesscom.qualcomm.qti.modemtestmode
D/BroadcastQueue(  820): hubenkui  BroadcastQueue skipfalse
I/ActivityManager(  820): Start proc 7466:com.qualcomm.qti.modemtestmode/1000 for broadcast com.qualcomm.qti.modemtestmode/.DefaultReceiver
I/ActivityManager(  820): Killing 6928:com.android.vending/u0a23 (adj 15): empty #17
W/ActivityThread( 7412): ClassLoader.loadClass: The class loader returned by Thread.getContextClassLoader() may fail for processes that host multiple applications. You should explicitly specify a context class loader. For example: Thread.setContextClassLoader(getClass().getClassLoader());
D/Environment( 7466): isExternalSdcardPrimary hasSdcard = true isSwitch = false
W/XTWiFiLP(  820): timeoutFixSession fix session timed out
W/XTWiFiLP(  820): Dropping ZPP fix because value of HEPE is greater than set threshold -- ZPP HEPE(1634013.3 HEPE_Thres 25000
W/ContextImpl(  820): Calling a method in the system process without a qualified user: android.app.ContextImpl.sendBroadcast:1334 android.content.ContextWrapper.sendBroadcast:377 com.qualcomm.location.xtwifi.XTWiFiLocationProvider.broadcastNLPIntent:2020 com.qualcomm.location.xtwifi.XTWiFiLocationProvider.handleFixReportFromXtwifi:1511 com.qualcomm.location.xtwifi.XTWiFiLocationProvider.access$700:63 
W/com.google.a.a.b.d.a( 7412): Application name is not set. Call Builder#setApplicationName.
W/XTWiFiLP(  820): reInstallTbfTimer set timer to next fix: 86400000
D/PowerManagerService(  820): getScreenOffTimeoutLocked:  isTestFlag = false
D/DisplayPowerController(  820): requestPowerState: policy=BRIGHT, useProximitySensor=false, screenBrightness=102, screenAutoBrightnessAdjustment=0.0, useAutoBrightness=false, blockScreenOn=false, lowPowerMode=false, boostScreenBrightness=false, dozeScreenBrightness=-1, dozeScreenState=UNKNOWN, waitForNegativeProximity=false
W/ContextImpl(  820): Calling a method in the system process without a qualified user: android.app.ContextImpl.sendBroadcast:1334 android.content.ContextWrapper.sendBroadcast:377 com.qualcomm.location.xtwifi.XTWiFiLocationProvider.broadcastNLPIntent:2020 com.qualcomm.location.xtwifi.XTWiFiLocationProvider.reInstallTbfTimer:1163 com.qualcomm.location.xtwifi.XTWiFiLocationProvider.access$1000:63 
W/ResourcesManager( 7466): Asset path '/system/framework/qcrilhook.jar' does not exist or contains no resources.
D/BluetoothManagerService(  820): Message: 20
D/BluetoothManagerService(  820): Added callback: android.bluetooth.IBluetoothManagerCallback$Stub$Proxy@33bf4d46:true
I/Adreno-EGL( 7442): <qeglDrvAPI_eglInitialize:379>: EGL 1.4 QUALCOMM build: AU_LINUX_ANDROID_LA.BR.1.2.3_RB1.05.01.00.036.053_msm8909_LA.BR.1.2.3_RB1__release_AU (Iac7c2e2837)
I/Adreno-EGL( 7442): OpenGL ES Shader Compiler Version: E031.25.03.04
I/Adreno-EGL( 7442): Build Date: 07/14/15 Tue
I/Adreno-EGL( 7442): Local Branch: mybranch11953541
I/Adreno-EGL( 7442): Remote Branch: quic/LA.BR.1.2.3_rb1.65
I/Adreno-EGL( 7442): Local Patches: NONE
I/Adreno-EGL( 7442): Reconstruct Branch: AU_LINUX_ANDROID_LA.BR.1.2.3_RB1.05.01.00.036.053 + 7c4888a + 22ca218 + 855d166 + 95575a0 + 4193eef + 64d916f + 88f4cbe + c272012 +  NOTHING
I/OpenGLRenderer( 7442): Initialized EGL, version 1.4
D/OpenGLRenderer( 7442): Enabling debug mode 0
D/QC_RIL_OEM_HOOK( 7466): Starting QcrilMsgTunnel Service
