I/MultiDex( 4373): VM with version 2.1.0 has multidex support
I/MultiDex( 4373): install
I/MultiDex( 4373): VM has multidex support, MultiDex support library is disabled.
I/GCoreUlr( 4843): WorldUpdater:android.location.PROVIDERS_CHANGED: Ensuring that reporting is stopped because of reasons: (no Google accounts)
I/art     ( 4373): Background sticky concurrent mark sweep GC freed 6333(280KB) AllocSpace objects, 0(0B) LOS objects, 0% free, 2MB/2MB, paused 10.592ms total 88.781ms
I/ProviderInstaller( 4373): Insert disabled by gate 'gms:security:enable_conscrypt_in_gms_application'
I/GCoreUlr( 4843): Unbound from all location providers
W/System.err( 4843): java.net.ConnectException: failed to connect to www.google.com/216.58.221.100 (port 443) after 60000ms: isConnected failed: ECONNREFUSED (Connection refused)
I/SurfaceFlinger(  259): FPS: 51
W/art     ( 5679): Suspending all threads took: 17.513ms
W/System.err( 4843): 	at libcore.io.IoBridge.isConnected(IoBridge.java:238)
W/System.err( 4843): 	at libcore.io.IoBridge.connectErrno(IoBridge.java:171)
W/System.err( 4843): 	at libcore.io.IoBridge.connect(IoBridge.java:122)
W/System.err( 4843): 	at java.net.PlainSocketImpl.connect(PlainSocketImpl.java:183)
W/System.err( 4843): 	at java.net.PlainSocketImpl.connect(PlainSocketImpl.java:456)
W/System.err( 4843): 	at java.net.Socket.connect(Socket.java:882)
W/System.err( 4843): 	at com.android.okhttp.internal.Platform.connectSocket(Platform.java:174)
W/System.err( 4843): 	at com.android.okhttp.Connection.connect(Connection.java:152)
W/System.err( 4843): 	at com.android.okhttp.internal.http.HttpEngine.connect(HttpEngine.java:276)
W/System.err( 4843): 	at com.android.okhttp.internal.http.HttpEngine.sendRequest(HttpEngine.java:211)
W/System.err( 4843): 	at com.android.okhttp.internal.http.HttpURLConnectionImpl.execute(HttpURLConnectionImpl.java:382)
W/System.err( 4843): 	at com.android.okhttp.internal.http.HttpURLConnectionImpl.connect(HttpURLConnectionImpl.java:106)
W/System.err( 4843): 	at com.android.okhttp.internal.http.HttpURLConnectionImpl.getOutputStream(HttpURLConnectionImpl.java:217)
W/System.err( 4843): 	at com.android.okhttp.internal.http.DelegatingHttpsURLConnection.getOutputStream(DelegatingHttpsURLConnection.java:218)
W/System.err( 4843): 	at com.android.okhttp.internal.http.HttpsURLConnectionImpl.getOutputStream(HttpsURLConnectionImpl.java:25)
W/System.err( 4843): 	at com.google.android.gms.http.GoogleHttpClient.a(SourceFile:930)
W/System.err( 4843): 	at com.google.android.gms.http.GoogleHttpClient.a(SourceFile:774)
W/System.err( 4843): 	at com.google.android.gms.http.GoogleHttpClient.execute(SourceFile:676)
W/System.err( 4843): 	at com.google.android.gms.http.GoogleHttpClient.execute(SourceFile:661)
W/System.err( 4843): 	at com.google.s.a.b.a.b.g(SourceFile:126)
W/System.err( 4843): 	at com.google.s.a.b.a.b.c(SourceFile:172)
W/System.err( 4843): 	at com.google.y.a.d.run(SourceFile:418)
W/System.err( 4843): 	at com.google.y.a.c.b(SourceFile:224)
W/System.err( 4843): 	at com.google.y.a.c.run(SourceFile:198)
W/System.err( 4843): 	at com.google.s.a.c.b.run(SourceFile:96)
W/System.err( 4843): Caused by: android.system.ErrnoException: isConnected failed: ECONNREFUSED (Connection refused)
W/System.err( 4843): 	at libcore.io.IoBridge.isConnected(IoBridge.java:223)
W/System.err( 4843): 	... 24 more
D/VM_BMS  (  395): wake_lock acquired
D/VM_BMS  (  395): New BMS data - Size=56
D/VM_BMS  (  395): Start process_bms_data
D/VM_BMS  (  395): For batt_temp=304 fcc_mah=1982
D/VM_BMS  (  395): For ocv=4275000 batt_temp=304 soc=94
D/VM_BMS  (  395): fifo_count=5 acc_count=0
D/VM_BMS  (  395): INIT: ocv=4275000 last_ocv=4275000 batt_temp=304 soc=94
D/VM_BMS  (  395): For soc=94 batt_temp=304 slope=13600
D/VM_BMS  (  395): For soc=94 batt_temp=304 rbatt_sf=109
D/VM_BMS  (  395): rbatt_mohm_default=110, rbatt_mohm=119, sf=109 batt_temp=304
D/VM_BMS  (  395): For ocv=4274306 batt_temp=304 soc=94
D/VM_BMS  (  395): FIFO=0 fifo_avg=4.201903 rbatt=0.179000 slope=1.360000 ibatt=0.406426 ocv=4.274306 soc=94 fcc_ah=1.982000 sample_count=128 sample_interval=70 seq_num=0
D/VM_BMS  (  395): For soc=94 batt_temp=304 slope=13600
D/VM_BMS  (  395): For soc=94 batt_temp=304 rbatt_sf=109
D/VM_BMS  (  395): rbatt_mohm_default=110, rbatt_mohm=119, sf=109 batt_temp=304
D/VM_BMS  (  395): For ocv=4273947 batt_temp=304 soc=94
D/VM_BMS  (  395): FIFO=1 fifo_avg=4.236473 rbatt=0.179000 slope=1.360000 ibatt=0.210353 ocv=4.273947 soc=94 fcc_ah=1.982000 sample_count=128 sample_interval=70 seq_num=0
D/VM_BMS  (  395): For soc=94 batt_temp=304 slope=13600
D/VM_BMS  (  395): For soc=94 batt_temp=304 rbatt_sf=109
D/VM_BMS  (  395): rbatt_mohm_default=110, rbatt_mohm=119, sf=109 batt_temp=304
D/VM_BMS  (  395): For ocv=4274048 batt_temp=304 soc=94
D/VM_BMS  (  395): FIFO=2 fifo_avg=4.284590 rbatt=0.179000 slope=1.360000 ibatt=-0.059176 ocv=4.274048 soc=94 fcc_ah=1.982000 sample_count=128 sample_interval=70 seq_num=0
D/VM_BMS  (  395): For soc=94 batt_temp=304 slope=13600
D/VM_BMS  (  395): For soc=94 batt_temp=304 rbatt_sf=109
D/VM_BMS  (  395): rbatt_mohm_default=110, rbatt_mohm=119, sf=109 batt_temp=304
D/VM_BMS  (  395): For ocv=4273775 batt_temp=304 soc=94
D/VM_BMS  (  395): FIFO=3 fifo_avg=4.245330 rbatt=0.179000 slope=1.360000 ibatt=0.159674 ocv=4.273775 soc=94 fcc_ah=1.982000 sample_count=128 sample_interval=70 seq_num=0
D/VM_BMS  (  395): For soc=94 batt_temp=304 slope=13600
D/VM_BMS  (  395): For soc=94 batt_temp=304 rbatt_sf=109
D/VM_BMS  (  395): rbatt_mohm_default=110, rbatt_mohm=119, sf=109 batt_temp=304
D/VM_BMS  (  395): For ocv=4273648 batt_temp=304 soc=94
D/VM_BMS  (  395): FIFO=4 fifo_avg=4.260393 rbatt=0.179000 slope=1.360000 ibatt=0.074405 ocv=4.273648 soc=94 fcc_ah=1.982000 sample_count=128 sample_interval=70 seq_num=0
I/VM_BMS  (  395): power_supply_update: ocv_uv=4273648 ibatt=74404 soc=94 seq_num=0
D/VM_BMS  (  395): End process_bms_data
D/VM_BMS  (  395): wake_lock released
I/GCoreUlr( 4843): DispatchingService.onDestroy()
I/GCoreUlr( 4843): Unbound from all location providers
W/art     ( 4598): Suspending all threads took: 49.190ms
D/StrictMode( 5679): StrictMode policy violation; ~duration=1025 ms: android.os.StrictMode$StrictModeDiskReadViolation: policy=31 violation=2
D/StrictMode( 5679): 	at android.os.StrictMode$AndroidBlockGuardPolicy.onReadFromDisk(StrictMode.java:1137)
D/StrictMode( 5679): 	at libcore.io.BlockGuardOs.open(BlockGuardOs.java:182)
D/StrictMode( 5679): 	at libcore.io.IoUtils.canOpenReadOnly(IoUtils.java:165)
D/StrictMode( 5679): 	at dalvik.system.DexPathList.findLibrary(DexPathList.java:383)
D/StrictMode( 5679): 	at dalvik.system.BaseDexClassLoader.findLibrary(BaseDexClassLoader.java:77)
D/StrictMode( 5679): 	at java.lang.Runtime.loadLibrary(Runtime.java:360)
D/StrictMode( 5679): 	at java.lang.System.loadLibrary(System.java:988)
D/StrictMode( 5679): 	at com.google.android.apps.gmm.map.util.jni.NativeHelper.initialize(PG:48)
D/StrictMode( 5679): 	at com.google.android.apps.gmm.map.l.g.<clinit>(PG:92)
D/StrictMode( 5679): 	at com.google.android.apps.gmm.base.app.a.a(PG:189)
D/StrictMode( 5679): 	at com.google.android.apps.gmm.base.app.a.a(PG:1211)
D/StrictMode( 5679): 	at com.google.android.apps.gmm.base.app.GoogleMapsApplication.a(PG:195)
D/StrictMode( 5679): 	at com.google.android.apps.gmm.base.app.GoogleMapsApplication.onCreate(PG:164)
D/StrictMode( 5679): 	at android.app.Instrumentation.callApplicationOnCreate(Instrumentation.java:1012)
D/StrictMode( 5679): 	at android.app.ActivityThread.handleBindApplication(ActivityThread.java:4586)
D/StrictMode( 5679): 	at android.app.ActivityThread.access$1500(ActivityThread.java:155)
D/StrictMode( 5679): 	at android.app.ActivityThread$H.handleMessage(ActivityThread.java:1375)
D/StrictMode( 5679): 	at android.os.Handler.dispatchMessage(Handler.java:102)
D/StrictMode( 5679): 	at android.os.Looper.loop(Looper.java:135)
D/StrictMode( 5679): 	at android.app.ActivityThread.main(ActivityThread.java:5287)
D/StrictMode( 5679): 	at java.lang.reflect.Method.invoke(Native Method)
D/StrictMode( 5679): 	at java.lang.reflect.Method.invoke(Method.java:372)
D/StrictMode( 5679): 	at com.android.internal.os.ZygoteInit$MethodAndArgsCaller.run(ZygoteInit.java:902)
D/StrictMode( 5679): 	at com.android.internal.os.ZygoteInit.main(ZygoteInit.java:697)
D/StrictMode( 5679): StrictMode policy violation; ~duration=629 ms: android.os.StrictMode$StrictModeDiskReadViolation: policy=31 violation=2
D/StrictMode( 5679): 	at android.os.StrictMode$AndroidBlockGuardPolicy.onReadFromDisk(StrictMode.java:1137)
D/StrictMode( 5679): 	at libcore.io.BlockGuardOs.access(BlockGuardOs.java:67)
D/StrictMode( 5679): 	at java.io.File.doAccess(File.java:283)
D/StrictMode( 5679): 	at java.io.File.exists(File.java:363)
D/StrictMode( 5679): 	at android.app.ContextImpl.createFilesDirLocked(ContextImpl.java:1002)
D/StrictMode( 5679): 	at android.app.ContextImpl.getFilesDir(ContextImpl.java:1025)
D/StrictMode( 5679): 	at android.app.ContextImpl.openFileInput(ContextImpl.java:967)
D/StrictMode( 5679): 	at android.content.ContextWrapper.openFileInput(ContextWrapper.java:176)
D/StrictMode( 5679): 	at com.google.android.apps.gmm.shared.f.h.a(PG:150)
D/StrictMode( 5679): 	at com.google.android.apps.gmm.map.l.s.a(PG:7682)
D/StrictMode( 5679): 	at com.google.b.a.ca.a(PG:125)
D/StrictMode( 5679): 	at com.google.android.apps.gmm.map.l.g.a(PG:1530)
D/StrictMode( 5679): 	at com.google.android.apps.gmm.base.app.a.a(PG:189)
D/StrictMode( 5679): 	at com.google.android.apps.gmm.base.app.a.a(PG:1211)
D/StrictMode( 5679): 	at com.google.android.apps.gmm.base.app.GoogleMapsApplication.a(PG:195)
D/StrictMode( 5679): 	at com.google.android.apps.gmm.base.app.GoogleMapsApplication.onCreate(PG:164)
D/StrictMode( 5679): 	at android.app.Instrumentation.callApplicationOnCreate(Instrumentation.java:1012)
D/StrictMode( 5679): 	at android.app.ActivityThread.handleBindApplication(ActivityThread.java:4586)
D/StrictMode( 5679): 	at android.app.ActivityThread.access$1500(ActivityThread.java:155)
D/StrictMode( 5679): 	at android.app.ActivityThread$H.handleMessage(ActivityThread.java:1375)
D/StrictMode( 5679): 	at android.os.Handler.dispatchMessage(Handler.java:102)
D/StrictMode( 5679): 	at android.os.Looper.loop(Looper.java:135)
D/StrictMode( 5679): 	at android.app.ActivityThread.main(ActivityThread.java:5287)
D/StrictMode( 5679): 	at java.lang.reflect.Method.invoke(Native Method)
D/StrictMode( 5679): 	at java.lang.reflect.Method.invoke(Method.java:372)
D/StrictMode( 5679): 	at com.android.internal.os.ZygoteInit$MethodAndArgsCaller.run(ZygoteInit.java:902)
D/StrictMode( 5679): 	at com.android.internal.os.ZygoteInit.main(ZygoteInit.java:697)
D/StrictMode( 5679): StrictMode policy violation; ~duration=627 ms: android.os.StrictMode$StrictModeDiskReadViolation: policy=31 violation=2
D/StrictMode( 5679): 	at android.os.StrictMode$AndroidBlockGuardPolicy.onReadFromDisk(StrictMode.java:1137)
D/StrictMode( 5679): 	at libcore.io.BlockGuardOs.open(BlockGuardOs.java:182)
D/StrictMode( 5679): 	at libcore.io.IoBridge.open(IoBridge.java:442)
D/StrictMode( 5679): 	at java.io.FileInputStream.<init>(FileInputStream.java:76)
D/StrictMode( 5679): 	at android.app.ContextImpl.openFileInput(ContextImpl.java:968)
D/StrictMode( 5679): 	at android.content.ContextWrapper.openFileInput(ContextWrapper.java:176)
D/StrictMode( 5679): 	at com.google.android.apps.gmm.shared.f.h.a(PG:150)
D/StrictMode( 5679): 	at com.google.android.apps.gmm.map.l.s.a(PG:7682)
D/StrictMode( 5679): 	at com.google.b.a.ca.a(PG:125)
D/StrictMode( 5679): 	at com.google.android.apps.gmm.map.l.g.a(PG:1530)
D/StrictMode( 5679): 	at com.google.android.apps.gmm.base.app.a.a(PG:189)
D/StrictMode( 5679): 	at com.google.android.apps.gmm.base.app.a.a(PG:1211)
D/StrictMode( 5679): 	at com.google.android.apps.gmm.base.app.GoogleMapsApplication.a(PG:195)
D/StrictMode( 5679): 	at com.google.android.apps.gmm.base.app.GoogleMapsApplication.onCreate(PG:164)
D/StrictMode( 5679): 	at android.app.Instrumentation.callApplicationOnCreate(Instrumentation.java:1012)
D/StrictMode( 5679): 	at android.app.ActivityThread.handleBindApplication(ActivityThread.java:4586)
D/StrictMode( 5679): 	at android.app.ActivityThread.access$1500(ActivityThread.java:155)
D/StrictMode( 5679): 	at android.app.ActivityThread$H.handleMessage(ActivityThread.java:1375)
D/StrictMode( 5679): 	at android.os.Handler.dispatchMessage(Handler.java:102)
D/StrictMode( 5679): 	at android.os.Looper.loop(Looper.java:135)
D/StrictMode( 5679): 	at android.app.ActivityThread.main(ActivityThread.java:5287)
D/StrictMode( 5679): 	at java.lang.reflect.Method.invoke(Native Method)
D/StrictMode( 5679): 	at java.lang.reflect.Method.invoke(Method.java:372)
D/StrictMode( 5679): 	at com.android.internal.os.ZygoteInit$MethodAndArgsCaller.run(ZygoteInit.java:902)
D/StrictMode( 5679): 	at com.android.internal.os.ZygoteInit.main(ZygoteInit.java:697)
D/BluetoothAdapter( 3824): 716334154: getState() :  mService = null. Returning STATE_OFF
W/art     ( 5679): Suspending all threads took: 53.455ms
I/ServiceManager(  352): Waiting for service AtCmdFwd...
D/wpa_supplicant( 3627): wlan0: Control interface command 'SIGNAL_POLL'
W/com.google.a.a.b.d.a( 5679): Application name is not set. Call Builder#setApplicationName.
D/BluetoothManagerService(  820): Message: 20
D/BluetoothManagerService(  820): Added callback: android.bluetooth.IBluetoothManagerCallback$Stub$Proxy@24777cc8:true
D/Environment( 5759): isExternalSdcardPrimary hasSdcard = true isSwitch = false
D/Environment( 5779): isExternalSdcardPrimary hasSdcard = true isSwitch = false
I/SurfaceFlinger(  259): FPS: 58
E/AlarmClock( 5759): City lists sizes are not the same, trancating
E/AlarmClock( 5759): City lists sizes are not the same, trancating
D/SimStateReceiver( 5779): received broadcast android.intent.action.SIM_STATE_CHANGED
D/SimStateReceiver( 5779): ACTION_SIM_STATE_CHANGED intent received on sub = 0SIM STATE IS NOT_READY
D/SimContactsService( 5779): service onCreate!
D/SimContactsService( 5779): service onStart!
D/SimContactsService( 5779): SIM contacts auto-sync is not enabled!
D/SimContactsService( 5779): on sim state changed event, state:2
D/QC_RIL_OEM_HOOK( 4022): Starting QcrilMsgTunnel Service
D/QC_RIL_OEM_HOOK( 4022): The QcrilMsgTunnelService will be connected soon 
D/QC_RIL_OEM_HOOK( 4022): Registering for intent ACTION_UNSOL_RESPONSE_OEM_HOOK_RAW
D/DefaultReceiver( 4022): receive android.intent.action.SIM_STATE_CHANGED
D/CardStateMonitor( 4022): on EVENT_ICC_CHANGED
D/CardStateMonitor( 4022): ICC changed on sub0, state is CARDSTATE_ABSENT
D/CardStateMonitor( 4022): ICC changed on sub1, state is CARDSTATE_ABSENT
D/SimContactsService( 5779): deleteDatabaseSimContacts
D/SimStateReceiver( 5779): received broadcast android.intent.action.SIM_STATE_CHANGED
D/SimDetector( 4022): on EVENT MSG_ALL_CARDS_AVAILABLE
D/SimDetector( 4022): isCardInfoChanged sub0 iccid=null, iccIdInSP=
D/SimDetector( 4022): isCardInfoChanged sub1 iccid=null, iccIdInSP=
D/SimDetector( 4022): all cards absent
D/SimDetector( 4022): isCardAbsent true on slot0
D/SimDetector( 4022): isCardInfoChanged sub0 iccid=null, iccIdInSP=
D/SimDetector( 4022): onYepAllCardsAvailable mAllCardsAbsent=true,mCardChanged=false,mPrimarySlotChanged=false
D/SimDetector( 4022): onYepAllCardsAvailable: dds:0
D/SimDetector( 4022): isCardAbsent true on slot0
D/FeatureService( 4022): EVENT_SERVICE_CHANGED on slot=0, dds=0
D/ApnController( 4022): updateApn: invalid icc numeric, null
D/FeatureService( 4022): EVENT_SERVICE_CHANGED on slot=1, dds=0
D/Environment( 5806): isExternalSdcardPrimary hasSdcard = true isSwitch = false
D/SimStateReceiver( 5779): ACTION_SIM_STATE_CHANGED intent received on sub = 1SIM STATE IS NOT_READY
E/art     ( 5806): Failed sending reply to debugger: Broken pipe
I/art     ( 5806): Debugger is no longer active
D/SimContactsService( 5779): service onStart!
D/SimContactsService( 5779): SIM contacts auto-sync is not enabled!
D/SimContactsService( 5779): on sim state changed event, state:2
D/QcrilMsgTunnelService( 5806): onCreate method
D/QcrilMsgTunnelIfaceManager( 5806): :Instantiated
D/DefaultReceiver( 4022): receive android.intent.action.SIM_STATE_CHANGED
V/QcrilMsgTunnelSocket( 5806): Starting QcRil Sender & Receiver threads
D/DefaultReceiver( 4022): receive com.android.phone.ACTION_PHONE_READY
I/QcrilMsgTunnelSocket( 5806): Connected to 'qmux_radio/rild_oem0' socket
D/QcrilMsgTunnelIfaceManager( 5806): Registered SUB0 for UNSOL OEM HOOK to deliver external apps
V/QcrilMsgTunnelSocket( 5806): Starting QcRil Sender & Receiver threads
D/QcrilMsgTunnelIfaceManager( 5806): Registered SUB1 for UNSOL OEM HOOK to deliver external apps
D/QcrilMsgTunnelService( 5806): Returning mHookIface for QcrilMsgTunnelService binding.
I/QcrilMsgTunnelSocket( 5806): Connected to 'qmux_radio/rild_oem1' socket
D/SimContactsService( 5779): deleteDatabaseSimContacts
D/QC_RIL_OEM_HOOK( 4022): QcrilMsgTunnelService Connected Successfully (onServiceConnected)
D/QC_RIL_OEM_HOOK( 4022): Calling onQcRilHookReady callback
I/ServiceManager(  352): Waiting for service AtCmdFwd...
D/Environment( 5830): isExternalSdcardPrimary hasSdcard = true isSwitch = false
V/CellBroadcastConfigUtils( 5830): CellBroadcastReceiver.init()
I/CellBroadcastConfigUtils( 5830): loadCbsSettings caught
I/CellBroadcastConfigUtils( 5830): java.io.FileNotFoundException: data/cust/xml/cbs_config.xml: open failed: ENOENT (No such file or directory)
I/CellBroadcastConfigUtils( 5830): 	at libcore.io.IoBridge.open(IoBridge.java:456)
I/CellBroadcastConfigUtils( 5830): 	at java.io.FileInputStream.<init>(FileInputStream.java:76)
I/CellBroadcastConfigUtils( 5830): 	at java.io.FileInputStream.<init>(FileInputStream.java:103)
I/CellBroadcastConfigUtils( 5830): 	at com.android.cellbroadcastreceiver.CellBroadcastConfigUtils.init(CellBroadcastConfigUtils.java:119)
I/CellBroadcastConfigUtils( 5830): 	at com.android.cellbroadcastreceiver.CellBroadcastReceiverApp.onCreate(CellBroadcastReceiverApp.java:49)
I/CellBroadcastConfigUtils( 5830): 	at android.app.Instrumentation.callApplicationOnCreate(Instrumentation.java:1012)
I/CellBroadcastConfigUtils( 5830): 	at android.app.ActivityThread.handleBindApplication(ActivityThread.java:4586)
I/CellBroadcastConfigUtils( 5830): 	at android.app.ActivityThread.access$1500(ActivityThread.java:155)
I/CellBroadcastConfigUtils( 5830): 	at android.app.ActivityThread$H.handleMessage(ActivityThread.java:1375)
I/CellBroadcastConfigUtils( 5830): 	at android.os.Handler.dispatchMessage(Handler.java:102)
I/CellBroadcastConfigUtils( 5830): 	at android.os.Looper.loop(Looper.java:135)
I/CellBroadcastConfigUtils( 5830): 	at android.app.ActivityThread.main(ActivityThread.java:5287)
I/CellBroadcastConfigUtils( 5830): 	at java.lang.reflect.Method.invoke(Native Method)
I/CellBroadcastConfigUtils( 5830): 	at java.lang.reflect.Method.invoke(Method.java:372)
I/CellBroadcastConfigUtils( 5830): 	at com.android.internal.os.ZygoteInit$MethodAndArgsCaller.run(ZygoteInit.java:902)
I/CellBroadcastConfigUtils( 5830): 	at com.android.internal.os.ZygoteInit.main(ZygoteInit.java:697)
I/CellBroadcastConfigUtils( 5830): Caused by: android.system.ErrnoException: open failed: ENOENT (No such file or directory)
I/CellBroadcastConfigUtils( 5830): 	at libcore.io.Posix.open(Native Method)
I/CellBroadcastConfigUtils( 5830): 	at libcore.io.BlockGuardOs.open(BlockGuardOs.java:186)
I/CellBroadcastConfigUtils( 5830): 	at libcore.io.IoBridge.open(IoBridge.java:442)
I/CellBroadcastConfigUtils( 5830): 	... 15 more
V/CellBroadcastConfigUtils( 5830): R.xml.cbs_config
D/CellBroadcastReceiver( 5830): onReceive Intent { act=android.intent.action.SERVICE_STATE flg=0x10 cmp=com.android.cellbroadcastreceiver/.CellBroadcastReceiver (has extras) }
D/CellBroadcastReceiver( 5830): Intent ACTION_SERVICE_STATE_CHANGED
D/CellBroadcastReceiver( 5830): Service state changed! 3 Full: 3 3 home null null null  Unknown Unknown CSS not supported -1 -1 RoamInd=-1 DefRoamInd=-1 EmergOnly=false Current state=-1
D/Environment( 5849): isExternalSdcardPrimary hasSdcard = true isSwitch = false
I/SurfaceFlinger(  259): FPS: 29
I/MusicStore( 5849): Database version: 108
V/JNIHelp ( 5849): Registering com/google/android/gms/org/conscrypt/NativeCrypto's 227 native methods...
W/art     ( 5849): Suspending all threads took: 5.681ms
I/ProviderInstaller( 5849): Installed default security provider GmsCore_OpenSSL
D/AndroidMusic( 5849): GMSCore installation verified
I/ServiceManager(  352): Waiting for service AtCmdFwd...
I/ConfigStore( 5849): Config Database version: 1
E/AudioPolicyManager(  317): unknown stream type 13
E/AudioPolicyManager(  317): unknown stream type 13
I/MediaRouter( 5849): Found default route: MediaRouter.RouteInfo{ uniqueId=android/.support.v7.media.SystemMediaRouteProvider:DEFAULT_ROUTE, name=, description=null, enabled=true, connecting=false, canDisconnect=false, playbackType=0, playbackStream=3, volumeHandling=1, volume=1, volumeMax=15, presentationDisplayId=-1, extras=null, settingsIntent=null, providerPackageName=android }
V/MusicLeanback( 5849): onReceive: Intent { act=android.net.conn.CONNECTIVITY_CHANGE flg=0x4000010 cmp=com.google.android.music/.leanback.notifications.LeanbackRecommendationsService$LeanbackRecommendationReceiver (has extras) }
I/NetworkMonitor( 5849): type=WIFI subType= reason=null isConnected=true
I/NetworkMonitor( 5849): type=WIFI subType= reason=null isConnected=true
I/GHttpClientFactory( 5849): Using the GMSCore's GoogleHttpClient
D/DownloadManager( 4961): Download info status: 200 visibility: 0
D/DownloadManager( 4961): Download info status: 200 visibility: 0
D/DownloadManager( 4961): Download info status: 200 visibility: 0
D/Environment( 5889): isExternalSdcardPrimary hasSdcard = true isSwitch = false
I/SurfaceFlinger(  259): FPS: 59
D/Notification( 4333): package name=com.baidu.appsearch
D/Notification( 4333): mUseChronometer = false
D/Notification( 4333): package name=com.baidu.appsearch
D/Notification( 4333): mUseChronometer = false
D/Notification( 4333): package name=com.baidu.appsearch
D/Notification( 4333): mUseChronometer = false
D/Notification( 3496): package name=com.baidu.appsearch
D/Notification( 3496): mUseChronometer = false
D/Notification( 4333): package name=com.baidu.appsearch
D/Notification( 4333): mUseChronometer = false
W/art     ( 5595): Suspending all threads took: 8.441ms
D/Notification( 3496): package name=com.baidu.appsearch
D/Notification( 3496): mUseChronometer = false
V/LockScreenHQ.ZipLoader( 3496): getConfigXmlInputStream,xmlfilename=customlock.xml
V/LockScreenHQ.ZipLoader( 3496): getConfigXmlInputStream,zipFile=java.util.zip.ZipFile@2b726865,zipEntry=customlock.xml
V/LockScreenHQ.ZipLoader( 3496): getXMLResourceParser,is=java.util.zip.ZipFile$ZipInflaterInputStream@3ea3693a
V/LockScreenHQ.ZipLoader( 3496): getCurrentLockTheme,parser=org.kxml2.io.KXmlParser@127fa9eb
V/LockScreenHQ.ZipLoader( 3496): getCurrentLockTheme,tagName=Lockscreen
V/LockScreenHQ.ZipLoader( 3496): getCurrentLockTheme,lockType=allure
V/FineOSUtilities( 3496): mLockType: allure,isKeyguardSecure():false
V/LockScreenHQ.ZipLoader( 3496): getConfigXmlInputStream,xmlfilename=customlock.xml
V/LockScreenHQ.ZipLoader( 3496): getConfigXmlInputStream,zipFile=java.util.zip.ZipFile@1ce32348,zipEntry=customlock.xml
V/LockScreenHQ.ZipLoader( 3496): getXMLResourceParser,is=java.util.zip.ZipFile$ZipInflaterInputStream@132625e1
V/LockScreenHQ.ZipLoader( 3496): getCurrentLockTheme,parser=org.kxml2.io.KXmlParser@33cedf06
V/LockScreenHQ.ZipLoader( 3496): getCurrentLockTheme,tagName=Lockscreen
V/LockScreenHQ.ZipLoader( 3496): getCurrentLockTheme,lockType=allure
V/FineOSUtilities( 3496): mLockType: allure,isKeyguardSecure():false
V/LockScreenHQ.ZipLoader( 3496): getConfigXmlInputStream,xmlfilename=customlock.xml
V/LockScreenHQ.ZipLoader( 3496): getConfigXmlInputStream,zipFile=java.util.zip.ZipFile@1bacf9c7,zipEntry=customlock.xml
V/LockScreenHQ.ZipLoader( 3496): getXMLResourceParser,is=java.util.zip.ZipFile$ZipInflaterInputStream@33ab2bf4
V/LockScreenHQ.ZipLoader( 3496): getCurrentLockTheme,parser=org.kxml2.io.KXmlParser@19fe3f1d
V/LockScreenHQ.ZipLoader( 3496): getCurrentLockTheme,tagName=Lockscreen
V/LockScreenHQ.ZipLoader( 3496): getCurrentLockTheme,lockType=allure
V/FineOSUtilities( 3496): mLockType: allure,isKeyguardSecure():false
V/LockScreenHQ.ZipLoader( 3496): getConfigXmlInputStream,xmlfilename=customlock.xml
V/LockScreenHQ.ZipLoader( 3496): getConfigXmlInputStream,zipFile=java.util.zip.ZipFile@35e9e592,zipEntry=customlock.xml
V/LockScreenHQ.ZipLoader( 3496): getXMLResourceParser,is=java.util.zip.ZipFile$ZipInflaterInputStream@19756b63
V/LockScreenHQ.ZipLoader( 3496): getCurrentLockTheme,parser=org.kxml2.io.KXmlParser@f491360
V/LockScreenHQ.ZipLoader( 3496): getCurrentLockTheme,tagName=Lockscreen
V/LockScreenHQ.ZipLoader( 3496): getCurrentLockTheme,lockType=allure
V/FineOSUtilities( 3496): mLockType: allure,isKeyguardSecure():false
V/LockScreenHQ.ZipLoader( 3496): getConfigXmlInputStream,xmlfilename=customlock.xml
V/LockScreenHQ.ZipLoader( 3496): getConfigXmlInputStream,zipFile=java.util.zip.ZipFile@1f42e3db,zipEntry=customlock.xml
V/LockScreenHQ.ZipLoader( 3496): getXMLResourceParser,is=java.util.zip.ZipFile$ZipInflaterInputStream@749ee78
V/LockScreenHQ.ZipLoader( 3496): getCurrentLockTheme,parser=org.kxml2.io.KXmlParser@9f34951
V/LockScreenHQ.ZipLoader( 3496): getCurrentLockTheme,tagName=Lockscreen
V/LockScreenHQ.ZipLoader( 3496): getCurrentLockTheme,lockType=allure
V/FineOSUtilities( 3496): mLockType: allure,isKeyguardSecure():false
V/LockScreenHQ.ZipLoader( 3496): getConfigXmlInputStream,xmlfilename=customlock.xml
V/LockScreenHQ.ZipLoader( 3496): getConfigXmlInputStream,zipFile=java.util.zip.ZipFile@229315b6,zipEntry=customlock.xml
V/LockScreenHQ.ZipLoader( 3496): getXMLResourceParser,is=java.util.zip.ZipFile$ZipInflaterInputStream@a01e2b7
V/LockScreenHQ.ZipLoader( 3496): getCurrentLockTheme,parser=org.kxml2.io.KXmlParser@266b7a24
V/LockScreenHQ.ZipLoader( 3496): getCurrentLockTheme,tagName=Lockscreen
V/LockScreenHQ.ZipLoader( 3496): getCurrentLockTheme,lockType=allure
V/FineOSUtilities( 3496): mLockType: allure,isKeyguardSecure():false
V/LockScreenHQ.ZipLoader( 3496): getConfigXmlInputStream,xmlfilename=customlock.xml
V/LockScreenHQ.ZipLoader( 3496): getConfigXmlInputStream,zipFile=java.util.zip.ZipFile@36d2298d,zipEntry=customlock.xml
V/LockScreenHQ.ZipLoader( 3496): getXMLResourceParser,is=java.util.zip.ZipFile$ZipInflaterInputStream@1032d742
V/LockScreenHQ.ZipLoader( 3496): getCurrentLockTheme,parser=org.kxml2.io.KXmlParser@2247f353
V/LockScreenHQ.ZipLoader( 3496): getCurrentLockTheme,tagName=Lockscreen
V/LockScreenHQ.ZipLoader( 3496): getCurrentLockTheme,lockType=allure
V/FineOSUtilities( 3496): mLockType: allure,isKeyguardSecure():false
V/LockScreenHQ.ZipLoader( 3496): getConfigXmlInputStream,xmlfilename=customlock.xml
V/LockScreenHQ.ZipLoader( 3496): getConfigXmlInputStream,zipFile=java.util.zip.ZipFile@9f81490,zipEntry=customlock.xml
V/LockScreenHQ.ZipLoader( 3496): getXMLResourceParser,is=java.util.zip.ZipFile$ZipInflaterInputStream@c44d189
V/LockScreenHQ.ZipLoader( 3496): getCurrentLockTheme,parser=org.kxml2.io.KXmlParser@a1b258e
V/LockScreenHQ.ZipLoader( 3496): getCurrentLockTheme,tagName=Lockscreen
V/LockScreenHQ.ZipLoader( 3496): getCurrentLockTheme,lockType=allure
V/FineOSUtilities( 3496): mLockType: allure,isKeyguardSecure():false
V/Mms     ( 5889): mnc/mcc: ,
V/Mms     ( 5889): tag: bool value: enabledMMS - true
V/Mms     ( 5889): tag: bool value: enableOMACP - false
V/Mms     ( 5889): tag: int value: maxMessageSize - 307200
V/Mms     ( 5889): tag: int value: maxImageHeight - 480
V/Mms     ( 5889): tag: int value: maxImageWidth - 640
V/Mms     ( 5889): tag: int value: defaultSMSMessagesPerThread - 1000
V/Mms     ( 5889): tag: int value: defaultMMSMessagesPerThread - 1000
V/Mms     ( 5889): tag: int value: minMessageCountPerThread - 10
V/Mms     ( 5889): tag: int value: maxMessageCountPerThread - 5000
V/Mms     ( 5889): tag: string value: uaProfUrl - http://www.google.com/oha/rdf/ua-profile-kila.xml
V/Mms     ( 5889): tag: int value: recipientLimit - -1
V/Mms     ( 5889): tag: bool value: enableMultipartSMS - true
V/Mms     ( 5889): tag: int value: smsToMmsTextThreshold - 9
V/Mms     ( 5889): tag: bool value: enableSlideDuration - true
V/Mms     ( 5889): tag: int value: maxMessageTextSize - -1
V/Mms     ( 5889): tag: bool value: enableCreationMode - false
I/ContactPhotoManager( 5889): Cache adj: 1.0
E/ContactPhotoManager( 5889): No contact photo service in context: com.android.mms.MmsApp@322fbcd8
W/Atfwd_Sendcmd(  352): AtCmdFwd service not published, waiting... retryCnt : 3
W/art     ( 5679): Suspending all threads took: 8.278ms
D/wpa_supplicant( 3627): wlan0: Control interface command 'SIGNAL_POLL'
D/ConnectivityManager( 5889): getMobileDataEnabled()+ subId=2147483643
D/PhoneInterfaceManager( 4022): [PhoneIntfMgr] getDataEnabled: subId=2147483643 phoneId=0
D/PhoneInterfaceManager( 4022): [PhoneIntfMgr] getDataEnabled: subId=2147483643 retVal=false
D/ConnectivityManager( 5889): getMobileDataEnabled()- subId=2147483643 retVal=false
D/MmsSmsDatabaseHelper( 4022): [MmsSmsDb] tableName: threads hasAutoIncrement: CREATE TABLE threads (_id INTEGER PRIMARY KEY AUTOINCREMENT,date INTEGER DEFAULT 0,message_count INTEGER DEFAULT 0,recipient_ids TEXT,snippet TEXT,snippet_cs INTEGER DEFAULT 0,read INTEGER DEFAULT 1,archived INTEGER DEFAULT 0,type INTEGER DEFAULT 0,error INTEGER DEFAULT 0,has_attachment INTEGER DEFAULT 0,top INTEGER DEFAULT 0,top_time INTEGER DEFAULT 0,is_group_chat INTEGER DEFAULT 0) result: true
D/MmsSmsDatabaseHelper( 4022): [MmsSmsDb] tableName: canonical_addresses hasAutoIncrement: CREATE TABLE canonical_addresses (_id INTEGER PRIMARY KEY AUTOINCREMENT,address TEXT) result: true
D/MmsSmsDatabaseHelper( 4022): [MmsSmsDb] tableName: part hasAutoIncrement: CREATE TABLE part (_id INTEGER PRIMARY KEY AUTOINCREMENT,mid INTEGER,seq INTEGER DEFAULT 0,ct TEXT,name TEXT,chset INTEGER,cd TEXT,fn TEXT,cid TEXT,cl TEXT,ctt_s INTEGER,ctt_t TEXT,_data TEXT,text TEXT) result: true
D/MmsSmsDatabaseHelper( 4022): [MmsSmsDb] tableName: pdu hasAutoIncrement: CREATE TABLE pdu (_id INTEGER PRIMARY KEY AUTOINCREMENT,thread_id INTEGER,date INTEGER,date_sent INTEGER DEFAULT 0,msg_box INTEGER,read INTEGER DEFAULT 0,m_id TEXT,sub TEXT,sub_cs INTEGER,ct_t TEXT,ct_l TEXT,exp INTEGER,m_cls TEXT,m_type INTEGER,v INTEGER,m_size INTEGER,pri INTEGER,rr INTEGER,rpt_a INTEGER,resp_st INTEGER,st INTEGER,tr_id TEXT,retr_st INTEGER,retr_txt TEXT,retr_txt_cs INTEGER,read_status INTEGER,ct_cls INTEGER,resp_txt TEXT,d_tm INTEGER,d_rpt INTEGER,locked INTEGER DEFAULT 0,sub_id INTEGER DEFAULT -1, phone_id INTEGER DEFAULT -1, seen INTEGER DEFAULT 0,creator TEXT,favourite INTEGER DEFAULT 0,text_only INTEGER DEFAULT 0) result: true
D/MmsSmsDatabaseHelper( 4022): [getWritableDatabase] hasAutoIncrementThreads: true hasAutoIncrementAddresses: true hasAutoIncrementPart: true hasAutoIncrementPdu: true
D/Mms     ( 5889): Cursor= >>>>> Dumping cursor android.content.ContentResolver$CursorWrapperInner@93d4ef0
D/Mms     ( 5889): <<<<<
I/CheckinService( 5100): Disabling old GoogleServicesFramework version
D/GCM     ( 4373): COMPAT: Multi user not supported
I/SurfaceFlinger(  259): FPS: 45
I/iu.Environment( 5100): update battery state; isPlugged? true*
I/CheckinService( 5100): Checking schedule, now: 772875 next: 30000
I/CheckinService( 5100): active receiver: enabled
I/CheckinService( 5100): Preparing to send checkin request
I/EventLogService( 5100): Accumulating logs since 52550
D/NetworkLogImpl( 5100): Loaded NetworkSpeedPredictor
I/iu.Environment( 5100): update connectivity state; isNetworkMetered? false, isRoaming? false, isBackgroundDataAllowed? true*
I/iu.Environment( 5100): update connectivity state; isNetworkMetered? false, isRoaming? false, isBackgroundDataAllowed? true
D/ChimeraRcvrProxy( 5100): Creating receiver proxy ComponentInfo{com.google.android.gms/com.google.android.gms.kids.chimera.SystemEventReceiverProxy}
D/ChimeraRcvrProxy( 5100): Proxying container receiver ComponentInfo{com.google.android.gms/com.google.android.gms.kids.chimera.SystemEventReceiverProxy} to Chimera receiver impl com.google.android.gms.kids.account.SystemEventReceiver
D/ChimeraCfgMgr( 5100): Loading module com.google.android.gms.kids from APK com.google.android.gms
E/GCM     ( 4373): Missing checkin config file
W/GCM     ( 4373): GCM FAILED TO INITIALIZE - missing checkin
D/ChimeraSrvcProxy( 5100): Creating service proxy ComponentInfo{com.google.android.gms/com.google.android.gms.kids.chimera.KidsApiServiceProxy}
D/ChimeraSrvcProxy( 5100): Proxying container service ComponentInfo{com.google.android.gms/com.google.android.gms.kids.chimera.KidsApiServiceProxy} to Chimera service impl com.google.android.gms.kids.common.service.KidsApiService
D/ChimeraCfgMgr( 5100): Loading module com.google.android.gms.kids from APK com.google.android.gms
E/GCM     ( 4373): Missing checkin config file
W/GCM     ( 4373): GCM FAILED TO INITIALIZE - missing checkin
I/EventLogService( 5100): Opted in for usage reporting
I/art     (  343): Explicit concurrent mark sweep GC freed 709(30KB) AllocSpace objects, 0(0B) LOS objects, 89% free, 114KB/1138KB, paused 369us total 39.639ms
D/Environment( 5965): isExternalSdcardPrimary hasSdcard = true isSwitch = false
D/NetworkMonitor/NetworkAgentInfo [WIFI () - 100](  820): ValidatedState{ when=-1ms what=532488 arg1=10018 target=com.android.internal.util.StateMachine$SmHandler }
D/NetworkMonitor/NetworkAgentInfo [WIFI () - 100](  820): DefaultState{ when=-1ms what=532488 arg1=10018 target=com.android.internal.util.StateMachine$SmHandler }
D/NetworkMonitor/NetworkAgentInfo [WIFI () - 100](  820): Forcing reevaluation
D/NetworkMonitor/NetworkAgentInfo [WIFI () - 100](  820): EvaluatingState{ when=0 what=532486 arg1=2 target=com.android.internal.util.StateMachine$SmHandler }
D/NetworkMonitor/NetworkAgentInfo [WIFI () - 100](  820): Validated
I/art     (  343): Explicit concurrent mark sweep GC freed 5(160B) AllocSpace objects, 0(0B) LOS objects, 89% free, 114KB/1138KB, paused 326us total 29.582ms
V/GLSActivity( 4373): AuthDelegateWrapperCreated with selected intent: Intent { cmp=com.google.android.gms/.auth.DefaultAuthDelegateService }
I/art     (  343): Explicit concurrent mark sweep GC freed 5(160B) AllocSpace objects, 0(0B) LOS objects, 89% free, 114KB/1138KB, paused 310us total 24.564ms
V/GLSActivity( 4373): AuthDelegateWrapperCreated with selected intent: Intent { cmp=com.google.android.gms/.auth.DefaultAuthDelegateService }
V/GLSActivity( 4373): AuthDelegateWrapperCreated with selected intent: Intent { cmp=com.google.android.gms/.auth.DefaultAuthDelegateService }
I/GoogleURLConnFactory( 5100): Using platform SSLCertificateSocketFactory
I/CheckinRequestBuilder( 5100): Checkin reason type: 12 attempt count: 1
I/art     ( 5100): Background sticky concurrent mark sweep GC freed 1408(136KB) AllocSpace objects, 3(48KB) LOS objects, 9% free, 2MB/2MB, paused 5.568ms total 33.972ms
D/Environment( 5990): isExternalSdcardPrimary hasSdcard = true isSwitch = false
I/SurfaceFlinger(  259): FPS: 60
I/ThermalEngine(  337): TM Id 'CPU_MONITOR' Sensor 'pop_mem' - alarm cleared 1 at 57.0 degC
I/ThermalEngine(  337): Mitigation:CPU[0]:1094400 Khz
I/ThermalEngine(  337): Mitigation:CPU[1]:1094400 Khz
I/ThermalEngine(  337): Mitigation:CPU[2]:1094400 Khz
I/ThermalEngine(  337): Mitigation:CPU[3]:1094400 Khz
W/FineHome_Launcher( 4042): Launcher.onPause 
I/Adreno-EGL(  820): <qeglDrvAPI_eglInitialize:379>: EGL 1.4 QUALCOMM build: AU_LINUX_ANDROID_LA.BR.1.2.3_RB1.05.01.00.036.053_msm8909_LA.BR.1.2.3_RB1__release_AU (Iac7c2e2837)
I/Adreno-EGL(  820): OpenGL ES Shader Compiler Version: E031.25.03.04
I/Adreno-EGL(  820): Build Date: 07/14/15 Tue
I/Adreno-EGL(  820): Local Branch: mybranch11953541
I/Adreno-EGL(  820): Remote Branch: quic/LA.BR.1.2.3_rb1.65
I/Adreno-EGL(  820): Local Patches: NONE
I/Adreno-EGL(  820): Reconstruct Branch: AU_LINUX_ANDROID_LA.BR.1.2.3_RB1.05.01.00.036.053 + 7c4888a + 22ca218 + 855d166 + 95575a0 + 4193eef + 64d916f + 88f4cbe + c272012 +  NOTHING
D/Sensors (  820): activate called handle:1 enable:0
D/Sensors (  820): bma2x2-accel calling driver disable
E/Sensors (  820): acc_avg read error
E/Sensors (  820): read acc_avg error
D/PermissionCache(  259): checking android.permission.READ_FRAME_BUFFER for uid=1000 => granted (1443 us)
E/WifiStateMachine(  820): cancelDelayedScan -> 7
D/wpa_supplicant( 3627): wlan0: Control interface command 'SIGNAL_POLL'
V/SRS_Proc(  317): ParamSet string: screen_state=on
D/audio_hw_primary(  317): adev_set_parameters: enter: screen_state=on
D/audio_hw_extn(  317): audio_extn_set_anc_parameters: anc_enabled:0
E/audio_a2dp_hw(  317): adev_set_parameters: ERROR: set param called even when stream out is null
V/PanelView( 3496): isKeyguardShowing:true
V/LockScreenHQ.ZipLoader( 3496): getConfigXmlInputStream,xmlfilename=customlock.xml
V/LockScreenHQ.ZipLoader( 3496): getConfigXmlInputStream,zipFile=java.util.zip.ZipFile@2cd471af,zipEntry=customlock.xml
E/native  (  820): do suspend false
V/LockScreenHQ.ZipLoader( 3496): getXMLResourceParser,is=java.util.zip.ZipFile$ZipInflaterInputStream@2d71e9bc
D/wpa_supplicant( 3627): wlan0: Control interface command 'DRIVER SETSUSPENDMODE 0'
V/LockScreenHQ.ZipLoader( 3496): getCurrentLockTheme,parser=org.kxml2.io.KXmlParser@121ffd45
V/LockScreenHQ.ZipLoader( 3496): getCurrentLockTheme,tagName=Lockscreen
V/LockScreenHQ.ZipLoader( 3496): getCurrentLockTheme,lockType=allure
D/wpa_supplicant( 3627): wpa_driver_nl80211_driver_cmd SETSUSPENDMODE 0 len = 0, 4096
D/wpa_supplicant( 3627): wlan0: Control interface command 'BLACKLIST clear'
E/CheckinRequestBuilder( 5100): TelephonyManager.getDeviceId() must return a 15-decimal-digit IMEI, a 14-hex-digit MEID or an 8-hex-digit ESN 
V/FineOSUtilities( 3496): mLockType: allure,isKeyguardSecure():false
V/PanelView( 3496): updateQsState(),mKeyguardShowing = true, keyguard = com.fineos.keyguard.KeyguardHostViewHQ{2a630c0f V.E..... ........ 0,0-480,854} ,mQsExpanded :false,mQsFullyExpandedfalse
V/PanelView( 3496): mQsFullyExpanded :false
V/PanelView( 3496): mStackScrollerOverscrolling :false,mKeyguardShowing:true,mQsExpanded:false,mStatusBarState:1
V/LockScreenHQ.ZipLoader( 3496): getConfigXmlInputStream,xmlfilename=customlock.xml
V/LockScreenHQ.ZipLoader( 3496): getConfigXmlInputStream,zipFile=java.util.zip.ZipFile@1f280c9a,zipEntry=customlock.xml
V/LockScreenHQ.ZipLoader( 3496): getXMLResourceParser,is=java.util.zip.ZipFile$ZipInflaterInputStream@110079cb
V/LockScreenHQ.ZipLoader( 3496): getCurrentLockTheme,parser=org.kxml2.io.KXmlParser@2051e5a8
V/LockScreenHQ.ZipLoader( 3496): getCurrentLockTheme,tagName=Lockscreen
V/LockScreenHQ.ZipLoader( 3496): getCurrentLockTheme,lockType=allure
V/FineOSUtilities( 3496): mLockType: allure,isKeyguardSecure():false
V/PanelView( 3496): isKeyguardShowing:true
V/LockScreenHQ.ZipLoader( 3496): getConfigXmlInputStream,xmlfilename=customlock.xml
V/LockScreenHQ.ZipLoader( 3496): getConfigXmlInputStream,zipFile=java.util.zip.ZipFile@3ec828c1,zipEntry=customlock.xml
V/LockScreenHQ.ZipLoader( 3496): getXMLResourceParser,is=java.util.zip.ZipFile$ZipInflaterInputStream@3dea5866
V/LockScreenHQ.ZipLoader( 3496): getCurrentLockTheme,parser=org.kxml2.io.KXmlParser@89ae7a7
V/LockScreenHQ.ZipLoader( 3496): getCurrentLockTheme,tagName=Lockscreen
V/LockScreenHQ.ZipLoader( 3496): getCurrentLockTheme,lockType=allure
V/FineOSUtilities( 3496): mLockType: allure,isKeyguardSecure():false
V/PanelView( 3496): updateQsState(),mKeyguardShowing = true, keyguard = com.fineos.keyguard.KeyguardHostViewHQ{2a630c0f V.E..... ........ 0,0-480,854} ,mQsExpanded :false,mQsFullyExpandedfalse
V/PanelView( 3496): mQsFullyExpanded :false
V/PanelView( 3496): mStackScrollerOverscrolling :false,mKeyguardShowing:true,mQsExpanded:false,mStatusBarState:1
V/LockScreenHQ.ZipLoader( 3496): getConfigXmlInputStream,xmlfilename=customlock.xml
V/LockScreenHQ.ZipLoader( 3496): getConfigXmlInputStream,zipFile=java.util.zip.ZipFile@2eb3b454,zipEntry=customlock.xml
V/LockScreenHQ.ZipLoader( 3496): getXMLResourceParser,is=java.util.zip.ZipFile$ZipInflaterInputStream@306d8ffd
V/LockScreenHQ.ZipLoader( 3496): getCurrentLockTheme,parser=org.kxml2.io.KXmlParser@1b3394f2
V/LockScreenHQ.ZipLoader( 3496): getCurrentLockTheme,tagName=Lockscreen
V/LockScreenHQ.ZipLoader( 3496): getCurrentLockTheme,lockType=allure
V/FineOSUtilities( 3496): mLockType: allure,isKeyguardSecure():false
V/LockScreenHQ.ZipLoader( 3496): getConfigXmlInputStream,xmlfilename=customlock.xml
V/LockScreenHQ.ZipLoader( 3496): getConfigXmlInputStream,zipFile=java.util.zip.ZipFile@31845743,zipEntry=customlock.xml
V/LockScreenHQ.ZipLoader( 3496): getXMLResourceParser,is=java.util.zip.ZipFile$ZipInflaterInputStream@28c1c1c0
V/LockScreenHQ.ZipLoader( 3496): getCurrentLockTheme,parser=org.kxml2.io.KXmlParser@3e082ef9
V/LockScreenHQ.ZipLoader( 3496): getCurrentLockTheme,tagName=Lockscreen
V/LockScreenHQ.ZipLoader( 3496): getCurrentLockTheme,lockType=allure
V/FineOSUtilities( 3496): mLockType: allure,isKeyguardSecure():false
V/LockScreenHQ.ZipLoader( 3496): getConfigXmlInputStream,xmlfilename=customlock.xml
V/LockScreenHQ.ZipLoader( 3496): getConfigXmlInputStream,zipFile=java.util.zip.ZipFile@35620e3e,zipEntry=customlock.xml
V/LockScreenHQ.ZipLoader( 3496): getXMLResourceParser,is=java.util.zip.ZipFile$ZipInflaterInputStream@1d0b249f
V/LockScreenHQ.ZipLoader( 3496): getCurrentLockTheme,parser=org.kxml2.io.KXmlParser@34e139ec
V/LockScreenHQ.ZipLoader( 3496): getCurrentLockTheme,tagName=Lockscreen
V/LockScreenHQ.ZipLoader( 3496): getCurrentLockTheme,lockType=allure
V/FineOSUtilities( 3496): mLockType: allure,isKeyguardSecure():false
V/LockScreenHQ.ZipLoader( 3496): getConfigXmlInputStream,xmlfilename=customlock.xml
V/LockScreenHQ.ZipLoader( 3496): getConfigXmlInputStream,zipFile=java.util.zip.ZipFile@1c13c1b5,zipEntry=customlock.xml
V/LockScreenHQ.ZipLoader( 3496): getXMLResourceParser,is=java.util.zip.ZipFile$ZipInflaterInputStream@6cd04a
V/LockScreenHQ.ZipLoader( 3496): getCurrentLockTheme,parser=org.kxml2.io.KXmlParser@39076bbb
V/LockScreenHQ.ZipLoader( 3496): getCurrentLockTheme,tagName=Lockscreen
V/LockScreenHQ.ZipLoader( 3496): getCurrentLockTheme,lockType=allure
V/FineOSUtilities( 3496): mLockType: allure,isKeyguardSecure():false
V/PhoneStatusBar( 3496): hasArtWork :false,mState:1
V/PhoneStatusBar( 3496): setBackground,mFileLoader=com.fineos.keyguard.FileLoader@299d3c0a,mHolder: com.android.systemui.statusbar.phone.PanelHolder{19f9cc7b V.E..... ......ID 0,0-480,854 #7f10012a app:id/msim_panel_holder}
V/FileLoader( 3496): loadDrawable,is=null
V/FileLoader( 3496): loadDrawable,is=java.io.FileInputStream@189e08d8
V/FileLoader( 3496): setLockWallpaperFromTheme,bgdrawable=android.graphics.drawable.BitmapDrawable@110bc431,view=com.android.systemui.statusbar.phone.PanelHolder{19f9cc7b V.E..... ......ID 0,0-480,854 #7f10012a app:id/msim_panel_holder}
V/LockScreenHQ.ZipLoader( 3496): getConfigXmlInputStream,xmlfilename=customlock.xml
V/LockScreenHQ.ZipLoader( 3496): getConfigXmlInputStream,zipFile=java.util.zip.ZipFile@6afa716,zipEntry=customlock.xml
V/LockScreenHQ.ZipLoader( 3496): getXMLResourceParser,is=java.util.zip.ZipFile$ZipInflaterInputStream@2eb70897
V/LockScreenHQ.ZipLoader( 3496): getCurrentLockTheme,parser=org.kxml2.io.KXmlParser@2456da84
V/LockScreenHQ.ZipLoader( 3496): getCurrentLockTheme,tagName=Lockscreen
V/LockScreenHQ.ZipLoader( 3496): getCurrentLockTheme,lockType=allure
V/FineOSUtilities( 3496): mLockType: allure,isKeyguardSecure():false
D/PhoneStatusBar( 3496): disable: < expand ICONS alerts SYSTEM_INFO back HOME RECENT clock SEARCH >
V/LockScreenHQ.ZipLoader( 3496): getConfigXmlInputStream,xmlfilename=customlock.xml
V/LockScreenHQ.ZipLoader( 3496): getConfigXmlInputStream,zipFile=java.util.zip.ZipFile@a771ea2,zipEntry=customlock.xml
V/LockScreenHQ.ZipLoader( 3496): getXMLResourceParser,is=java.util.zip.ZipFile$ZipInflaterInputStream@13599733
V/LockScreenHQ.ZipLoader( 3496): getCurrentLockTheme,parser=org.kxml2.io.KXmlParser@2da91af0
V/LockScreenHQ.ZipLoader( 3496): getCurrentLockTheme,tagName=Lockscreen
V/LockScreenHQ.ZipLoader( 3496): getCurrentLockTheme,lockType=allure
V/FineOSUtilities( 3496): mLockType: allure,isKeyguardSecure():false
V/KeyguardBouncerHQ( 3496): ensureView,mRoot= android.widget.FrameLayout{3cd5c869 I.E..... ......I. 0,0-480,854}
D/GpsLocationProvider(  820): receive broadcast intent, action: android.intent.action.SCREEN_ON
D/Ulp_jni (  820): JNI:system_update. Event-0
E/LocSvc_libulp(  820): W/Loc HAL handshake did not happen yet...
D/SurfaceFlinger(  259): Set power mode=0, type=0 flinger=0xb73305f8
D/qdhwcomposer(  259): hwc_setPowerMode: Setting mode 0 on display: 0
D/Environment( 6014): isExternalSdcardPrimary hasSdcard = true isSwitch = false
E/qdutils (  259): int qdutils::getHDMINode(): Failed to open fb node 1
E/qdutils (  259): int qdutils::getHDMINode(): Failed to open fb node 2
E/qdutils (  259): int qdutils::getHDMINode(): Failed to find HDMI node
E/WifiStateMachine(  820): WifiStateMachine CMD_START_SCAN source -2 txSuccessRate=22.90 rxSuccessRate=41.16 targetRoamBSSID=any RSSI=-62
I/MultiDex( 6014): VM with version 2.1.0 has multidex support
I/MultiDex( 6014): install
I/MultiDex( 6014): VM has multidex support, MultiDex support library is disabled.
I/android-setting( 5990): NetWorkReceiver.onReceive(L:33)   NetworkReceiver onReceive + isNet true isWifi: true
I/android-setting( 5990): NetWorkReceiver.onReceive(L:38)   NetworkReceiver onReceive mountKey: 0 restKey: 0 silentKey: 0
V/NetWorkReceiver( 5990): NetworkReceiver onReceive switchFlag:false
V/SRS_Proc(  317): ParamSet string: screen_state=off
D/audio_hw_primary(  317): adev_set_parameters: enter: screen_state=off
D/audio_hw_extn(  317): audio_extn_set_anc_parameters: anc_enabled:0
E/audio_a2dp_hw(  317): adev_set_parameters: ERROR: set param called even when stream out is null
E/WifiStateMachine(  820): cancelDelayedScan -> 10
I/ProviderInstaller( 6014): Insert disabled by gate 'gms:security:enable_conscrypt_in_gms_application'
E/native  (  820): do suspend true
D/wpa_supplicant( 3627): wlan0: Control interface command 'DRIVER SETSUSPENDMODE 1'
I/qdhwcomposer(  259): handle_blank_event: dpy:0 panel power state: 0
E/qdutils (  259): int qdutils::getHDMINode(): Failed to open fb node 1
E/qdutils (  259): int qdutils::getHDMINode(): Failed to open fb node 2
E/qdutils (  259): int qdutils::getHDMINode(): Failed to find HDMI node
D/qdhwcomposer(  259): hwc_setPowerMode: Done setting mode 0 on display 0
D/SurfaceControl(  820): Excessive delay in setPowerMode(): 253ms
I/QCOM PowerHAL(  820): Got set_interactive hint
E/qdutils (  259): int qdutils::getHDMINode(): Failed to open fb node 1
E/qdutils (  259): int qdutils::getHDMINode(): Failed to open fb node 2
E/qdutils (  259): int qdutils::getHDMINode(): Failed to find HDMI node
D/GpsLocationProvider(  820): receive broadcast intent, action: android.intent.action.SCREEN_OFF
E/PhoneInterfaceManager( 4022): [PhoneIntfMgr] getIccId: ICC ID is null or empty.
D/wpa_supplicant( 3627): wpa_driver_nl80211_driver_cmd SETSUSPENDMODE 1 len = 0, 4096
I/System.out( 5990): {"operator":"","androidid":"439107ce03cffa46","sdkVersion":"22","imei":"0","brand":"TP-LINK","lineNumber":"null","serial":"fe5cc8da","channel":"moppo","pkg":"com.fineos.flashlight","operatorName":"","installAPK":"false","product":"TP601A","model":"TP601A"}
I/android-setting( 5990): FontUtils$CoreAsyncTask.doInBackground(L:998)   FontUtils CheckAsyncTask doInBackground url http://t.app21.cn:7010/sreg?p=O4d3y9O1w0v7dcIeYmtcre7NMmF8PfhMNtpz6_M1Jmpb1mkMvrnBbJjOkp1a_xXtMvf9ypzAXhps0gkMduRGnL8542HIcRAl6jpV7EkBR-RA-1nFunqxwRjHHxKly8aNmL5_HxUKmoGPDybu_YgWUsAHUIRn-lIOJP9vi9eNlvsjkrQ-ByRWS_lZo3UnZYk5t6QN290mDYJOFGoI4x2gHMrRlfI1DlIRdczPaPCU9fDSF2DNdYlHOevOQtm1RjBgCPHL0miNMAqsgIl3Hzms_1AEFK6A3ZpxS8lHDGGeZvufHFFrpS49XcmohCwKsWAlXD_Vh1TEzoNbmqp6lRP86NjbAOLs5rERrhrvSZr9
D/Environment( 6075): isExternalSdcardPrimary hasSdcard = true isSwitch = false
W/System.err( 5990): org.apache.http.conn.HttpHostConnectException: Connection to http://t.app21.cn:7010 refused
W/System.err( 5990): 	at org.apache.http.impl.conn.DefaultClientConnectionOperator.openConnection(DefaultClientConnectionOperator.java:188)
W/System.err( 5990): 	at org.apache.http.impl.conn.AbstractPoolEntry.open(AbstractPoolEntry.java:169)
W/System.err( 5990): 	at org.apache.http.impl.conn.AbstractPooledConnAdapter.open(AbstractPooledConnAdapter.java:124)
W/System.err( 5990): 	at org.apache.http.impl.client.DefaultRequestDirector.execute(DefaultRequestDirector.java:365)
W/System.err( 5990): 	at org.apache.http.impl.client.AbstractHttpClient.execute(AbstractHttpClient.java:560)
W/System.err( 5990): 	at org.apache.http.impl.client.AbstractHttpClient.execute(AbstractHttpClient.java:492)
W/System.err( 5990): 	at org.apache.http.impl.client.AbstractHttpClient.execute(AbstractHttpClient.java:470)
W/System.err( 5990): 	at com.fineos.core.FontUtils$CoreAsyncTask.doInBackground(FontUtils.java:999)
W/System.err( 5990): 	at com.fineos.core.FontUtils$CoreAsyncTask.doInBackground(FontUtils.java:1)
W/System.err( 5990): 	at android.os.AsyncTask$2.call(AsyncTask.java:292)
W/System.err( 5990): 	at java.util.concurrent.FutureTask.run(FutureTask.java:237)
W/System.err( 5990): 	at android.os.AsyncTask$SerialExecutor$1.run(AsyncTask.java:231)
W/System.err( 5990): 	at java.util.concurrent.ThreadPoolExecutor.runWorker(ThreadPoolExecutor.java:1112)
W/System.err( 5990): 	at java.util.concurrent.ThreadPoolExecutor$Worker.run(ThreadPoolExecutor.java:587)
W/System.err( 5990): 	at java.lang.Thread.run(Thread.java:818)
W/System.err( 5990): Caused by: java.net.ConnectException: failed to connect to /222.73.42.186 (port 7010) after 30000ms: isConnected failed: ECONNREFUSED (Connection refused)
